Archive member included to satisfy reference by file (symbol)

c:/program files (x86)/atmel/studio/7.0/toolchain/arm/arm-gnu-toolchain/bin/../lib/gcc/arm-none-eabi/5.3.1/armv6-m\libgcc.a(_udivsi3.o)
                              src/ASF/common2/services/delay/sam0/systick_counter.o (__aeabi_uidiv)
c:/program files (x86)/atmel/studio/7.0/toolchain/arm/arm-gnu-toolchain/bin/../lib/gcc/arm-none-eabi/5.3.1/armv6-m\libgcc.a(_dvmd_tls.o)
                              c:/program files (x86)/atmel/studio/7.0/toolchain/arm/arm-gnu-toolchain/bin/../lib/gcc/arm-none-eabi/5.3.1/armv6-m\libgcc.a(_udivsi3.o) (__aeabi_idiv0)
c:/program files (x86)/atmel/studio/7.0/toolchain/arm/arm-gnu-toolchain/bin/../lib/gcc/arm-none-eabi/5.3.1/armv6-m\libgcc.a(_muldi3.o)
                              src/ASF/sam0/drivers/sercom/sercom.o (__aeabi_lmul)
c:/program files (x86)/atmel/studio/7.0/toolchain/arm/arm-gnu-toolchain/bin/../lib/gcc/arm-none-eabi/5.3.1/../../../../arm-none-eabi/lib/armv6-m\libc_nano.a(lib_a-exit.o)
                              c:/program files (x86)/atmel/studio/7.0/toolchain/arm/arm-gnu-toolchain/bin/../lib/gcc/arm-none-eabi/5.3.1/../../../../arm-none-eabi/lib/armv6-m/crt0.o (exit)
c:/program files (x86)/atmel/studio/7.0/toolchain/arm/arm-gnu-toolchain/bin/../lib/gcc/arm-none-eabi/5.3.1/../../../../arm-none-eabi/lib/armv6-m\libc_nano.a(lib_a-impure.o)
                              c:/program files (x86)/atmel/studio/7.0/toolchain/arm/arm-gnu-toolchain/bin/../lib/gcc/arm-none-eabi/5.3.1/../../../../arm-none-eabi/lib/armv6-m\libc_nano.a(lib_a-exit.o) (_global_impure_ptr)
c:/program files (x86)/atmel/studio/7.0/toolchain/arm/arm-gnu-toolchain/bin/../lib/gcc/arm-none-eabi/5.3.1/../../../../arm-none-eabi/lib/armv6-m\libc_nano.a(lib_a-init.o)
                              c:/program files (x86)/atmel/studio/7.0/toolchain/arm/arm-gnu-toolchain/bin/../lib/gcc/arm-none-eabi/5.3.1/../../../../arm-none-eabi/lib/armv6-m/crt0.o (__libc_init_array)
c:/program files (x86)/atmel/studio/7.0/toolchain/arm/arm-gnu-toolchain/bin/../lib/gcc/arm-none-eabi/5.3.1/../../../../arm-none-eabi/lib/armv6-m\libc_nano.a(lib_a-memcpy-stub.o)
                              src/ASF/sam0/drivers/sercom/sercom_interrupt.o (memcpy)
c:/program files (x86)/atmel/studio/7.0/toolchain/arm/arm-gnu-toolchain/bin/../lib/gcc/arm-none-eabi/5.3.1/../../../../arm-none-eabi/lib/armv6-m\libc_nano.a(lib_a-memset.o)
                              c:/program files (x86)/atmel/studio/7.0/toolchain/arm/arm-gnu-toolchain/bin/../lib/gcc/arm-none-eabi/5.3.1/../../../../arm-none-eabi/lib/armv6-m/crt0.o (memset)
c:/program files (x86)/atmel/studio/7.0/toolchain/arm/arm-gnu-toolchain/bin/../lib/gcc/arm-none-eabi/5.3.1/../../../../arm-none-eabi/lib/armv6-m\libc_nano.a(lib_a-puts.o)
                              src/main.o (puts)
c:/program files (x86)/atmel/studio/7.0/toolchain/arm/arm-gnu-toolchain/bin/../lib/gcc/arm-none-eabi/5.3.1/../../../../arm-none-eabi/lib/armv6-m\libc_nano.a(lib_a-setbuf.o)
                              src/TheArtist.o (setbuf)
c:/program files (x86)/atmel/studio/7.0/toolchain/arm/arm-gnu-toolchain/bin/../lib/gcc/arm-none-eabi/5.3.1/../../../../arm-none-eabi/lib/armv6-m\libc_nano.a(lib_a-setvbuf.o)
                              c:/program files (x86)/atmel/studio/7.0/toolchain/arm/arm-gnu-toolchain/bin/../lib/gcc/arm-none-eabi/5.3.1/../../../../arm-none-eabi/lib/armv6-m\libc_nano.a(lib_a-setbuf.o) (setvbuf)
c:/program files (x86)/atmel/studio/7.0/toolchain/arm/arm-gnu-toolchain/bin/../lib/gcc/arm-none-eabi/5.3.1/../../../../arm-none-eabi/lib/armv6-m\libc_nano.a(lib_a-wbuf.o)
                              c:/program files (x86)/atmel/studio/7.0/toolchain/arm/arm-gnu-toolchain/bin/../lib/gcc/arm-none-eabi/5.3.1/../../../../arm-none-eabi/lib/armv6-m\libc_nano.a(lib_a-puts.o) (__swbuf_r)
c:/program files (x86)/atmel/studio/7.0/toolchain/arm/arm-gnu-toolchain/bin/../lib/gcc/arm-none-eabi/5.3.1/../../../../arm-none-eabi/lib/armv6-m\libc_nano.a(lib_a-wsetup.o)
                              c:/program files (x86)/atmel/studio/7.0/toolchain/arm/arm-gnu-toolchain/bin/../lib/gcc/arm-none-eabi/5.3.1/../../../../arm-none-eabi/lib/armv6-m\libc_nano.a(lib_a-puts.o) (__swsetup_r)
c:/program files (x86)/atmel/studio/7.0/toolchain/arm/arm-gnu-toolchain/bin/../lib/gcc/arm-none-eabi/5.3.1/../../../../arm-none-eabi/lib/armv6-m\libc_nano.a(lib_a-fflush.o)
                              c:/program files (x86)/atmel/studio/7.0/toolchain/arm/arm-gnu-toolchain/bin/../lib/gcc/arm-none-eabi/5.3.1/../../../../arm-none-eabi/lib/armv6-m\libc_nano.a(lib_a-setvbuf.o) (_fflush_r)
c:/program files (x86)/atmel/studio/7.0/toolchain/arm/arm-gnu-toolchain/bin/../lib/gcc/arm-none-eabi/5.3.1/../../../../arm-none-eabi/lib/armv6-m\libc_nano.a(lib_a-findfp.o)
                              c:/program files (x86)/atmel/studio/7.0/toolchain/arm/arm-gnu-toolchain/bin/../lib/gcc/arm-none-eabi/5.3.1/../../../../arm-none-eabi/lib/armv6-m\libc_nano.a(lib_a-puts.o) (__sinit)
[...]
Memory Configuration

Name             Origin             Length             Attributes
rom              0x00000000         0x00040000         xr
ram              0x20000000         0x00008000         xrw
*default*        0x00000000         0xffffffff

Linker script and memory map

LOAD c:/program files (x86)/atmel/studio/7.0/toolchain/arm/arm-gnu-toolchain/bin/../lib/gcc/arm-none-eabi/5.3.1/armv6-m/crti.o
LOAD c:/program files (x86)/atmel/studio/7.0/toolchain/arm/arm-gnu-toolchain/bin/../lib/gcc/arm-none-eabi/5.3.1/armv6-m/crtbegin.o
LOAD c:/program files (x86)/atmel/studio/7.0/toolchain/arm/arm-gnu-toolchain/bin/../lib/gcc/arm-none-eabi/5.3.1/../../../../arm-none-eabi/lib/armv6-m/crt0.o
LOAD src/ASF/sam0/drivers/sercom/sercom.o
LOAD src/ASF/sam0/utils/stdio/read.o
LOAD src/ASF/sam0/utils/stdio/write.o
LOAD src/Motor.o
LOAD src/TheArtist.o
LOAD src/ASF/sam0/drivers/tcc/tcc.o
LOAD src/ASF/sam0/drivers/tcc/tcc_callback.o
LOAD src/ASF/sam0/drivers/sercom/usart/usart.o
LOAD src/ASF/sam0/drivers/sercom/usart/usart_interrupt.o
LOAD src/ASF/sam0/drivers/sercom/sercom_interrupt.o
LOAD src/ASF/common2/services/delay/sam0/systick_counter.o
LOAD src/ASF/common/utils/interrupt/interrupt_sam_nvic.o
LOAD src/ASF/sam0/boards/samr21_xplained_pro/board_init.o
LOAD src/ASF/sam0/drivers/port/port.o
LOAD src/ASF/sam0/drivers/system/clock/clock_samd21_r21_da_ha1/clock.o
LOAD src/ASF/sam0/drivers/system/clock/clock_samd21_r21_da_ha1/gclk.o
LOAD src/ASF/sam0/drivers/system/interrupt/system_interrupt.o
LOAD src/ASF/sam0/drivers/system/pinmux/pinmux.o
LOAD src/ASF/sam0/drivers/system/system.o
LOAD src/ASF/sam0/utils/cmsis/samr21/source/gcc/startup_samr21.o
LOAD src/ASF/sam0/utils/cmsis/samr21/source/system_samr21.o
LOAD src/ASF/sam0/utils/syscalls/gcc/syscalls.o
LOAD src/main.o
START GROUP
LOAD ../src/ASF/thirdparty/CMSIS/Lib/GCC\libarm_cortexM0l_math.a
LOAD c:/program files (x86)/atmel/studio/7.0/toolchain/arm/arm-gnu-toolchain/bin/../lib/gcc/arm-none-eabi/5.3.1/../../../../arm-none-eabi/lib/armv6-m\libm.a
END GROUP
START GROUP
LOAD c:/program files (x86)/atmel/studio/7.0/toolchain/arm/arm-gnu-toolchain/bin/../lib/gcc/arm-none-eabi/5.3.1/armv6-m\libgcc.a
LOAD c:/program files (x86)/atmel/studio/7.0/toolchain/arm/arm-gnu-toolchain/bin/../lib/gcc/arm-none-eabi/5.3.1/../../../../arm-none-eabi/lib/armv6-m\libc_nano.a
END GROUP
START GROUP
LOAD c:/program files (x86)/atmel/studio/7.0/toolchain/arm/arm-gnu-toolchain/bin/../lib/gcc/arm-none-eabi/5.3.1/armv6-m\libgcc.a
LOAD c:/program files (x86)/atmel/studio/7.0/toolchain/arm/arm-gnu-toolchain/bin/../lib/gcc/arm-none-eabi/5.3.1/../../../../arm-none-eabi/lib/armv6-m\libc_nano.a
END GROUP
LOAD c:/program files (x86)/atmel/studio/7.0/toolchain/arm/arm-gnu-toolchain/bin/../lib/gcc/arm-none-eabi/5.3.1/armv6-m/crtend.o
LOAD c:/program files (x86)/atmel/studio/7.0/toolchain/arm/arm-gnu-toolchain/bin/../lib/gcc/arm-none-eabi/5.3.1/armv6-m/crtn.o
                0x00002000                STACK_SIZE = DEFINED (STACK_SIZE)?STACK_SIZE:DEFINED (__stack_size__)?__stack_size__:0x2000

.text           0x00000000     0x2c88
                0x00000000                . = ALIGN (0x4)
                0x00000000                _sfixed = .
 *(.vectors .vectors.*)
 .vectors       0x00000000       0xb4 src/ASF/sam0/utils/cmsis/samr21/source/gcc/startup_samr21.o
                0x00000000                exception_table
 *(.text .text.* .gnu.linkonce.t.*)
 .text          0x000000b4       0x60 c:/program files (x86)/atmel/studio/7.0/toolchain/arm/arm-gnu-toolchain/bin/../lib/gcc/arm-none-eabi/5.3.1/armv6-m/crtbegin.o
 .text.long_division
                0x00000114       0xbc src/ASF/sam0/drivers/sercom/sercom.o
 .text._sercom_get_sync_baud_val
                0x000001d0       0x28 src/ASF/sam0/drivers/sercom/sercom.o
                0x000001d0                _sercom_get_sync_baud_val
 .text._sercom_get_async_baud_val
                0x000001f8       0x94 src/ASF/sam0/drivers/sercom/sercom.o
                0x000001f8                _sercom_get_async_baud_val
 .text.sercom_set_gclk_generator
                0x0000028c       0x4c src/ASF/sam0/drivers/sercom/sercom.o
                0x0000028c                sercom_set_gclk_generator
 .text._sercom_get_default_pad
                0x000002d8      0x188 src/ASF/sam0/drivers/sercom/sercom.o
                0x000002d8                _sercom_get_default_pad
 .text._sercom_get_sercom_inst_index
                0x00000460       0x3c src/ASF/sam0/drivers/sercom/sercom.o
                0x00000460                _sercom_get_sercom_inst_index
 .text._read    0x0000049c       0x40 src/ASF/sam0/utils/stdio/read.o
                0x0000049c                _read
 .text._write   0x000004dc       0x50 src/ASF/sam0/utils/stdio/write.o
                0x000004dc                _write
 .text.artist_motor_configure
                0x0000052c       0x14 src/Motor.o
                0x0000052c                artist_motor_configure
 .text.artist_motor_stop
                0x00000540       0x1c src/Motor.o
                0x00000540                artist_motor_stop
 .text.artist_motor_forward
                0x0000055c       0x1c src/Motor.o
                0x0000055c                artist_motor_forward
 .text.artist_motor_backward
                0x00000578       0x24 src/Motor.o
                0x00000578                artist_motor_backward
 .text.artist_move_motor
                0x0000059c       0x5c src/Motor.o
                0x0000059c                artist_move_motor
 .text.usart_write_callback
                0x000005f8        0x4 src/TheArtist.o
                0x000005f8                usart_write_callback
 .text.usart_read_callback
                0x000005fc       0x80 src/TheArtist.o
                0x000005fc                usart_read_callback
 .text.usart_serial_getchar
                0x0000067c       0x2c src/TheArtist.o
 .text.usart_serial_putchar
                0x000006a8       0x18 src/TheArtist.o
 .text.configure_usart_callbacks
                0x000006c0       0x2c src/TheArtist.o
                0x000006c0                configure_usart_callbacks
 .text.artist_usart_configure
                0x000006ec      0x10c src/TheArtist.o
                0x000006ec                artist_usart_configure
 .text.artist_motor_pwm_configure
                0x000007f8       0xb4 src/TheArtist.o
                0x000007f8                artist_motor_pwm_configure
 .text._tcc_get_inst_index
                0x000008ac       0x30 src/ASF/sam0/drivers/tcc/tcc.o
                0x000008ac                _tcc_get_inst_index
 .text._tcc_set_compare_value
                0x000008dc       0x74 src/ASF/sam0/drivers/tcc/tcc.o
 .text.tcc_get_config_defaults
                0x00000950      0x14c src/ASF/sam0/drivers/tcc/tcc.o
                0x00000950                tcc_get_config_defaults
 .text.tcc_init
                0x00000a9c      0x3f0 src/ASF/sam0/drivers/tcc/tcc.o
                0x00000a9c                tcc_init
 .text.tcc_set_compare_value
                0x00000e8c       0x10 src/ASF/sam0/drivers/tcc/tcc.o
                0x00000e8c                tcc_set_compare_value
 .text._tcc_interrupt_handler
                0x00000e9c       0x58 src/ASF/sam0/drivers/tcc/tcc_callback.o
                0x00000e9c                _tcc_interrupt_handler
 .text.TCC0_Handler
                0x00000ef4       0x10 src/ASF/sam0/drivers/tcc/tcc_callback.o
                0x00000ef4                TCC0_Handler
 .text.TCC1_Handler
                0x00000f04       0x10 src/ASF/sam0/drivers/tcc/tcc_callback.o
                0x00000f04                TCC1_Handler
 .text.TCC2_Handler
                0x00000f14       0x10 src/ASF/sam0/drivers/tcc/tcc_callback.o
                0x00000f14                TCC2_Handler
 .text.usart_init
                0x00000f24      0x340 src/ASF/sam0/drivers/sercom/usart/usart.o
                0x00000f24                usart_init
 .text.usart_write_wait
                0x00001264       0x2c src/ASF/sam0/drivers/sercom/usart/usart.o
                0x00001264                usart_write_wait
 .text.usart_read_wait
                0x00001290       0x70 src/ASF/sam0/drivers/sercom/usart/usart.o
                0x00001290                usart_read_wait
 .text._usart_read_buffer
                0x00001300       0x50 src/ASF/sam0/drivers/sercom/usart/usart_interrupt.o
                0x00001300                _usart_read_buffer
 .text.usart_register_callback
                0x00001350       0x18 src/ASF/sam0/drivers/sercom/usart/usart_interrupt.o
                0x00001350                usart_register_callback
 .text.usart_read_buffer_job
                0x00001368       0x20 src/ASF/sam0/drivers/sercom/usart/usart_interrupt.o
                0x00001368                usart_read_buffer_job
 .text._usart_interrupt_handler
                0x00001388      0x18c src/ASF/sam0/drivers/sercom/usart/usart_interrupt.o
                0x00001388                _usart_interrupt_handler
 .text._sercom_default_handler
                0x00001514        0x4 src/ASF/sam0/drivers/sercom/sercom_interrupt.o
 .text._sercom_set_handler
                0x00001518       0x3c src/ASF/sam0/drivers/sercom/sercom_interrupt.o
                0x00001518                _sercom_set_handler
 .text._sercom_get_interrupt_vector
                0x00001554       0x2c src/ASF/sam0/drivers/sercom/sercom_interrupt.o
                0x00001554                _sercom_get_interrupt_vector
 .text.SERCOM0_Handler
                0x00001580       0x10 src/ASF/sam0/drivers/sercom/sercom_interrupt.o
                0x00001580                SERCOM0_Handler
 .text.SERCOM1_Handler
                0x00001590       0x10 src/ASF/sam0/drivers/sercom/sercom_interrupt.o
                0x00001590                SERCOM1_Handler
 .text.SERCOM2_Handler
                0x000015a0       0x10 src/ASF/sam0/drivers/sercom/sercom_interrupt.o
                0x000015a0                SERCOM2_Handler
 .text.SERCOM3_Handler
                0x000015b0       0x10 src/ASF/sam0/drivers/sercom/sercom_interrupt.o
                0x000015b0                SERCOM3_Handler
 .text.SERCOM4_Handler
                0x000015c0       0x10 src/ASF/sam0/drivers/sercom/sercom_interrupt.o
                0x000015c0                SERCOM4_Handler
 .text.SERCOM5_Handler
                0x000015d0       0x10 src/ASF/sam0/drivers/sercom/sercom_interrupt.o
                0x000015d0                SERCOM5_Handler
 .text.delay_init
                0x000015e0       0x40 src/ASF/common2/services/delay/sam0/systick_counter.o
                0x000015e0                delay_init
 .text.delay_cycles_ms
                0x00001620       0x2c src/ASF/common2/services/delay/sam0/systick_counter.o
                0x00001620                delay_cycles_ms
 .text.cpu_irq_enter_critical
                0x0000164c       0x40 src/ASF/common/utils/interrupt/interrupt_sam_nvic.o
                0x0000164c                cpu_irq_enter_critical
 .text.cpu_irq_leave_critical
                0x0000168c       0x30 src/ASF/common/utils/interrupt/interrupt_sam_nvic.o
                0x0000168c                cpu_irq_leave_critical
 .text.system_board_init
                0x000016bc       0x38 src/ASF/sam0/boards/samr21_xplained_pro/board_init.o
                0x000016bc                board_init
                0x000016bc                system_board_init
 .text.port_pin_set_config
                0x000016f4       0x24 src/ASF/sam0/drivers/port/port.o
                0x000016f4                port_pin_set_config
 .text.system_clock_source_get_hz
                0x00001718       0x90 src/ASF/sam0/drivers/system/clock/clock_samd21_r21_da_ha1/clock.o
                0x00001718                system_clock_source_get_hz
 .text.system_clock_source_osc8m_set_config
                0x000017a8       0x3c src/ASF/sam0/drivers/system/clock/clock_samd21_r21_da_ha1/clock.o
                0x000017a8                system_clock_source_osc8m_set_config
 .text.system_clock_source_enable
                0x000017e4       0xa8 src/ASF/sam0/drivers/system/clock/clock_samd21_r21_da_ha1/clock.o
                0x000017e4                system_clock_source_enable
 .text.system_clock_init
                0x0000188c       0x98 src/ASF/sam0/drivers/system/clock/clock_samd21_r21_da_ha1/clock.o
                0x0000188c                system_clock_init
 .text.system_gclk_init
                0x00001924       0x24 src/ASF/sam0/drivers/system/clock/clock_samd21_r21_da_ha1/gclk.o
                0x00001924                system_gclk_init
 .text.system_gclk_gen_set_config
                0x00001948       0xb8 src/ASF/sam0/drivers/system/clock/clock_samd21_r21_da_ha1/gclk.o
                0x00001948                system_gclk_gen_set_config
 .text.system_gclk_gen_enable
                0x00001a00       0x44 src/ASF/sam0/drivers/system/clock/clock_samd21_r21_da_ha1/gclk.o
                0x00001a00                system_gclk_gen_enable
 .text.system_gclk_gen_get_hz
                0x00001a44       0x8c src/ASF/sam0/drivers/system/clock/clock_samd21_r21_da_ha1/gclk.o
                0x00001a44                system_gclk_gen_get_hz
 .text.system_gclk_chan_enable
                0x00001ad0       0x30 src/ASF/sam0/drivers/system/clock/clock_samd21_r21_da_ha1/gclk.o
                0x00001ad0                system_gclk_chan_enable
 .text.system_gclk_chan_disable
                0x00001b00       0x5c src/ASF/sam0/drivers/system/clock/clock_samd21_r21_da_ha1/gclk.o
                0x00001b00                system_gclk_chan_disable
 .text.system_gclk_chan_set_config
                0x00001b5c       0x1c src/ASF/sam0/drivers/system/clock/clock_samd21_r21_da_ha1/gclk.o
                0x00001b5c                system_gclk_chan_set_config
 .text.system_gclk_chan_get_hz
                0x00001b78       0x34 src/ASF/sam0/drivers/system/clock/clock_samd21_r21_da_ha1/gclk.o
                0x00001b78                system_gclk_chan_get_hz
 .text._system_pinmux_config
                0x00001bac       0xa8 src/ASF/sam0/drivers/system/pinmux/pinmux.o
 .text.system_pinmux_pin_set_config
                0x00001c54       0x30 src/ASF/sam0/drivers/system/pinmux/pinmux.o
                0x00001c54                system_pinmux_pin_set_config
 .text._system_dummy_init
                0x00001c84        0x4 src/ASF/sam0/drivers/system/system.o
                0x00001c84                _system_extint_init
                0x00001c84                _system_events_init
                0x00001c84                _system_dummy_init
                0x00001c84                _system_divas_init
 .text.system_init
                0x00001c88       0x2c src/ASF/sam0/drivers/system/system.o
                0x00001c88                system_init
 .text.Dummy_Handler
                0x00001cb4        0x4 src/ASF/sam0/utils/cmsis/samr21/source/gcc/startup_samr21.o
                0x00001cb4                DMAC_Handler
                0x00001cb4                HardFault_Handler
                0x00001cb4                AC_Handler
                0x00001cb4                SysTick_Handler
                0x00001cb4                PendSV_Handler
                0x00001cb4                NMI_Handler
                0x00001cb4                ADC_Handler
                0x00001cb4                RTC_Handler
                0x00001cb4                EIC_Handler
                0x00001cb4                WDT_Handler
                0x00001cb4                TC4_Handler
                0x00001cb4                USB_Handler
                0x00001cb4                TC3_Handler
                0x00001cb4                Dummy_Handler
                0x00001cb4                PM_Handler
                0x00001cb4                SVC_Handler
                0x00001cb4                EVSYS_Handler
                0x00001cb4                NVMCTRL_Handler
                0x00001cb4                PTC_Handler
                0x00001cb4                TC5_Handler
                0x00001cb4                SYSCTRL_Handler
 .text.Reset_Handler
                0x00001cb8       0xf8 src/ASF/sam0/utils/cmsis/samr21/source/gcc/startup_samr21.o
                0x00001cb8                Reset_Handler
 .text._sbrk    0x00001db0       0x24 src/ASF/sam0/utils/syscalls/gcc/syscalls.o
                0x00001db0                _sbrk
 .text._close   0x00001dd4        0x8 src/ASF/sam0/utils/syscalls/gcc/syscalls.o
                0x00001dd4                _close
 .text._fstat   0x00001ddc        0xc src/ASF/sam0/utils/syscalls/gcc/syscalls.o
                0x00001ddc                _fstat
 .text._isatty  0x00001de8        0x4 src/ASF/sam0/utils/syscalls/gcc/syscalls.o
                0x00001de8                _isatty
 .text._lseek   0x00001dec        0x4 src/ASF/sam0/utils/syscalls/gcc/syscalls.o
                0x00001dec                _lseek
 .text.setup    0x00001df0       0x88 src/main.o
                0x00001df0                setup
 .text.loop     0x00001e78       0x10 src/main.o
                0x00001e78                loop
 .text.main     0x00001e88       0x14 src/main.o
                0x00001e88                main
 .text          0x00001e9c      0x114 c:/program files (x86)/atmel/studio/7.0/toolchain/arm/arm-gnu-toolchain/bin/../lib/gcc/arm-none-eabi/5.3.1/armv6-m\libgcc.a(_udivsi3.o)
                0x00001e9c                __aeabi_uidiv
                0x00001e9c                __udivsi3
                0x00001fa8                __aeabi_uidivmod
 .text          0x00001fb0        0x4 c:/program files (x86)/atmel/studio/7.0/toolchain/arm/arm-gnu-toolchain/bin/../lib/gcc/arm-none-eabi/5.3.1/armv6-m\libgcc.a(_dvmd_tls.o)
                0x00001fb0                __aeabi_idiv0
                0x00001fb0                __aeabi_ldiv0
 .text          0x00001fb4       0x58 c:/program files (x86)/atmel/studio/7.0/toolchain/arm/arm-gnu-toolchain/bin/../lib/gcc/arm-none-eabi/5.3.1/armv6-m\libgcc.a(_muldi3.o)
                0x00001fb4                __muldi3
                0x00001fb4                __aeabi_lmul
 .text.__libc_init_array
                0x0000200c       0x4c c:/program files (x86)/atmel/studio/7.0/toolchain/arm/arm-gnu-toolchain/bin/../lib/gcc/arm-none-eabi/5.3.1/../../../../arm-none-eabi/lib/armv6-m\libc_nano.a(lib_a-init.o)
                0x0000200c                __libc_init_array
 .text.memcpy   0x00002058       0x12 c:/program files (x86)/atmel/studio/7.0/toolchain/arm/arm-gnu-toolchain/bin/../lib/gcc/arm-none-eabi/5.3.1/../../../../arm-none-eabi/lib/armv6-m\libc_nano.a(lib_a-memcpy-stub.o)
                0x00002058                memcpy
 .text.memset   0x0000206a       0x10 c:/program files (x86)/atmel/studio/7.0/toolchain/arm/arm-gnu-toolchain/bin/../lib/gcc/arm-none-eabi/5.3.1/../../../../arm-none-eabi/lib/armv6-m\libc_nano.a(lib_a-memset.o)
                0x0000206a                memset
 *fill*         0x0000207a        0x2 
 .text._puts_r  0x0000207c       0xc4 c:/program files (x86)/atmel/studio/7.0/toolchain/arm/arm-gnu-toolchain/bin/../lib/gcc/arm-none-eabi/5.3.1/../../../../arm-none-eabi/lib/armv6-m\libc_nano.a(lib_a-puts.o)
                0x0000207c                _puts_r
 .text.puts     0x00002140       0x14 c:/program files (x86)/atmel/studio/7.0/toolchain/arm/arm-gnu-toolchain/bin/../lib/gcc/arm-none-eabi/5.3.1/../../../../arm-none-eabi/lib/armv6-m\libc_nano.a(lib_a-puts.o)
                0x00002140                puts
 .text.setbuf   0x00002154       0x12 c:/program files (x86)/atmel/studio/7.0/toolchain/arm/arm-gnu-toolchain/bin/../lib/gcc/arm-none-eabi/5.3.1/../../../../arm-none-eabi/lib/armv6-m\libc_nano.a(lib_a-setbuf.o)
                0x00002154                setbuf
 *fill*         0x00002166        0x2 
 .text.setvbuf  0x00002168      0x160 c:/program files (x86)/atmel/studio/7.0/toolchain/arm/arm-gnu-toolchain/bin/../lib/gcc/arm-none-eabi/5.3.1/../../../../arm-none-eabi/lib/armv6-m\libc_nano.a(lib_a-setvbuf.o)
                0x00002168                setvbuf
 .text.__swbuf_r
                0x000022c8       0xb0 c:/program files (x86)/atmel/studio/7.0/toolchain/arm/arm-gnu-toolchain/bin/../lib/gcc/arm-none-eabi/5.3.1/../../../../arm-none-eabi/lib/armv6-m\libc_nano.a(lib_a-wbuf.o)
                0x000022c8                __swbuf_r
 .text.__swsetup_r
                0x00002378       0xec c:/program files (x86)/atmel/studio/7.0/toolchain/arm/arm-gnu-toolchain/bin/../lib/gcc/arm-none-eabi/5.3.1/../../../../arm-none-eabi/lib/armv6-m\libc_nano.a(lib_a-wsetup.o)
                0x00002378                __swsetup_r
 .text.__sflush_r
                0x00002464      0x10c c:/program files (x86)/atmel/studio/7.0/toolchain/arm/arm-gnu-toolchain/bin/../lib/gcc/arm-none-eabi/5.3.1/../../../../arm-none-eabi/lib/armv6-m\libc_nano.a(lib_a-fflush.o)
                0x00002464                __sflush_r
 .text._fflush_r
                0x00002570       0x58 c:/program files (x86)/atmel/studio/7.0/toolchain/arm/arm-gnu-toolchain/bin/../lib/gcc/arm-none-eabi/5.3.1/../../../../arm-none-eabi/lib/armv6-m\libc_nano.a(lib_a-fflush.o)
                0x00002570                _fflush_r
 .text._cleanup_r
                0x000025c8       0x10 c:/program files (x86)/atmel/studio/7.0/toolchain/arm/arm-gnu-toolchain/bin/../lib/gcc/arm-none-eabi/5.3.1/../../../../arm-none-eabi/lib/armv6-m\libc_nano.a(lib_a-findfp.o)
                0x000025c8                _cleanup_r
 .text.std.isra.0
                0x000025d8       0x48 c:/program files (x86)/atmel/studio/7.0/toolchain/arm/arm-gnu-toolchain/bin/../lib/gcc/arm-none-eabi/5.3.1/../../../../arm-none-eabi/lib/armv6-m\libc_nano.a(lib_a-findfp.o)
 .text.__sfmoreglue
                0x00002620       0x2c c:/program files (x86)/atmel/studio/7.0/toolchain/arm/arm-gnu-toolchain/bin/../lib/gcc/arm-none-eabi/5.3.1/../../../../arm-none-eabi/lib/armv6-m\libc_nano.a(lib_a-findfp.o)
                0x00002620                __sfmoreglue
 .text.__sinit  0x0000264c       0x68 c:/program files (x86)/atmel/studio/7.0/toolchain/arm/arm-gnu-toolchain/bin/../lib/gcc/arm-none-eabi/5.3.1/../../../../arm-none-eabi/lib/armv6-m\libc_nano.a(lib_a-findfp.o)
                0x0000264c                __sinit
 .text.__sfp    0x000026b4       0x7c c:/program files (x86)/atmel/studio/7.0/toolchain/arm/arm-gnu-toolchain/bin/../lib/gcc/arm-none-eabi/5.3.1/../../../../arm-none-eabi/lib/armv6-m\libc_nano.a(lib_a-findfp.o)
                0x000026b4                __sfp
 .text._fwalk_reent
                0x00002730       0x42 c:/program files (x86)/atmel/studio/7.0/toolchain/arm/arm-gnu-toolchain/bin/../lib/gcc/arm-none-eabi/5.3.1/../../../../arm-none-eabi/lib/armv6-m\libc_nano.a(lib_a-fwalk.o)
                0x00002730                _fwalk_reent
 *fill*         0x00002772        0x2 
 .text.__swhatbuf_r
                0x00002774       0x4c c:/program files (x86)/atmel/studio/7.0/toolchain/arm/arm-gnu-toolchain/bin/../lib/gcc/arm-none-eabi/5.3.1/../../../../arm-none-eabi/lib/armv6-m\libc_nano.a(lib_a-makebuf.o)
                0x00002774                __swhatbuf_r
 .text.__smakebuf_r
                0x000027c0       0x7c c:/program files (x86)/atmel/studio/7.0/toolchain/arm/arm-gnu-toolchain/bin/../lib/gcc/arm-none-eabi/5.3.1/../../../../arm-none-eabi/lib/armv6-m\libc_nano.a(lib_a-makebuf.o)
                0x000027c0                __smakebuf_r
 .text.malloc   0x0000283c       0x14 c:/program files (x86)/atmel/studio/7.0/toolchain/arm/arm-gnu-toolchain/bin/../lib/gcc/arm-none-eabi/5.3.1/../../../../arm-none-eabi/lib/armv6-m\libc_nano.a(lib_a-malloc.o)
                0x0000283c                malloc
 .text._free_r  0x00002850       0x8c c:/program files (x86)/atmel/studio/7.0/toolchain/arm/arm-gnu-toolchain/bin/../lib/gcc/arm-none-eabi/5.3.1/../../../../arm-none-eabi/lib/armv6-m\libc_nano.a(lib_a-nano-freer.o)
                0x00002850                _free_r
 .text._malloc_r
                0x000028dc       0xac c:/program files (x86)/atmel/studio/7.0/toolchain/arm/arm-gnu-toolchain/bin/../lib/gcc/arm-none-eabi/5.3.1/../../../../arm-none-eabi/lib/armv6-m\libc_nano.a(lib_a-nano-mallocr.o)
                0x000028dc                _malloc_r
 .text._sbrk_r  0x00002988       0x24 c:/program files (x86)/atmel/studio/7.0/toolchain/arm/arm-gnu-toolchain/bin/../lib/gcc/arm-none-eabi/5.3.1/../../../../arm-none-eabi/lib/armv6-m\libc_nano.a(lib_a-sbrkr.o)
                0x00002988                _sbrk_r
 .text.__sread  0x000029ac       0x28 c:/program files (x86)/atmel/studio/7.0/toolchain/arm/arm-gnu-toolchain/bin/../lib/gcc/arm-none-eabi/5.3.1/../../../../arm-none-eabi/lib/armv6-m\libc_nano.a(lib_a-stdio.o)
                0x000029ac                __sread
 .text.__swrite
                0x000029d4       0x38 c:/program files (x86)/atmel/studio/7.0/toolchain/arm/arm-gnu-toolchain/bin/../lib/gcc/arm-none-eabi/5.3.1/../../../../arm-none-eabi/lib/armv6-m\libc_nano.a(lib_a-stdio.o)
                0x000029d4                __swrite
 .text.__sseek  0x00002a0c       0x2c c:/program files (x86)/atmel/studio/7.0/toolchain/arm/arm-gnu-toolchain/bin/../lib/gcc/arm-none-eabi/5.3.1/../../../../arm-none-eabi/lib/armv6-m\libc_nano.a(lib_a-stdio.o)
                0x00002a0c                __sseek
 .text.__sclose
                0x00002a38        0xc c:/program files (x86)/atmel/studio/7.0/toolchain/arm/arm-gnu-toolchain/bin/../lib/gcc/arm-none-eabi/5.3.1/../../../../arm-none-eabi/lib/armv6-m\libc_nano.a(lib_a-stdio.o)
                0x00002a38                __sclose
 .text._write_r
                0x00002a44       0x28 c:/program files (x86)/atmel/studio/7.0/toolchain/arm/arm-gnu-toolchain/bin/../lib/gcc/arm-none-eabi/5.3.1/../../../../arm-none-eabi/lib/armv6-m\libc_nano.a(lib_a-writer.o)
                0x00002a44                _write_r
 .text._close_r
                0x00002a6c       0x24 c:/program files (x86)/atmel/studio/7.0/toolchain/arm/arm-gnu-toolchain/bin/../lib/gcc/arm-none-eabi/5.3.1/../../../../arm-none-eabi/lib/armv6-m\libc_nano.a(lib_a-closer.o)
                0x00002a6c                _close_r
 .text._fstat_r
                0x00002a90       0x24 c:/program files (x86)/atmel/studio/7.0/toolchain/arm/arm-gnu-toolchain/bin/../lib/gcc/arm-none-eabi/5.3.1/../../../../arm-none-eabi/lib/armv6-m\libc_nano.a(lib_a-fstatr.o)
                0x00002a90                _fstat_r
 .text._isatty_r
                0x00002ab4       0x24 c:/program files (x86)/atmel/studio/7.0/toolchain/arm/arm-gnu-toolchain/bin/../lib/gcc/arm-none-eabi/5.3.1/../../../../arm-none-eabi/lib/armv6-m\libc_nano.a(lib_a-isattyr.o)
                0x00002ab4                _isatty_r
 .text._lseek_r
                0x00002ad8       0x28 c:/program files (x86)/atmel/studio/7.0/toolchain/arm/arm-gnu-toolchain/bin/../lib/gcc/arm-none-eabi/5.3.1/../../../../arm-none-eabi/lib/armv6-m\libc_nano.a(lib_a-lseekr.o)
                0x00002ad8                _lseek_r
 .text._read_r  0x00002b00       0x28 c:/program files (x86)/atmel/studio/7.0/toolchain/arm/arm-gnu-toolchain/bin/../lib/gcc/arm-none-eabi/5.3.1/../../../../arm-none-eabi/lib/armv6-m\libc_nano.a(lib_a-readr.o)
                0x00002b00                _read_r
 *(.glue_7t)
 .glue_7t       0x00002b28        0x0 linker stubs
 *(.glue_7)
 .glue_7        0x00002b28        0x0 linker stubs
 *(.rodata .rodata* .gnu.linkonce.r.*)
 .rodata        0x00002b28       0x18 src/ASF/sam0/drivers/sercom/sercom.o
 .rodata._tcc_gclk_ids
                0x00002b40        0x3 src/ASF/sam0/drivers/tcc/tcc.o
                0x00002b40                _tcc_gclk_ids
 *fill*         0x00002b43        0x1 
 .rodata._tcc_apbcmasks
                0x00002b44        0xc src/ASF/sam0/drivers/tcc/tcc.o
                0x00002b44                _tcc_apbcmasks
 .rodata._tcc_maxs
                0x00002b50        0xc src/ASF/sam0/drivers/tcc/tcc.o
                0x00002b50                _tcc_maxs
 .rodata._tcc_cc_nums
                0x00002b5c        0x3 src/ASF/sam0/drivers/tcc/tcc.o
                0x00002b5c                _tcc_cc_nums
 *fill*         0x00002b5f        0x1 
 .rodata._tcc_ow_nums
                0x00002b60        0x3 src/ASF/sam0/drivers/tcc/tcc.o
                0x00002b60                _tcc_ow_nums
 *fill*         0x00002b63        0x1 
 .rodata._tcc_intflag
                0x00002b64       0x30 src/ASF/sam0/drivers/tcc/tcc_callback.o
                0x00002b64                _tcc_intflag
 .rodata        0x00002b94        0x6 src/ASF/sam0/drivers/sercom/sercom_interrupt.o
 *fill*         0x00002b9a        0x2 
 .rodata.system_clock_source_get_hz
                0x00002b9c       0x24 src/ASF/sam0/drivers/system/clock/clock_samd21_r21_da_ha1/clock.o
 .rodata.system_clock_source_enable
                0x00002bc0       0x24 src/ASF/sam0/drivers/system/clock/clock_samd21_r21_da_ha1/clock.o
 .rodata.str1.4
                0x00002be4       0x1c src/main.o
                                 0x19 (size before relaxing)
 .rodata.str1.1
                0x00002c00        0x2 c:/program files (x86)/atmel/studio/7.0/toolchain/arm/arm-gnu-toolchain/bin/../lib/gcc/arm-none-eabi/5.3.1/../../../../arm-none-eabi/lib/armv6-m\libc_nano.a(lib_a-impure.o)
 *fill*         0x00002c02        0x2 
 .rodata._global_impure_ptr
                0x00002c04        0x4 c:/program files (x86)/atmel/studio/7.0/toolchain/arm/arm-gnu-toolchain/bin/../lib/gcc/arm-none-eabi/5.3.1/../../../../arm-none-eabi/lib/armv6-m\libc_nano.a(lib_a-impure.o)
                0x00002c04                _global_impure_ptr
 .rodata.__sf_fake_stdin
                0x00002c08       0x20 c:/program files (x86)/atmel/studio/7.0/toolchain/arm/arm-gnu-toolchain/bin/../lib/gcc/arm-none-eabi/5.3.1/../../../../arm-none-eabi/lib/armv6-m\libc_nano.a(lib_a-findfp.o)
                0x00002c08                __sf_fake_stdin
 .rodata.__sf_fake_stdout
                0x00002c28       0x20 c:/program files (x86)/atmel/studio/7.0/toolchain/arm/arm-gnu-toolchain/bin/../lib/gcc/arm-none-eabi/5.3.1/../../../../arm-none-eabi/lib/armv6-m\libc_nano.a(lib_a-findfp.o)
                0x00002c28                __sf_fake_stdout
 .rodata.__sf_fake_stderr
                0x00002c48       0x20 c:/program files (x86)/atmel/studio/7.0/toolchain/arm/arm-gnu-toolchain/bin/../lib/gcc/arm-none-eabi/5.3.1/../../../../arm-none-eabi/lib/armv6-m\libc_nano.a(lib_a-findfp.o)
                0x00002c48                __sf_fake_stderr
 *(.ARM.extab* .gnu.linkonce.armextab.*)
                0x00002c68                . = ALIGN (0x4)
 *(.init)
 .init          0x00002c68        0x4 c:/program files (x86)/atmel/studio/7.0/toolchain/arm/arm-gnu-toolchain/bin/../lib/gcc/arm-none-eabi/5.3.1/armv6-m/crti.o
                0x00002c68                _init
 .init          0x00002c6c        0x8 c:/program files (x86)/atmel/studio/7.0/toolchain/arm/arm-gnu-toolchain/bin/../lib/gcc/arm-none-eabi/5.3.1/armv6-m/crtn.o
                0x00002c74                . = ALIGN (0x4)
                0x00002c74                __preinit_array_start = .
 *(.preinit_array)
                0x00002c74                __preinit_array_end = .
                0x00002c74                . = ALIGN (0x4)
                0x00002c74                __init_array_start = .
 *(SORT(.init_array.*))
 *(.init_array)
 .init_array    0x00002c74        0x4 c:/program files (x86)/atmel/studio/7.0/toolchain/arm/arm-gnu-toolchain/bin/../lib/gcc/arm-none-eabi/5.3.1/armv6-m/crtbegin.o
                0x00002c78                __init_array_end = .
                0x00002c78                . = ALIGN (0x4)
 *crtbegin.o(.ctors)
 *(EXCLUDE_FILE(*crtend.o) .ctors)
 *(SORT(.ctors.*))
 *crtend.o(.ctors)
                0x00002c78                . = ALIGN (0x4)
 *(.fini)
 .fini          0x00002c78        0x4 c:/program files (x86)/atmel/studio/7.0/toolchain/arm/arm-gnu-toolchain/bin/../lib/gcc/arm-none-eabi/5.3.1/armv6-m/crti.o
                0x00002c78                _fini
 .fini          0x00002c7c        0x8 c:/program files (x86)/atmel/studio/7.0/toolchain/arm/arm-gnu-toolchain/bin/../lib/gcc/arm-none-eabi/5.3.1/armv6-m/crtn.o
                0x00002c84                . = ALIGN (0x4)
                0x00002c84                __fini_array_start = .
 *(.fini_array)
 .fini_array    0x00002c84        0x4 c:/program files (x86)/atmel/studio/7.0/toolchain/arm/arm-gnu-toolchain/bin/../lib/gcc/arm-none-eabi/5.3.1/armv6-m/crtbegin.o
 *(SORT(.fini_array.*))
                0x00002c88                __fini_array_end = .
 *crtbegin.o(.dtors)
 *(EXCLUDE_FILE(*crtend.o) .dtors)
 *(SORT(.dtors.*))
 *crtend.o(.dtors)
                0x00002c88                . = ALIGN (0x4)
                0x00002c88                _efixed = .
                [!provide]                PROVIDE (__exidx_start, .)

.vfp11_veneer   0x00002c88        0x0
 .vfp11_veneer  0x00002c88        0x0 linker stubs

.v4_bx          0x00002c88        0x0
 .v4_bx         0x00002c88        0x0 linker stubs

.iplt           0x00002c88        0x0
 .iplt          0x00002c88        0x0 c:/program files (x86)/atmel/studio/7.0/toolchain/arm/arm-gnu-toolchain/bin/../lib/gcc/arm-none-eabi/5.3.1/armv6-m/crtbegin.o

.eh_frame       0x00002c88        0x0
 .eh_frame      0x00002c88        0x0 c:/program files (x86)/atmel/studio/7.0/toolchain/arm/arm-gnu-toolchain/bin/../lib/gcc/arm-none-eabi/5.3.1/armv6-m/crtbegin.o

.rel.dyn        0x00002c88        0x0
 .rel.iplt      0x00002c88        0x0 c:/program files (x86)/atmel/studio/7.0/toolchain/arm/arm-gnu-toolchain/bin/../lib/gcc/arm-none-eabi/5.3.1/armv6-m/crtbegin.o

.jcr            0x00002c88        0x0
 .jcr           0x00002c88        0x0 c:/program files (x86)/atmel/studio/7.0/toolchain/arm/arm-gnu-toolchain/bin/../lib/gcc/arm-none-eabi/5.3.1/armv6-m/crtbegin.o

.igot.plt       0x00002c88        0x0
 .igot.plt      0x00002c88        0x0 c:/program files (x86)/atmel/studio/7.0/toolchain/arm/arm-gnu-toolchain/bin/../lib/gcc/arm-none-eabi/5.3.1/armv6-m/crtbegin.o

.ARM.exidx
 *(.ARM.exidx* .gnu.linkonce.armexidx.*)
                [!provide]                PROVIDE (__exidx_end, .)
                0x00002c88                . = ALIGN (0x4)
                0x00002c88                _etext = .

.relocate       0x20000000       0x70 load address 0x00002c88
                0x20000000                . = ALIGN (0x4)
                0x20000000                _srelocate = .
 *(.ramfunc .ramfunc.*)
 *(.data .data.*)
 .data.cycles_per_us
                0x20000000        0x4 src/ASF/common2/services/delay/sam0/systick_counter.o
 .data.cycles_per_ms
                0x20000004        0x4 src/ASF/common2/services/delay/sam0/systick_counter.o
 .data.g_interrupt_enabled
                0x20000008        0x1 src/ASF/common/utils/interrupt/interrupt_sam_nvic.o
                0x20000008                g_interrupt_enabled
 *fill*         0x20000009        0x3 
 .data.impure_data
                0x2000000c       0x60 c:/program files (x86)/atmel/studio/7.0/toolchain/arm/arm-gnu-toolchain/bin/../lib/gcc/arm-none-eabi/5.3.1/../../../../arm-none-eabi/lib/armv6-m\libc_nano.a(lib_a-impure.o)
 .data._impure_ptr
                0x2000006c        0x4 c:/program files (x86)/atmel/studio/7.0/toolchain/arm/arm-gnu-toolchain/bin/../lib/gcc/arm-none-eabi/5.3.1/../../../../arm-none-eabi/lib/armv6-m\libc_nano.a(lib_a-impure.o)
                0x2000006c                _impure_ptr
                0x20000070                . = ALIGN (0x4)
                0x20000070                _erelocate = .

.bss            0x20000070      0x120 load address 0x00002cf8
                0x20000070                . = ALIGN (0x4)
                0x20000070                _sbss = .
                0x20000070                _szero = .
 *(.bss .bss.*)
 .bss           0x20000070       0x1c c:/program files (x86)/atmel/studio/7.0/toolchain/arm/arm-gnu-toolchain/bin/../lib/gcc/arm-none-eabi/5.3.1/armv6-m/crtbegin.o
 .bss._sercom_config
                0x2000008c        0x2 src/ASF/sam0/drivers/sercom/sercom.o
 .bss._handler_table_initialized
                0x2000008e        0x1 src/ASF/sam0/drivers/sercom/sercom_interrupt.o
 *fill*         0x2000008f        0x1 
 .bss._sercom_interrupt_handlers
                0x20000090       0x18 src/ASF/sam0/drivers/sercom/sercom_interrupt.o
 .bss.cpu_irq_critical_section_counter
                0x200000a8        0x4 src/ASF/common/utils/interrupt/interrupt_sam_nvic.o
 .bss.cpu_irq_prev_interrupt_state
                0x200000ac        0x1 src/ASF/common/utils/interrupt/interrupt_sam_nvic.o
 *fill*         0x200000ad        0x3 
 .bss._system_clock_inst
                0x200000b0       0x18 src/ASF/sam0/drivers/system/clock/clock_samd21_r21_da_ha1/clock.o
 .bss.heap.5286
                0x200000c8        0x4 src/ASF/sam0/utils/syscalls/gcc/syscalls.o
 .bss.__malloc_sbrk_start
                0x200000cc        0x4 c:/program files (x86)/atmel/studio/7.0/toolchain/arm/arm-gnu-toolchain/bin/../lib/gcc/arm-none-eabi/5.3.1/../../../../arm-none-eabi/lib/armv6-m\libc_nano.a(lib_a-nano-mallocr.o)
                0x200000cc                __malloc_sbrk_start
 .bss.__malloc_free_list
                0x200000d0        0x4 c:/program files (x86)/atmel/studio/7.0/toolchain/arm/arm-gnu-toolchain/bin/../lib/gcc/arm-none-eabi/5.3.1/../../../../arm-none-eabi/lib/armv6-m\libc_nano.a(lib_a-nano-mallocr.o)
                0x200000d0                __malloc_free_list
 *(COMMON)
 COMMON         0x200000d4        0x4 src/ASF/sam0/utils/stdio/read.o
                0x200000d4                ptr_get
 COMMON         0x200000d8        0x8 src/ASF/sam0/utils/stdio/write.o
                0x200000d8                ptr_put
                0x200000dc                stdio_base
 COMMON         0x200000e0       0x85 src/Motor.o
                0x200000e0                artist_back
                0x20000160                rx_buffer
 *fill*         0x20000165        0x3 
 COMMON         0x20000168        0xc src/ASF/sam0/drivers/tcc/tcc_callback.o
                0x20000168                _tcc_instances
 COMMON         0x20000174       0x18 src/ASF/sam0/drivers/sercom/sercom_interrupt.o
                0x20000174                _sercom_instances
 COMMON         0x2000018c        0x4 c:/program files (x86)/atmel/studio/7.0/toolchain/arm/arm-gnu-toolchain/bin/../lib/gcc/arm-none-eabi/5.3.1/../../../../arm-none-eabi/lib/armv6-m\libc_nano.a(lib_a-reent.o)
                0x2000018c                errno
                0x20000190                . = ALIGN (0x4)
                0x20000190                _ebss = .
                0x20000190                _ezero = .

.stack          0x20000190     0x2000 load address 0x00002e18
                0x20000190                . = ALIGN (0x8)
                0x20000190                _sstack = .
                0x20002190                . = (. + STACK_SIZE)
 *fill*         0x20000190     0x2000 
                0x20002190                . = ALIGN (0x8)
                0x20002190                _estack = .
                0x20002190                . = ALIGN (0x4)
                0x20002190                _end = .
OUTPUT(back.elf elf32-littlearm)

.ARM.attributes
                0x00000000       0x28
 .ARM.attributes
                0x00000000       0x1e c:/program files (x86)/atmel/studio/7.0/toolchain/arm/arm-gnu-toolchain/bin/../lib/gcc/arm-none-eabi/5.3.1/armv6-m/crti.o
 .ARM.attributes
                0x0000001e       0x2c c:/program files (x86)/atmel/studio/7.0/toolchain/arm/arm-gnu-toolchain/bin/../lib/gcc/arm-none-eabi/5.3.1/armv6-m/crtbegin.o
 .ARM.attributes
                0x0000004a       0x32 src/ASF/sam0/drivers/sercom/sercom.o
 .ARM.attributes
                0x0000007c       0x32 src/ASF/sam0/utils/stdio/read.o
 .ARM.attributes
                0x000000ae       0x32 src/ASF/sam0/utils/stdio/write.o
 .ARM.attributes
                0x000000e0       0x32 src/Motor.o
 .ARM.attributes
                0x00000112       0x32 src/TheArtist.o
 .ARM.attributes
                0x00000144       0x32 src/ASF/sam0/drivers/tcc/tcc.o
 .ARM.attributes
                0x00000176       0x32 src/ASF/sam0/drivers/tcc/tcc_callback.o
 .ARM.attributes
                0x000001a8       0x32 src/ASF/sam0/drivers/sercom/usart/usart.o
 .ARM.attributes
                0x000001da       0x32 src/ASF/sam0/drivers/sercom/usart/usart_interrupt.o
 .ARM.attributes
                0x0000020c       0x32 src/ASF/sam0/drivers/sercom/sercom_interrupt.o
 .ARM.attributes
                0x0000023e       0x32 src/ASF/common2/services/delay/sam0/systick_counter.o
 .ARM.attributes
                0x00000270       0x32 src/ASF/common/utils/interrupt/interrupt_sam_nvic.o
 .ARM.attributes
                0x000002a2       0x32 src/ASF/sam0/boards/samr21_xplained_pro/board_init.o
 .ARM.attributes
                0x000002d4       0x32 src/ASF/sam0/drivers/port/port.o
 .ARM.attributes
                0x00000306       0x32 src/ASF/sam0/drivers/system/clock/clock_samd21_r21_da_ha1/clock.o
 .ARM.attributes
                0x00000338       0x32 src/ASF/sam0/drivers/system/clock/clock_samd21_r21_da_ha1/gclk.o
 .ARM.attributes
                0x0000036a       0x32 src/ASF/sam0/drivers/system/pinmux/pinmux.o
 .ARM.attributes
                0x0000039c       0x32 src/ASF/sam0/drivers/system/system.o
 .ARM.attributes
                0x000003ce       0x32 src/ASF/sam0/utils/cmsis/samr21/source/gcc/startup_samr21.o
 .ARM.attributes
                0x00000400       0x32 src/ASF/sam0/utils/syscalls/gcc/syscalls.o
 .ARM.attributes
                0x00000432       0x32 src/main.o
 .ARM.attributes
                0x00000464       0x1e c:/program files (x86)/atmel/studio/7.0/toolchain/arm/arm-gnu-toolchain/bin/../lib/gcc/arm-none-eabi/5.3.1/armv6-m\libgcc.a(_udivsi3.o)
 .ARM.attributes
                0x00000482       0x1e c:/program files (x86)/atmel/studio/7.0/toolchain/arm/arm-gnu-toolchain/bin/../lib/gcc/arm-none-eabi/5.3.1/armv6-m\libgcc.a(_dvmd_tls.o)
 .ARM.attributes
                0x000004a0       0x2c c:/program files (x86)/atmel/studio/7.0/toolchain/arm/arm-gnu-toolchain/bin/../lib/gcc/arm-none-eabi/5.3.1/armv6-m\libgcc.a(_muldi3.o)
 .ARM.attributes
                0x000004cc       0x2c c:/program files (x86)/atmel/studio/7.0/toolchain/arm/arm-gnu-toolchain/bin/../lib/gcc/arm-none-eabi/5.3.1/../../../../arm-none-eabi/lib/armv6-m\libc_nano.a(lib_a-impure.o)
 .ARM.attributes
                0x000004f8       0x2c c:/program files (x86)/atmel/studio/7.0/toolchain/arm/arm-gnu-toolchain/bin/../lib/gcc/arm-none-eabi/5.3.1/../../../../arm-none-eabi/lib/armv6-m\libc_nano.a(lib_a-init.o)
 .ARM.attributes
                0x00000524       0x2c c:/program files (x86)/atmel/studio/7.0/toolchain/arm/arm-gnu-toolchain/bin/../lib/gcc/arm-none-eabi/5.3.1/../../../../arm-none-eabi/lib/armv6-m\libc_nano.a(lib_a-memcpy-stub.o)
 .ARM.attributes
                0x00000550       0x2c c:/program files (x86)/atmel/studio/7.0/toolchain/arm/arm-gnu-toolchain/bin/../lib/gcc/arm-none-eabi/5.3.1/../../../../arm-none-eabi/lib/armv6-m\libc_nano.a(lib_a-memset.o)
 .ARM.attributes
                0x0000057c       0x2c c:/program files (x86)/atmel/studio/7.0/toolchain/arm/arm-gnu-toolchain/bin/../lib/gcc/arm-none-eabi/5.3.1/../../../../arm-none-eabi/lib/armv6-m\libc_nano.a(lib_a-puts.o)
 .ARM.attributes
                0x000005a8       0x2c c:/program files (x86)/atmel/studio/7.0/toolchain/arm/arm-gnu-toolchain/bin/../lib/gcc/arm-none-eabi/5.3.1/../../../../arm-none-eabi/lib/armv6-m\libc_nano.a(lib_a-setbuf.o)
 .ARM.attributes
                0x000005d4       0x2c c:/program files (x86)/atmel/studio/7.0/toolchain/arm/arm-gnu-toolchain/bin/../lib/gcc/arm-none-eabi/5.3.1/../../../../arm-none-eabi/lib/armv6-m\libc_nano.a(lib_a-setvbuf.o)
 .ARM.attributes
                0x00000600       0x2c c:/program files (x86)/atmel/studio/7.0/toolchain/arm/arm-gnu-toolchain/bin/../lib/gcc/arm-none-eabi/5.3.1/../../../../arm-none-eabi/lib/armv6-m\libc_nano.a(lib_a-wbuf.o)
 .ARM.attributes
                0x0000062c       0x2c c:/program files (x86)/atmel/studio/7.0/toolchain/arm/arm-gnu-toolchain/bin/../lib/gcc/arm-none-eabi/5.3.1/../../../../arm-none-eabi/lib/armv6-m\libc_nano.a(lib_a-wsetup.o)
 .ARM.attributes
                0x00000658       0x2c c:/program files (x86)/atmel/studio/7.0/toolchain/arm/arm-gnu-toolchain/bin/../lib/gcc/arm-none-eabi/5.3.1/../../../../arm-none-eabi/lib/armv6-m\libc_nano.a(lib_a-fflush.o)
 .ARM.attributes
                0x00000684       0x2c c:/program files (x86)/atmel/studio/7.0/toolchain/arm/arm-gnu-toolchain/bin/../lib/gcc/arm-none-eabi/5.3.1/../../../../arm-none-eabi/lib/armv6-m\libc_nano.a(lib_a-findfp.o)
 .ARM.attributes
                0x000006b0       0x2c c:/program files (x86)/atmel/studio/7.0/toolchain/arm/arm-gnu-toolchain/bin/../lib/gcc/arm-none-eabi/5.3.1/../../../../arm-none-eabi/lib/armv6-m\libc_nano.a(lib_a-fwalk.o)
 .ARM.attributes
                0x000006dc       0x2c c:/program files (x86)/atmel/studio/7.0/toolchain/arm/arm-gnu-toolchain/bin/../lib/gcc/arm-none-eabi/5.3.1/../../../../arm-none-eabi/lib/armv6-m\libc_nano.a(lib_a-makebuf.o)
 .ARM.attributes
                0x00000708       0x2c c:/program files (x86)/atmel/studio/7.0/toolchain/arm/arm-gnu-toolchain/bin/../lib/gcc/arm-none-eabi/5.3.1/../../../../arm-none-eabi/lib/armv6-m\libc_nano.a(lib_a-malloc.o)
 .ARM.attributes
                0x00000734       0x2c c:/program files (x86)/atmel/studio/7.0/toolchain/arm/arm-gnu-toolchain/bin/../lib/gcc/arm-none-eabi/5.3.1/../../../../arm-none-eabi/lib/armv6-m\libc_nano.a(lib_a-nano-freer.o)
 .ARM.attributes
                0x00000760       0x2c c:/program files (x86)/atmel/studio/7.0/toolchain/arm/arm-gnu-toolchain/bin/../lib/gcc/arm-none-eabi/5.3.1/../../../../arm-none-eabi/lib/armv6-m\libc_nano.a(lib_a-nano-mallocr.o)
 .ARM.attributes
                0x0000078c       0x2c c:/program files (x86)/atmel/studio/7.0/toolchain/arm/arm-gnu-toolchain/bin/../lib/gcc/arm-none-eabi/5.3.1/../../../../arm-none-eabi/lib/armv6-m\libc_nano.a(lib_a-sbrkr.o)
 .ARM.attributes
                0x000007b8       0x2c c:/program files (x86)/atmel/studio/7.0/toolchain/arm/arm-gnu-toolchain/bin/../lib/gcc/arm-none-eabi/5.3.1/../../../../arm-none-eabi/lib/armv6-m\libc_nano.a(lib_a-stdio.o)
 .ARM.attributes
                0x000007e4       0x2c c:/program files (x86)/atmel/studio/7.0/toolchain/arm/arm-gnu-toolchain/bin/../lib/gcc/arm-none-eabi/5.3.1/../../../../arm-none-eabi/lib/armv6-m\libc_nano.a(lib_a-writer.o)
 .ARM.attributes
                0x00000810       0x2c c:/program files (x86)/atmel/studio/7.0/toolchain/arm/arm-gnu-toolchain/bin/../lib/gcc/arm-none-eabi/5.3.1/../../../../arm-none-eabi/lib/armv6-m\libc_nano.a(lib_a-closer.o)
 .ARM.attributes
                0x0000083c       0x2c c:/program files (x86)/atmel/studio/7.0/toolchain/arm/arm-gnu-toolchain/bin/../lib/gcc/arm-none-eabi/5.3.1/../../../../arm-none-eabi/lib/armv6-m\libc_nano.a(lib_a-fstatr.o)
 .ARM.attributes
                0x00000868       0x2c c:/program files (x86)/atmel/studio/7.0/toolchain/arm/arm-gnu-toolchain/bin/../lib/gcc/arm-none-eabi/5.3.1/../../../../arm-none-eabi/lib/armv6-m\libc_nano.a(lib_a-isattyr.o)
 .ARM.attributes
                0x00000894       0x2c c:/program files (x86)/atmel/studio/7.0/toolchain/arm/arm-gnu-toolchain/bin/../lib/gcc/arm-none-eabi/5.3.1/../../../../arm-none-eabi/lib/armv6-m\libc_nano.a(lib_a-lseekr.o)
 .ARM.attributes
                0x000008c0       0x2c c:/program files (x86)/atmel/studio/7.0/toolchain/arm/arm-gnu-toolchain/bin/../lib/gcc/arm-none-eabi/5.3.1/../../../../arm-none-eabi/lib/armv6-m\libc_nano.a(lib_a-readr.o)
 .ARM.attributes
                0x000008ec       0x2c c:/program files (x86)/atmel/studio/7.0/toolchain/arm/arm-gnu-toolchain/bin/../lib/gcc/arm-none-eabi/5.3.1/../../../../arm-none-eabi/lib/armv6-m\libc_nano.a(lib_a-reent.o)
 .ARM.attributes
                0x00000918       0x1e c:/program files (x86)/atmel/studio/7.0/toolchain/arm/arm-gnu-toolchain/bin/../lib/gcc/arm-none-eabi/5.3.1/armv6-m/crtn.o

.comment        0x00000000       0x59
 .comment       0x00000000       0x59 src/ASF/sam0/drivers/sercom/sercom.o
                                 0x5a (size before relaxing)
 .comment       0x00000059       0x5a src/ASF/sam0/utils/stdio/read.o
 .comment       0x00000059       0x5a src/ASF/sam0/utils/stdio/write.o
 .comment       0x00000059       0x5a src/Motor.o
 .comment       0x00000059       0x5a src/TheArtist.o
 .comment       0x00000059       0x5a src/ASF/sam0/drivers/tcc/tcc.o
 .comment       0x00000059       0x5a src/ASF/sam0/drivers/tcc/tcc_callback.o
 .comment       0x00000059       0x5a src/ASF/sam0/drivers/sercom/usart/usart.o
 .comment       0x00000059       0x5a src/ASF/sam0/drivers/sercom/usart/usart_interrupt.o
 .comment       0x00000059       0x5a src/ASF/sam0/drivers/sercom/sercom_interrupt.o
 .comment       0x00000059       0x5a src/ASF/common2/services/delay/sam0/systick_counter.o
 .comment       0x00000059       0x5a src/ASF/common/utils/interrupt/interrupt_sam_nvic.o
 .comment       0x00000059       0x5a src/ASF/sam0/boards/samr21_xplained_pro/board_init.o
 .comment       0x00000059       0x5a src/ASF/sam0/drivers/port/port.o
 .comment       0x00000059       0x5a src/ASF/sam0/drivers/system/clock/clock_samd21_r21_da_ha1/clock.o
 .comment       0x00000059       0x5a src/ASF/sam0/drivers/system/clock/clock_samd21_r21_da_ha1/gclk.o
 .comment       0x00000059       0x5a src/ASF/sam0/drivers/system/pinmux/pinmux.o
 .comment       0x00000059       0x5a src/ASF/sam0/drivers/system/system.o
 .comment       0x00000059       0x5a src/ASF/sam0/utils/cmsis/samr21/source/gcc/startup_samr21.o
 .comment       0x00000059       0x5a src/ASF/sam0/utils/syscalls/gcc/syscalls.o
 .comment       0x00000059       0x5a src/main.o

.debug_info     0x00000000    0x2bd36
 .debug_info    0x00000000     0x24f3 src/ASF/sam0/drivers/sercom/sercom.o
 .debug_info    0x000024f3      0x1c4 src/ASF/sam0/utils/stdio/read.o
 .debug_info    0x000026b7      0x1c1 src/ASF/sam0/utils/stdio/write.o
 .debug_info    0x00002878     0x4ee2 src/Motor.o
 .debug_info    0x0000775a     0x5db4 src/TheArtist.o
 .debug_info    0x0000d50e     0x4308 src/ASF/sam0/drivers/tcc/tcc.o
 .debug_info    0x00011816     0x2807 src/ASF/sam0/drivers/tcc/tcc_callback.o
 .debug_info    0x0001401d     0x40e3 src/ASF/sam0/drivers/sercom/usart/usart.o
 .debug_info    0x00018100     0x2789 src/ASF/sam0/drivers/sercom/usart/usart_interrupt.o
 .debug_info    0x0001a889     0x230f src/ASF/sam0/drivers/sercom/sercom_interrupt.o
 .debug_info    0x0001cb98      0x26b src/ASF/common2/services/delay/sam0/systick_counter.o
 .debug_info    0x0001ce03      0x1ea src/ASF/common/utils/interrupt/interrupt_sam_nvic.o
 .debug_info    0x0001cfed      0x98c src/ASF/sam0/boards/samr21_xplained_pro/board_init.o
 .debug_info    0x0001d979      0x982 src/ASF/sam0/drivers/port/port.o
 .debug_info    0x0001e2fb     0x2d2f src/ASF/sam0/drivers/system/clock/clock_samd21_r21_da_ha1/clock.o
 .debug_info    0x0002102a     0x149c src/ASF/sam0/drivers/system/clock/clock_samd21_r21_da_ha1/gclk.o
 .debug_info    0x000224c6      0xa62 src/ASF/sam0/drivers/system/pinmux/pinmux.o
 .debug_info    0x00022f28      0x17c src/ASF/sam0/drivers/system/system.o
 .debug_info    0x000230a4     0x3a76 src/ASF/sam0/utils/cmsis/samr21/source/gcc/startup_samr21.o
 .debug_info    0x00026b1a      0x40f src/ASF/sam0/utils/syscalls/gcc/syscalls.o
 .debug_info    0x00026f29     0x4e0d src/main.o

.debug_abbrev   0x00000000     0x334e
 .debug_abbrev  0x00000000      0x2de src/ASF/sam0/drivers/sercom/sercom.o
 .debug_abbrev  0x000002de      0x10a src/ASF/sam0/utils/stdio/read.o
 .debug_abbrev  0x000003e8       0xf7 src/ASF/sam0/utils/stdio/write.o
 .debug_abbrev  0x000004df      0x2ca src/Motor.o
 .debug_abbrev  0x000007a9      0x41b src/TheArtist.o
 .debug_abbrev  0x00000bc4      0x413 src/ASF/sam0/drivers/tcc/tcc.o
 .debug_abbrev  0x00000fd7      0x2f7 src/ASF/sam0/drivers/tcc/tcc_callback.o
 .debug_abbrev  0x000012ce      0x3f8 src/ASF/sam0/drivers/sercom/usart/usart.o
 .debug_abbrev  0x000016c6      0x37f src/ASF/sam0/drivers/sercom/usart/usart_interrupt.o
 .debug_abbrev  0x00001a45      0x237 src/ASF/sam0/drivers/sercom/sercom_interrupt.o
 .debug_abbrev  0x00001c7c      0x13e src/ASF/common2/services/delay/sam0/systick_counter.o
 .debug_abbrev  0x00001dba       0xf6 src/ASF/common/utils/interrupt/interrupt_sam_nvic.o
 .debug_abbrev  0x00001eb0      0x224 src/ASF/sam0/boards/samr21_xplained_pro/board_init.o
 .debug_abbrev  0x000020d4      0x1dc src/ASF/sam0/drivers/port/port.o
 .debug_abbrev  0x000022b0      0x3be src/ASF/sam0/drivers/system/clock/clock_samd21_r21_da_ha1/clock.o
 .debug_abbrev  0x0000266e      0x338 src/ASF/sam0/drivers/system/clock/clock_samd21_r21_da_ha1/gclk.o
 .debug_abbrev  0x000029a6      0x289 src/ASF/sam0/drivers/system/pinmux/pinmux.o
 .debug_abbrev  0x00002c2f       0xbb src/ASF/sam0/drivers/system/system.o
 .debug_abbrev  0x00002cea      0x217 src/ASF/sam0/utils/cmsis/samr21/source/gcc/startup_samr21.o
 .debug_abbrev  0x00002f01      0x13e src/ASF/sam0/utils/syscalls/gcc/syscalls.o
 .debug_abbrev  0x0000303f      0x30f src/main.o

.debug_loc      0x00000000     0x575d
 .debug_loc     0x00000000      0x98e src/ASF/sam0/drivers/sercom/sercom.o
 .debug_loc     0x0000098e       0xf0 src/ASF/sam0/utils/stdio/read.o
 .debug_loc     0x00000a7e      0x130 src/ASF/sam0/utils/stdio/write.o
 .debug_loc     0x00000bae      0x2dc src/Motor.o
 .debug_loc     0x00000e8a      0x3dd src/TheArtist.o
 .debug_loc     0x00001267     0x13ce src/ASF/sam0/drivers/tcc/tcc.o
 .debug_loc     0x00002635      0x250 src/ASF/sam0/drivers/tcc/tcc_callback.o
 .debug_loc     0x00002885      0xc7f src/ASF/sam0/drivers/sercom/usart/usart.o
 .debug_loc     0x00003504      0x5bb src/ASF/sam0/drivers/sercom/usart/usart_interrupt.o
 .debug_loc     0x00003abf      0x16c src/ASF/sam0/drivers/sercom/sercom_interrupt.o
 .debug_loc     0x00003c2b       0xe4 src/ASF/common2/services/delay/sam0/systick_counter.o
 .debug_loc     0x00003d0f       0x8a src/ASF/sam0/boards/samr21_xplained_pro/board_init.o
 .debug_loc     0x00003d99      0x13d src/ASF/sam0/drivers/port/port.o
 .debug_loc     0x00003ed6      0xef8 src/ASF/sam0/drivers/system/clock/clock_samd21_r21_da_ha1/clock.o
 .debug_loc     0x00004dce      0x4e3 src/ASF/sam0/drivers/system/clock/clock_samd21_r21_da_ha1/gclk.o
 .debug_loc     0x000052b1      0x32f src/ASF/sam0/drivers/system/pinmux/pinmux.o
 .debug_loc     0x000055e0       0x20 src/ASF/sam0/drivers/system/system.o
 .debug_loc     0x00005600       0x20 src/ASF/sam0/utils/cmsis/samr21/source/gcc/startup_samr21.o
 .debug_loc     0x00005620       0xd1 src/ASF/sam0/utils/syscalls/gcc/syscalls.o
 .debug_loc     0x000056f1       0x6c src/main.o

.debug_aranges  0x00000000      0x5e0
 .debug_aranges
                0x00000000       0x48 src/ASF/sam0/drivers/sercom/sercom.o
 .debug_aranges
                0x00000048       0x20 src/ASF/sam0/utils/stdio/read.o
 .debug_aranges
                0x00000068       0x20 src/ASF/sam0/utils/stdio/write.o
 .debug_aranges
                0x00000088       0x40 src/Motor.o
 .debug_aranges
                0x000000c8       0x50 src/TheArtist.o
 .debug_aranges
                0x00000118       0xb0 src/ASF/sam0/drivers/tcc/tcc.o
 .debug_aranges
                0x000001c8       0x58 src/ASF/sam0/drivers/tcc/tcc_callback.o
 .debug_aranges
                0x00000220       0x40 src/ASF/sam0/drivers/sercom/usart/usart.o
 .debug_aranges
                0x00000260       0x70 src/ASF/sam0/drivers/sercom/usart/usart_interrupt.o
 .debug_aranges
                0x000002d0       0x60 src/ASF/sam0/drivers/sercom/sercom_interrupt.o
 .debug_aranges
                0x00000330       0x30 src/ASF/common2/services/delay/sam0/systick_counter.o
 .debug_aranges
                0x00000360       0x28 src/ASF/common/utils/interrupt/interrupt_sam_nvic.o
 .debug_aranges
                0x00000388       0x20 src/ASF/sam0/boards/samr21_xplained_pro/board_init.o
 .debug_aranges
                0x000003a8       0x28 src/ASF/sam0/drivers/port/port.o
 .debug_aranges
                0x000003d0       0x78 src/ASF/sam0/drivers/system/clock/clock_samd21_r21_da_ha1/clock.o
 .debug_aranges
                0x00000448       0x80 src/ASF/sam0/drivers/system/clock/clock_samd21_r21_da_ha1/gclk.o
 .debug_aranges
                0x000004c8       0x38 src/ASF/sam0/drivers/system/pinmux/pinmux.o
 .debug_aranges
                0x00000500       0x28 src/ASF/sam0/drivers/system/system.o
 .debug_aranges
                0x00000528       0x28 src/ASF/sam0/utils/cmsis/samr21/source/gcc/startup_samr21.o
 .debug_aranges
                0x00000550       0x60 src/ASF/sam0/utils/syscalls/gcc/syscalls.o
 .debug_aranges
                0x000005b0       0x30 src/main.o

.debug_ranges   0x00000000      0x630
 .debug_ranges  0x00000000       0x38 src/ASF/sam0/drivers/sercom/sercom.o
 .debug_ranges  0x00000038       0x10 src/ASF/sam0/utils/stdio/read.o
 .debug_ranges  0x00000048       0x10 src/ASF/sam0/utils/stdio/write.o
 .debug_ranges  0x00000058       0x30 src/Motor.o
 .debug_ranges  0x00000088       0x40 src/TheArtist.o
 .debug_ranges  0x000000c8      0x160 src/ASF/sam0/drivers/tcc/tcc.o
 .debug_ranges  0x00000228       0x48 src/ASF/sam0/drivers/tcc/tcc_callback.o
 .debug_ranges  0x00000270       0xe0 src/ASF/sam0/drivers/sercom/usart/usart.o
 .debug_ranges  0x00000350       0x60 src/ASF/sam0/drivers/sercom/usart/usart_interrupt.o
 .debug_ranges  0x000003b0       0x50 src/ASF/sam0/drivers/sercom/sercom_interrupt.o
 .debug_ranges  0x00000400       0x50 src/ASF/common2/services/delay/sam0/systick_counter.o
 .debug_ranges  0x00000450       0x18 src/ASF/common/utils/interrupt/interrupt_sam_nvic.o
 .debug_ranges  0x00000468       0x10 src/ASF/sam0/boards/samr21_xplained_pro/board_init.o
 .debug_ranges  0x00000478       0x18 src/ASF/sam0/drivers/port/port.o
 .debug_ranges  0x00000490       0x68 src/ASF/sam0/drivers/system/clock/clock_samd21_r21_da_ha1/clock.o
 .debug_ranges  0x000004f8       0x70 src/ASF/sam0/drivers/system/clock/clock_samd21_r21_da_ha1/gclk.o
 .debug_ranges  0x00000568       0x28 src/ASF/sam0/drivers/system/pinmux/pinmux.o
 .debug_ranges  0x00000590       0x18 src/ASF/sam0/drivers/system/system.o
 .debug_ranges  0x000005a8       0x18 src/ASF/sam0/utils/cmsis/samr21/source/gcc/startup_samr21.o
 .debug_ranges  0x000005c0       0x50 src/ASF/sam0/utils/syscalls/gcc/syscalls.o
 .debug_ranges  0x00000610       0x20 src/main.o

.debug_macro    0x00000000    0x1a13b
 .debug_macro   0x00000000      0x54c src/ASF/sam0/drivers/sercom/sercom.o
 .debug_macro   0x0000054c      0x84a src/ASF/sam0/drivers/sercom/sercom.o
 .debug_macro   0x00000d96      0x16d src/ASF/sam0/drivers/sercom/sercom.o
 .debug_macro   0x00000f03      0x64b src/ASF/sam0/drivers/sercom/sercom.o
 .debug_macro   0x0000154e       0x22 src/ASF/sam0/drivers/sercom/sercom.o
 .debug_macro   0x00001570       0x87 src/ASF/sam0/drivers/sercom/sercom.o
 .debug_macro   0x000015f7       0x44 src/ASF/sam0/drivers/sercom/sercom.o
 .debug_macro   0x0000163b       0xfd src/ASF/sam0/drivers/sercom/sercom.o
 .debug_macro   0x00001738       0x22 src/ASF/sam0/drivers/sercom/sercom.o
 .debug_macro   0x0000175a      0x1df src/ASF/sam0/drivers/sercom/sercom.o
 .debug_macro   0x00001939       0x10 src/ASF/sam0/drivers/sercom/sercom.o
 .debug_macro   0x00001949       0x76 src/ASF/sam0/drivers/sercom/sercom.o
 .debug_macro   0x000019bf       0x16 src/ASF/sam0/drivers/sercom/sercom.o
 .debug_macro   0x000019d5      0x6e5 src/ASF/sam0/drivers/sercom/sercom.o
 .debug_macro   0x000020ba      0xde2 src/ASF/sam0/drivers/sercom/sercom.o
 .debug_macro   0x00002e9c       0x22 src/ASF/sam0/drivers/sercom/sercom.o
 .debug_macro   0x00002ebe       0x40 src/ASF/sam0/drivers/sercom/sercom.o
 .debug_macro   0x00002efe       0x3a src/ASF/sam0/drivers/sercom/sercom.o
 .debug_macro   0x00002f38       0x1f src/ASF/sam0/drivers/sercom/sercom.o
 .debug_macro   0x00002f57      0x250 src/ASF/sam0/drivers/sercom/sercom.o
 .debug_macro   0x000031a7      0x682 src/ASF/sam0/drivers/sercom/sercom.o
 .debug_macro   0x00003829      0x8bf src/ASF/sam0/drivers/sercom/sercom.o
 .debug_macro   0x000040e8      0xd6a src/ASF/sam0/drivers/sercom/sercom.o
 .debug_macro   0x00004e52      0x4ce src/ASF/sam0/drivers/sercom/sercom.o
 .debug_macro   0x00005320      0x9f8 src/ASF/sam0/drivers/sercom/sercom.o
 .debug_macro   0x00005d18      0x82b src/ASF/sam0/drivers/sercom/sercom.o
 .debug_macro   0x00006543      0x45f src/ASF/sam0/drivers/sercom/sercom.o
 .debug_macro   0x000069a2       0x5e src/ASF/sam0/drivers/sercom/sercom.o
 .debug_macro   0x00006a00      0x225 src/ASF/sam0/drivers/sercom/sercom.o
 .debug_macro   0x00006c25      0x797 src/ASF/sam0/drivers/sercom/sercom.o
 .debug_macro   0x000073bc       0x5e src/ASF/sam0/drivers/sercom/sercom.o
 .debug_macro   0x0000741a      0x60a src/ASF/sam0/drivers/sercom/sercom.o
 .debug_macro   0x00007a24      0x3b6 src/ASF/sam0/drivers/sercom/sercom.o
 .debug_macro   0x00007dda       0x94 src/ASF/sam0/drivers/sercom/sercom.o
 .debug_macro   0x00007e6e      0xc55 src/ASF/sam0/drivers/sercom/sercom.o
 .debug_macro   0x00008ac3     0x1092 src/ASF/sam0/drivers/sercom/sercom.o
 .debug_macro   0x00009b55      0xc4a src/ASF/sam0/drivers/sercom/sercom.o
 .debug_macro   0x0000a79f      0x6bf src/ASF/sam0/drivers/sercom/sercom.o
 .debug_macro   0x0000ae5e     0x1b4b src/ASF/sam0/drivers/sercom/sercom.o
 .debug_macro   0x0000c9a9     0x144a src/ASF/sam0/drivers/sercom/sercom.o
 .debug_macro   0x0000ddf3      0x34e src/ASF/sam0/drivers/sercom/sercom.o
 .debug_macro   0x0000e141       0x7c src/ASF/sam0/drivers/sercom/sercom.o
 .debug_macro   0x0000e1bd       0xa0 src/ASF/sam0/drivers/sercom/sercom.o
 .debug_macro   0x0000e25d       0xca src/ASF/sam0/drivers/sercom/sercom.o
 .debug_macro   0x0000e327       0x94 src/ASF/sam0/drivers/sercom/sercom.o
 .debug_macro   0x0000e3bb       0x58 src/ASF/sam0/drivers/sercom/sercom.o
 .debug_macro   0x0000e413      0x364 src/ASF/sam0/drivers/sercom/sercom.o
 .debug_macro   0x0000e777       0x82 src/ASF/sam0/drivers/sercom/sercom.o
 .debug_macro   0x0000e7f9      0x197 src/ASF/sam0/drivers/sercom/sercom.o
 .debug_macro   0x0000e990       0xa0 src/ASF/sam0/drivers/sercom/sercom.o
 .debug_macro   0x0000ea30       0xb2 src/ASF/sam0/drivers/sercom/sercom.o
 .debug_macro   0x0000eae2       0x1c src/ASF/sam0/drivers/sercom/sercom.o
 .debug_macro   0x0000eafe       0x1c src/ASF/sam0/drivers/sercom/sercom.o
 .debug_macro   0x0000eb1a       0x1c src/ASF/sam0/drivers/sercom/sercom.o
 .debug_macro   0x0000eb36       0x7c src/ASF/sam0/drivers/sercom/sercom.o
 .debug_macro   0x0000ebb2      0x1c6 src/ASF/sam0/drivers/sercom/sercom.o
 .debug_macro   0x0000ed78       0x16 src/ASF/sam0/drivers/sercom/sercom.o
 .debug_macro   0x0000ed8e       0xdc src/ASF/sam0/drivers/sercom/sercom.o
 .debug_macro   0x0000ee6a      0x12f src/ASF/sam0/drivers/sercom/sercom.o
 .debug_macro   0x0000ef99      0x12f src/ASF/sam0/drivers/sercom/sercom.o
 .debug_macro   0x0000f0c8      0x12f src/ASF/sam0/drivers/sercom/sercom.o
 .debug_macro   0x0000f1f7      0x12f src/ASF/sam0/drivers/sercom/sercom.o
 .debug_macro   0x0000f326      0x12f src/ASF/sam0/drivers/sercom/sercom.o
 .debug_macro   0x0000f455      0x12f src/ASF/sam0/drivers/sercom/sercom.o
 .debug_macro   0x0000f584      0x11e src/ASF/sam0/drivers/sercom/sercom.o
 .debug_macro   0x0000f6a2       0xe2 src/ASF/sam0/drivers/sercom/sercom.o
 .debug_macro   0x0000f784       0xe2 src/ASF/sam0/drivers/sercom/sercom.o
 .debug_macro   0x0000f866       0xe2 src/ASF/sam0/drivers/sercom/sercom.o
 .debug_macro   0x0000f948      0x12c src/ASF/sam0/drivers/sercom/sercom.o
 .debug_macro   0x0000fa74      0x100 src/ASF/sam0/drivers/sercom/sercom.o
 .debug_macro   0x0000fb74       0xf4 src/ASF/sam0/drivers/sercom/sercom.o
 .debug_macro   0x0000fc68      0x40f src/ASF/sam0/drivers/sercom/sercom.o
 .debug_macro   0x00010077       0x40 src/ASF/sam0/drivers/sercom/sercom.o
 .debug_macro   0x000100b7      0x345 src/ASF/sam0/drivers/sercom/sercom.o
 .debug_macro   0x000103fc     0x174b src/ASF/sam0/drivers/sercom/sercom.o
 .debug_macro   0x00011b47       0x74 src/ASF/sam0/drivers/sercom/sercom.o
 .debug_macro   0x00011bbb       0x52 src/ASF/sam0/drivers/sercom/sercom.o
 .debug_macro   0x00011c0d       0x35 src/ASF/sam0/drivers/sercom/sercom.o
 .debug_macro   0x00011c42       0x9c src/ASF/sam0/drivers/sercom/sercom.o
 .debug_macro   0x00011cde       0x16 src/ASF/sam0/drivers/sercom/sercom.o
 .debug_macro   0x00011cf4       0x35 src/ASF/sam0/drivers/sercom/sercom.o
 .debug_macro   0x00011d29      0x330 src/ASF/sam0/drivers/sercom/sercom.o
 .debug_macro   0x00012059       0x10 src/ASF/sam0/drivers/sercom/sercom.o
 .debug_macro   0x00012069       0x52 src/ASF/sam0/drivers/sercom/sercom.o
 .debug_macro   0x000120bb       0x16 src/ASF/sam0/drivers/sercom/sercom.o
 .debug_macro   0x000120d1       0x43 src/ASF/sam0/drivers/sercom/sercom.o
 .debug_macro   0x00012114      0x187 src/ASF/sam0/drivers/sercom/sercom.o
 .debug_macro   0x0001229b       0x22 src/ASF/sam0/drivers/sercom/sercom.o
 .debug_macro   0x000122bd       0x3a src/ASF/sam0/drivers/sercom/sercom.o
 .debug_macro   0x000122f7       0x10 src/ASF/sam0/drivers/sercom/sercom.o
 .debug_macro   0x00012307       0x40 src/ASF/sam0/drivers/sercom/sercom.o
 .debug_macro   0x00012347       0x6c src/ASF/sam0/drivers/sercom/sercom.o
 .debug_macro   0x000123b3       0x16 src/ASF/sam0/drivers/sercom/sercom.o
 .debug_macro   0x000123c9      0x182 src/ASF/sam0/drivers/sercom/sercom.o
 .debug_macro   0x0001254b       0x16 src/ASF/sam0/drivers/sercom/sercom.o
 .debug_macro   0x00012561       0x16 src/ASF/sam0/drivers/sercom/sercom.o
 .debug_macro   0x00012577       0x29 src/ASF/sam0/drivers/sercom/sercom.o
 .debug_macro   0x000125a0       0x51 src/ASF/sam0/drivers/sercom/sercom.o
 .debug_macro   0x000125f1       0x3f src/ASF/sam0/drivers/sercom/sercom.o
 .debug_macro   0x00012630      0x3df src/ASF/sam0/drivers/sercom/sercom.o
 .debug_macro   0x00012a0f       0x11 src/ASF/sam0/drivers/sercom/sercom.o
 .debug_macro   0x00012a20       0x11 src/ASF/sam0/drivers/sercom/sercom.o
 .debug_macro   0x00012a31       0x16 src/ASF/sam0/drivers/sercom/sercom.o
 .debug_macro   0x00012a47       0x2e src/ASF/sam0/drivers/sercom/sercom.o
 .debug_macro   0x00012a75       0xa0 src/ASF/sam0/drivers/sercom/sercom.o
 .debug_macro   0x00012b15       0x10 src/ASF/sam0/drivers/sercom/sercom.o
 .debug_macro   0x00012b25      0x4bf src/ASF/sam0/utils/stdio/read.o
 .debug_macro   0x00012fe4      0x4bf src/ASF/sam0/utils/stdio/write.o
 .debug_macro   0x000134a3      0x618 src/Motor.o
 .debug_macro   0x00013abb       0x16 src/Motor.o
 .debug_macro   0x00013ad1       0x16 src/Motor.o
 .debug_macro   0x00013ae7      0x2c6 src/Motor.o
 .debug_macro   0x00013dad      0x69f src/Motor.o
 .debug_macro   0x0001444c       0x19 src/Motor.o
 .debug_macro   0x00014465       0x57 src/Motor.o
 .debug_macro   0x000144bc       0x8f src/Motor.o
 .debug_macro   0x0001454b       0x4c src/Motor.o
 .debug_macro   0x00014597      0x61c src/TheArtist.o
 .debug_macro   0x00014bb3      0x606 src/ASF/sam0/drivers/tcc/tcc.o
 .debug_macro   0x000151b9       0x19 src/ASF/sam0/drivers/tcc/tcc.o
 .debug_macro   0x000151d2       0x74 src/ASF/sam0/drivers/tcc/tcc.o
 .debug_macro   0x00015246      0x539 src/ASF/sam0/drivers/tcc/tcc_callback.o
 .debug_macro   0x0001577f      0x55d src/ASF/sam0/drivers/sercom/usart/usart.o
 .debug_macro   0x00015cdc       0x51 src/ASF/sam0/drivers/sercom/usart/usart.o
 .debug_macro   0x00015d2d      0x55d src/ASF/sam0/drivers/sercom/usart/usart_interrupt.o
 .debug_macro   0x0001628a      0x549 src/ASF/sam0/drivers/sercom/sercom_interrupt.o
 .debug_macro   0x000167d3      0x4fa src/ASF/common2/services/delay/sam0/systick_counter.o
 .debug_macro   0x00016ccd      0x4bf src/ASF/common/utils/interrupt/interrupt_sam_nvic.o
 .debug_macro   0x0001718c      0x4fb src/ASF/sam0/boards/samr21_xplained_pro/board_init.o
 .debug_macro   0x00017687      0x4d9 src/ASF/sam0/drivers/port/port.o
 .debug_macro   0x00017b60      0x530 src/ASF/sam0/drivers/system/clock/clock_samd21_r21_da_ha1/clock.o
 .debug_macro   0x00018090      0x29d src/ASF/sam0/drivers/system/clock/clock_samd21_r21_da_ha1/clock.o
 .debug_macro   0x0001832d      0x4f5 src/ASF/sam0/drivers/system/clock/clock_samd21_r21_da_ha1/gclk.o
 .debug_macro   0x00018822      0x4d1 src/ASF/sam0/drivers/system/pinmux/pinmux.o
 .debug_macro   0x00018cf3      0x502 src/ASF/sam0/drivers/system/system.o
 .debug_macro   0x000191f5      0x2d1 src/ASF/sam0/utils/cmsis/samr21/source/gcc/startup_samr21.o
 .debug_macro   0x000194c6       0x3a src/ASF/sam0/utils/cmsis/samr21/source/gcc/startup_samr21.o
 .debug_macro   0x00019500      0x19c src/ASF/sam0/utils/syscalls/gcc/syscalls.o
 .debug_macro   0x0001969c       0x4c src/ASF/sam0/utils/syscalls/gcc/syscalls.o
 .debug_macro   0x000196e8       0x8d src/ASF/sam0/utils/syscalls/gcc/syscalls.o
 .debug_macro   0x00019775       0x4a src/ASF/sam0/utils/syscalls/gcc/syscalls.o
 .debug_macro   0x000197bf       0x97 src/ASF/sam0/utils/syscalls/gcc/syscalls.o
 .debug_macro   0x00019856       0xf6 src/ASF/sam0/utils/syscalls/gcc/syscalls.o
 .debug_macro   0x0001994c       0x52 src/ASF/sam0/utils/syscalls/gcc/syscalls.o
 .debug_macro   0x0001999e       0x16 src/ASF/sam0/utils/syscalls/gcc/syscalls.o
 .debug_macro   0x000199b4       0x10 src/ASF/sam0/utils/syscalls/gcc/syscalls.o
 .debug_macro   0x000199c4       0x41 src/ASF/sam0/utils/syscalls/gcc/syscalls.o
 .debug_macro   0x00019a05      0x122 src/ASF/sam0/utils/syscalls/gcc/syscalls.o
 .debug_macro   0x00019b27      0x614 src/main.o

.debug_line     0x00000000     0xda6c
 .debug_line    0x00000000      0xb7d src/ASF/sam0/drivers/sercom/sercom.o
 .debug_line    0x00000b7d      0x86c src/ASF/sam0/utils/stdio/read.o
 .debug_line    0x000013e9      0x862 src/ASF/sam0/utils/stdio/write.o
 .debug_line    0x00001c4b      0xd65 src/Motor.o
 .debug_line    0x000029b0      0xe21 src/TheArtist.o
 .debug_line    0x000037d1      0xdd1 src/ASF/sam0/drivers/tcc/tcc.o
 .debug_line    0x000045a2      0xa76 src/ASF/sam0/drivers/tcc/tcc_callback.o
 .debug_line    0x00005018      0xcc2 src/ASF/sam0/drivers/sercom/usart/usart.o
 .debug_line    0x00005cda      0xc55 src/ASF/sam0/drivers/sercom/usart/usart_interrupt.o
 .debug_line    0x0000692f      0xb37 src/ASF/sam0/drivers/sercom/sercom_interrupt.o
 .debug_line    0x00007466      0x986 src/ASF/common2/services/delay/sam0/systick_counter.o
 .debug_line    0x00007dec      0x88e src/ASF/common/utils/interrupt/interrupt_sam_nvic.o
 .debug_line    0x0000867a      0x935 src/ASF/sam0/boards/samr21_xplained_pro/board_init.o
 .debug_line    0x00008faf      0x8ba src/ASF/sam0/drivers/port/port.o
 .debug_line    0x00009869      0xbf2 src/ASF/sam0/drivers/system/clock/clock_samd21_r21_da_ha1/clock.o
 .debug_line    0x0000a45b      0xc2d src/ASF/sam0/drivers/system/clock/clock_samd21_r21_da_ha1/gclk.o
 .debug_line    0x0000b088      0x8d9 src/ASF/sam0/drivers/system/pinmux/pinmux.o
 .debug_line    0x0000b961      0x9b1 src/ASF/sam0/drivers/system/system.o
 .debug_line    0x0000c312      0x63c src/ASF/sam0/utils/cmsis/samr21/source/gcc/startup_samr21.o
 .debug_line    0x0000c94e      0x3cf src/ASF/sam0/utils/syscalls/gcc/syscalls.o
 .debug_line    0x0000cd1d      0xd4f src/main.o

.debug_str      0x00000000    0x85875
 .debug_str     0x00000000    0x79d90 src/ASF/sam0/drivers/sercom/sercom.o
                              0x7a225 (size before relaxing)
 .debug_str     0x00079d90       0x43 src/ASF/sam0/utils/stdio/read.o
                              0x78b5d (size before relaxing)
 .debug_str     0x00079dd3       0x33 src/ASF/sam0/utils/stdio/write.o
                              0x78b5f (size before relaxing)
 .debug_str     0x00079e06     0x43a7 src/Motor.o
                              0x7e18c (size before relaxing)
 .debug_str     0x0007e1ad     0x1215 src/TheArtist.o
                              0x7f502 (size before relaxing)
 .debug_str     0x0007f3c2     0x15c3 src/ASF/sam0/drivers/tcc/tcc.o
                              0x7bfc5 (size before relaxing)
 .debug_str     0x00080985      0x1c9 src/ASF/sam0/drivers/tcc/tcc_callback.o
                              0x7a4a1 (size before relaxing)
 .debug_str     0x00080b4e      0x3bf src/ASF/sam0/drivers/sercom/usart/usart.o
                              0x7af04 (size before relaxing)
 .debug_str     0x00080f0d      0x1cc src/ASF/sam0/drivers/sercom/usart/usart_interrupt.o
                              0x7a24e (size before relaxing)
 .debug_str     0x000810d9      0x189 src/ASF/sam0/drivers/sercom/sercom_interrupt.o
                              0x7a066 (size before relaxing)
 .debug_str     0x00081262       0xa5 src/ASF/common2/services/delay/sam0/systick_counter.o
                              0x78da9 (size before relaxing)
 .debug_str     0x00081307       0x94 src/ASF/common/utils/interrupt/interrupt_sam_nvic.o
                              0x78bb0 (size before relaxing)
 .debug_str     0x0008139b      0x2ed src/ASF/sam0/boards/samr21_xplained_pro/board_init.o
                              0x7b881 (size before relaxing)
 .debug_str     0x00081688       0x53 src/ASF/sam0/drivers/port/port.o
                              0x78f8f (size before relaxing)
 .debug_str     0x000816db     0x2734 src/ASF/sam0/drivers/system/clock/clock_samd21_r21_da_ha1/clock.o
                              0x7bc75 (size before relaxing)
 .debug_str     0x00083e0f      0x281 src/ASF/sam0/drivers/system/clock/clock_samd21_r21_da_ha1/gclk.o
                              0x797fa (size before relaxing)
 .debug_str     0x00084090      0x130 src/ASF/sam0/drivers/system/pinmux/pinmux.o
                              0x78fa7 (size before relaxing)
 .debug_str     0x000841c0       0x47 src/ASF/sam0/drivers/system/system.o
                              0x78c67 (size before relaxing)
 .debug_str     0x00084207      0xefd src/ASF/sam0/utils/cmsis/samr21/source/gcc/startup_samr21.o
                              0x653f9 (size before relaxing)
 .debug_str     0x00085104      0x734 src/ASF/sam0/utils/syscalls/gcc/syscalls.o
                               0x6847 (size before relaxing)
 .debug_str     0x00085838       0x3d src/main.o
                              0x7e10f (size before relaxing)

.debug_frame    0x00000000     0x1478
 .debug_frame   0x00000000       0xbc src/ASF/sam0/drivers/sercom/sercom.o
 .debug_frame   0x000000bc       0x34 src/ASF/sam0/utils/stdio/read.o
 .debug_frame   0x000000f0       0x34 src/ASF/sam0/utils/stdio/write.o
 .debug_frame   0x00000124       0x8c src/Motor.o
 .debug_frame   0x000001b0       0xd0 src/TheArtist.o
 .debug_frame   0x00000280      0x21c src/ASF/sam0/drivers/tcc/tcc.o
 .debug_frame   0x0000049c       0xd8 src/ASF/sam0/drivers/tcc/tcc_callback.o
 .debug_frame   0x00000574       0xac src/ASF/sam0/drivers/sercom/usart/usart.o
 .debug_frame   0x00000620      0x110 src/ASF/sam0/drivers/sercom/usart/usart_interrupt.o
 .debug_frame   0x00000730       0xec src/ASF/sam0/drivers/sercom/sercom_interrupt.o
 .debug_frame   0x0000081c       0x64 src/ASF/common2/services/delay/sam0/systick_counter.o
 .debug_frame   0x00000880       0x30 src/ASF/common/utils/interrupt/interrupt_sam_nvic.o
 .debug_frame   0x000008b0       0x30 src/ASF/sam0/boards/samr21_xplained_pro/board_init.o
 .debug_frame   0x000008e0       0x44 src/ASF/sam0/drivers/port/port.o
 .debug_frame   0x00000924      0x158 src/ASF/sam0/drivers/system/clock/clock_samd21_r21_da_ha1/clock.o
 .debug_frame   0x00000a7c      0x148 src/ASF/sam0/drivers/system/clock/clock_samd21_r21_da_ha1/gclk.o
 .debug_frame   0x00000bc4       0x74 src/ASF/sam0/drivers/system/pinmux/pinmux.o
 .debug_frame   0x00000c38       0x38 src/ASF/sam0/drivers/system/system.o
 .debug_frame   0x00000c70       0x3c src/ASF/sam0/utils/cmsis/samr21/source/gcc/startup_samr21.o
 .debug_frame   0x00000cac       0xa0 src/ASF/sam0/utils/syscalls/gcc/syscalls.o
 .debug_frame   0x00000d4c       0x5c src/main.o
 .debug_frame   0x00000da8       0x20 c:/program files (x86)/atmel/studio/7.0/toolchain/arm/arm-gnu-toolchain/bin/../lib/gcc/arm-none-eabi/5.3.1/armv6-m\libgcc.a(_udivsi3.o)
 .debug_frame   0x00000dc8       0x34 c:/program files (x86)/atmel/studio/7.0/toolchain/arm/arm-gnu-toolchain/bin/../lib/gcc/arm-none-eabi/5.3.1/armv6-m\libgcc.a(_muldi3.o)
 .debug_frame   0x00000dfc       0x2c c:/program files (x86)/atmel/studio/7.0/toolchain/arm/arm-gnu-toolchain/bin/../lib/gcc/arm-none-eabi/5.3.1/../../../../arm-none-eabi/lib/armv6-m\libc_nano.a(lib_a-init.o)
 .debug_frame   0x00000e28       0x28 c:/program files (x86)/atmel/studio/7.0/toolchain/arm/arm-gnu-toolchain/bin/../lib/gcc/arm-none-eabi/5.3.1/../../../../arm-none-eabi/lib/armv6-m\libc_nano.a(lib_a-memcpy-stub.o)
 .debug_frame   0x00000e50       0x20 c:/program files (x86)/atmel/studio/7.0/toolchain/arm/arm-gnu-toolchain/bin/../lib/gcc/arm-none-eabi/5.3.1/../../../../arm-none-eabi/lib/armv6-m\libc_nano.a(lib_a-memset.o)
 .debug_frame   0x00000e70       0x44 c:/program files (x86)/atmel/studio/7.0/toolchain/arm/arm-gnu-toolchain/bin/../lib/gcc/arm-none-eabi/5.3.1/../../../../arm-none-eabi/lib/armv6-m\libc_nano.a(lib_a-puts.o)
 .debug_frame   0x00000eb4       0x28 c:/program files (x86)/atmel/studio/7.0/toolchain/arm/arm-gnu-toolchain/bin/../lib/gcc/arm-none-eabi/5.3.1/../../../../arm-none-eabi/lib/armv6-m\libc_nano.a(lib_a-setbuf.o)
 .debug_frame   0x00000edc       0x30 c:/program files (x86)/atmel/studio/7.0/toolchain/arm/arm-gnu-toolchain/bin/../lib/gcc/arm-none-eabi/5.3.1/../../../../arm-none-eabi/lib/armv6-m\libc_nano.a(lib_a-setvbuf.o)
 .debug_frame   0x00000f0c       0x48 c:/program files (x86)/atmel/studio/7.0/toolchain/arm/arm-gnu-toolchain/bin/../lib/gcc/arm-none-eabi/5.3.1/../../../../arm-none-eabi/lib/armv6-m\libc_nano.a(lib_a-wbuf.o)
 .debug_frame   0x00000f54       0x2c c:/program files (x86)/atmel/studio/7.0/toolchain/arm/arm-gnu-toolchain/bin/../lib/gcc/arm-none-eabi/5.3.1/../../../../arm-none-eabi/lib/armv6-m\libc_nano.a(lib_a-wsetup.o)
 .debug_frame   0x00000f80       0x68 c:/program files (x86)/atmel/studio/7.0/toolchain/arm/arm-gnu-toolchain/bin/../lib/gcc/arm-none-eabi/5.3.1/../../../../arm-none-eabi/lib/armv6-m\libc_nano.a(lib_a-fflush.o)
 .debug_frame   0x00000fe8      0x140 c:/program files (x86)/atmel/studio/7.0/toolchain/arm/arm-gnu-toolchain/bin/../lib/gcc/arm-none-eabi/5.3.1/../../../../arm-none-eabi/lib/armv6-m\libc_nano.a(lib_a-findfp.o)
 .debug_frame   0x00001128       0x58 c:/program files (x86)/atmel/studio/7.0/toolchain/arm/arm-gnu-toolchain/bin/../lib/gcc/arm-none-eabi/5.3.1/../../../../arm-none-eabi/lib/armv6-m\libc_nano.a(lib_a-fwalk.o)
 .debug_frame   0x00001180       0x54 c:/program files (x86)/atmel/studio/7.0/toolchain/arm/arm-gnu-toolchain/bin/../lib/gcc/arm-none-eabi/5.3.1/../../../../arm-none-eabi/lib/armv6-m\libc_nano.a(lib_a-makebuf.o)
 .debug_frame   0x000011d4       0x40 c:/program files (x86)/atmel/studio/7.0/toolchain/arm/arm-gnu-toolchain/bin/../lib/gcc/arm-none-eabi/5.3.1/../../../../arm-none-eabi/lib/armv6-m\libc_nano.a(lib_a-malloc.o)
 .debug_frame   0x00001214       0x2c c:/program files (x86)/atmel/studio/7.0/toolchain/arm/arm-gnu-toolchain/bin/../lib/gcc/arm-none-eabi/5.3.1/../../../../arm-none-eabi/lib/armv6-m\libc_nano.a(lib_a-nano-freer.o)
 .debug_frame   0x00001240       0x2c c:/program files (x86)/atmel/studio/7.0/toolchain/arm/arm-gnu-toolchain/bin/../lib/gcc/arm-none-eabi/5.3.1/../../../../arm-none-eabi/lib/armv6-m\libc_nano.a(lib_a-nano-mallocr.o)
 .debug_frame   0x0000126c       0x2c c:/program files (x86)/atmel/studio/7.0/toolchain/arm/arm-gnu-toolchain/bin/../lib/gcc/arm-none-eabi/5.3.1/../../../../arm-none-eabi/lib/armv6-m\libc_nano.a(lib_a-sbrkr.o)
 .debug_frame   0x00001298       0x90 c:/program files (x86)/atmel/studio/7.0/toolchain/arm/arm-gnu-toolchain/bin/../lib/gcc/arm-none-eabi/5.3.1/../../../../arm-none-eabi/lib/armv6-m\libc_nano.a(lib_a-stdio.o)
 .debug_frame   0x00001328       0x2c c:/program files (x86)/atmel/studio/7.0/toolchain/arm/arm-gnu-toolchain/bin/../lib/gcc/arm-none-eabi/5.3.1/../../../../arm-none-eabi/lib/armv6-m\libc_nano.a(lib_a-writer.o)
 .debug_frame   0x00001354       0x2c c:/program files (x86)/atmel/studio/7.0/toolchain/arm/arm-gnu-toolchain/bin/../lib/gcc/arm-none-eabi/5.3.1/../../../../arm-none-eabi/lib/armv6-m\libc_nano.a(lib_a-closer.o)
 .debug_frame   0x00001380       0x2c c:/program files (x86)/atmel/studio/7.0/toolchain/arm/arm-gnu-toolchain/bin/../lib/gcc/arm-none-eabi/5.3.1/../../../../arm-none-eabi/lib/armv6-m\libc_nano.a(lib_a-fstatr.o)
 .debug_frame   0x000013ac       0x2c c:/program files (x86)/atmel/studio/7.0/toolchain/arm/arm-gnu-toolchain/bin/../lib/gcc/arm-none-eabi/5.3.1/../../../../arm-none-eabi/lib/armv6-m\libc_nano.a(lib_a-isattyr.o)
 .debug_frame   0x000013d8       0x2c c:/program files (x86)/atmel/studio/7.0/toolchain/arm/arm-gnu-toolchain/bin/../lib/gcc/arm-none-eabi/5.3.1/../../../../arm-none-eabi/lib/armv6-m\libc_nano.a(lib_a-lseekr.o)
 .debug_frame   0x00001404       0x2c c:/program files (x86)/atmel/studio/7.0/toolchain/arm/arm-gnu-toolchain/bin/../lib/gcc/arm-none-eabi/5.3.1/../../../../arm-none-eabi/lib/armv6-m\libc_nano.a(lib_a-readr.o)
 .debug_frame   0x00001430       0x48 c:/program files (x86)/atmel/studio/7.0/toolchain/arm/arm-gnu-toolchain/bin/../lib/gcc/arm-none-eabi/5.3.1/../../../../arm-none-eabi/lib/armv6-m\libc_nano.a(lib_a-reent.o)

Cross Reference Table

Symbol                                            File
AC_Handler                                        src/ASF/sam0/utils/cmsis/samr21/source/gcc/startup_samr21.o
ADC_Handler                                       src/ASF/sam0/utils/cmsis/samr21/source/gcc/startup_samr21.o
DMAC_Handler                                      src/ASF/sam0/utils/cmsis/samr21/source/gcc/startup_samr21.o
Dummy_Handler                                     src/ASF/sam0/utils/cmsis/samr21/source/gcc/startup_samr21.o
EIC_Handler                                       src/ASF/sam0/utils/cmsis/samr21/source/gcc/startup_samr21.o
EVSYS_Handler                                     src/ASF/sam0/utils/cmsis/samr21/source/gcc/startup_samr21.o
HardFault_Handler                                 src/ASF/sam0/utils/cmsis/samr21/source/gcc/startup_samr21.o
NMI_Handler                                       src/ASF/sam0/utils/cmsis/samr21/source/gcc/startup_samr21.o
NVMCTRL_Handler                                   src/ASF/sam0/utils/cmsis/samr21/source/gcc/startup_samr21.o
PM_Handler                                        src/ASF/sam0/utils/cmsis/samr21/source/gcc/startup_samr21.o
PTC_Handler                                       src/ASF/sam0/utils/cmsis/samr21/source/gcc/startup_samr21.o
PendSV_Handler                                    src/ASF/sam0/utils/cmsis/samr21/source/gcc/startup_samr21.o
RTC_Handler                                       src/ASF/sam0/utils/cmsis/samr21/source/gcc/startup_samr21.o
Reset_Handler                                     src/ASF/sam0/utils/cmsis/samr21/source/gcc/startup_samr21.o
SERCOM0_Handler                                   src/ASF/sam0/drivers/sercom/sercom_interrupt.o
SERCOM1_Handler                                   src/ASF/sam0/drivers/sercom/sercom_interrupt.o
SERCOM2_Handler                                   src/ASF/sam0/drivers/sercom/sercom_interrupt.o
SERCOM3_Handler                                   src/ASF/sam0/drivers/sercom/sercom_interrupt.o
SERCOM4_Handler                                   src/ASF/sam0/drivers/sercom/sercom_interrupt.o
SERCOM5_Handler                                   src/ASF/sam0/drivers/sercom/sercom_interrupt.o
SVC_Handler                                       src/ASF/sam0/utils/cmsis/samr21/source/gcc/startup_samr21.o
SYSCTRL_Handler                                   src/ASF/sam0/utils/cmsis/samr21/source/gcc/startup_samr21.o
SysTick_Handler                                   src/ASF/sam0/utils/cmsis/samr21/source/gcc/startup_samr21.o
SystemCoreClock                                   src/ASF/sam0/utils/cmsis/samr21/source/system_samr21.o
SystemCoreClockUpdate                             src/ASF/sam0/utils/cmsis/samr21/source/system_samr21.o
SystemInit                                        src/ASF/sam0/utils/cmsis/samr21/source/system_samr21.o
TC3_Handler                                       src/ASF/sam0/utils/cmsis/samr21/source/gcc/startup_samr21.o
TC4_Handler                                       src/ASF/sam0/utils/cmsis/samr21/source/gcc/startup_samr21.o
TC5_Handler                                       src/ASF/sam0/utils/cmsis/samr21/source/gcc/startup_samr21.o
TCC0_Handler                                      src/ASF/sam0/drivers/tcc/tcc_callback.o
TCC1_Handler                                      src/ASF/sam0/drivers/tcc/tcc_callback.o
TCC2_Handler                                      src/ASF/sam0/drivers/tcc/tcc_callback.o
USB_Handler                                       src/ASF/sam0/utils/cmsis/samr21/source/gcc/startup_samr21.o
WDT_Handler                                       src/ASF/sam0/utils/cmsis/samr21/source/gcc/startup_samr21.o
_Jv_RegisterClasses                               c:/program files (x86)/atmel/studio/7.0/toolchain/arm/arm-gnu-toolchain/bin/../lib/gcc/arm-none-eabi/5.3.1/armv6-m/crtbegin.o
__aeabi_idiv0                                     c:/program files (x86)/atmel/studio/7.0/toolchain/arm/arm-gnu-toolchain/bin/../lib/gcc/arm-none-eabi/5.3.1/armv6-m\libgcc.a(_dvmd_tls.o)
                                                  c:/program files (x86)/atmel/studio/7.0/toolchain/arm/arm-gnu-toolchain/bin/../lib/gcc/arm-none-eabi/5.3.1/armv6-m\libgcc.a(_udivsi3.o)
__aeabi_ldiv0                                     c:/program files (x86)/atmel/studio/7.0/toolchain/arm/arm-gnu-toolchain/bin/../lib/gcc/arm-none-eabi/5.3.1/armv6-m\libgcc.a(_dvmd_tls.o)
__aeabi_lmul                                      c:/program files (x86)/atmel/studio/7.0/toolchain/arm/arm-gnu-toolchain/bin/../lib/gcc/arm-none-eabi/5.3.1/armv6-m\libgcc.a(_muldi3.o)
                                                  src/ASF/sam0/drivers/sercom/sercom.o
__aeabi_uidiv                                     c:/program files (x86)/atmel/studio/7.0/toolchain/arm/arm-gnu-toolchain/bin/../lib/gcc/arm-none-eabi/5.3.1/armv6-m\libgcc.a(_udivsi3.o)
                                                  src/ASF/sam0/drivers/system/clock/clock_samd21_r21_da_ha1/gclk.o
                                                  src/ASF/sam0/drivers/system/clock/clock_samd21_r21_da_ha1/clock.o
                                                  src/ASF/common2/services/delay/sam0/systick_counter.o
__aeabi_uidivmod                                  c:/program files (x86)/atmel/studio/7.0/toolchain/arm/arm-gnu-toolchain/bin/../lib/gcc/arm-none-eabi/5.3.1/armv6-m\libgcc.a(_udivsi3.o)
__bss_end__                                       c:/program files (x86)/atmel/studio/7.0/toolchain/arm/arm-gnu-toolchain/bin/../lib/gcc/arm-none-eabi/5.3.1/../../../../arm-none-eabi/lib/armv6-m/crt0.o
__bss_start__                                     c:/program files (x86)/atmel/studio/7.0/toolchain/arm/arm-gnu-toolchain/bin/../lib/gcc/arm-none-eabi/5.3.1/../../../../arm-none-eabi/lib/armv6-m/crt0.o
__call_exitprocs                                  c:/program files (x86)/atmel/studio/7.0/toolchain/arm/arm-gnu-toolchain/bin/../lib/gcc/arm-none-eabi/5.3.1/../../../../arm-none-eabi/lib/armv6-m\libc_nano.a(lib_a-exit.o)
__deregister_frame_info                           c:/program files (x86)/atmel/studio/7.0/toolchain/arm/arm-gnu-toolchain/bin/../lib/gcc/arm-none-eabi/5.3.1/armv6-m/crtbegin.o
__dso_handle                                      c:/program files (x86)/atmel/studio/7.0/toolchain/arm/arm-gnu-toolchain/bin/../lib/gcc/arm-none-eabi/5.3.1/armv6-m/crtbegin.o
__fp_lock_all                                     c:/program files (x86)/atmel/studio/7.0/toolchain/arm/arm-gnu-toolchain/bin/../lib/gcc/arm-none-eabi/5.3.1/../../../../arm-none-eabi/lib/armv6-m\libc_nano.a(lib_a-findfp.o)
__fp_unlock_all                                   c:/program files (x86)/atmel/studio/7.0/toolchain/arm/arm-gnu-toolchain/bin/../lib/gcc/arm-none-eabi/5.3.1/../../../../arm-none-eabi/lib/armv6-m\libc_nano.a(lib_a-findfp.o)
__init_array_end                                  c:/program files (x86)/atmel/studio/7.0/toolchain/arm/arm-gnu-toolchain/bin/../lib/gcc/arm-none-eabi/5.3.1/../../../../arm-none-eabi/lib/armv6-m\libc_nano.a(lib_a-init.o)
__init_array_start                                c:/program files (x86)/atmel/studio/7.0/toolchain/arm/arm-gnu-toolchain/bin/../lib/gcc/arm-none-eabi/5.3.1/../../../../arm-none-eabi/lib/armv6-m\libc_nano.a(lib_a-init.o)
__libc_fini_array                                 c:/program files (x86)/atmel/studio/7.0/toolchain/arm/arm-gnu-toolchain/bin/../lib/gcc/arm-none-eabi/5.3.1/../../../../arm-none-eabi/lib/armv6-m/crt0.o
__libc_init_array                                 c:/program files (x86)/atmel/studio/7.0/toolchain/arm/arm-gnu-toolchain/bin/../lib/gcc/arm-none-eabi/5.3.1/../../../../arm-none-eabi/lib/armv6-m\libc_nano.a(lib_a-init.o)
                                                  src/ASF/sam0/utils/cmsis/samr21/source/gcc/startup_samr21.o
                                                  c:/program files (x86)/atmel/studio/7.0/toolchain/arm/arm-gnu-toolchain/bin/../lib/gcc/arm-none-eabi/5.3.1/../../../../arm-none-eabi/lib/armv6-m/crt0.o
__malloc_free_list                                c:/program files (x86)/atmel/studio/7.0/toolchain/arm/arm-gnu-toolchain/bin/../lib/gcc/arm-none-eabi/5.3.1/../../../../arm-none-eabi/lib/armv6-m\libc_nano.a(lib_a-nano-mallocr.o)
                                                  c:/program files (x86)/atmel/studio/7.0/toolchain/arm/arm-gnu-toolchain/bin/../lib/gcc/arm-none-eabi/5.3.1/../../../../arm-none-eabi/lib/armv6-m\libc_nano.a(lib_a-nano-freer.o)
__malloc_sbrk_start                               c:/program files (x86)/atmel/studio/7.0/toolchain/arm/arm-gnu-toolchain/bin/../lib/gcc/arm-none-eabi/5.3.1/../../../../arm-none-eabi/lib/armv6-m\libc_nano.a(lib_a-nano-mallocr.o)
__muldi3                                          c:/program files (x86)/atmel/studio/7.0/toolchain/arm/arm-gnu-toolchain/bin/../lib/gcc/arm-none-eabi/5.3.1/armv6-m\libgcc.a(_muldi3.o)
__preinit_array_end                               c:/program files (x86)/atmel/studio/7.0/toolchain/arm/arm-gnu-toolchain/bin/../lib/gcc/arm-none-eabi/5.3.1/../../../../arm-none-eabi/lib/armv6-m\libc_nano.a(lib_a-init.o)
__preinit_array_start                             c:/program files (x86)/atmel/studio/7.0/toolchain/arm/arm-gnu-toolchain/bin/../lib/gcc/arm-none-eabi/5.3.1/../../../../arm-none-eabi/lib/armv6-m\libc_nano.a(lib_a-init.o)
__register_frame_info                             c:/program files (x86)/atmel/studio/7.0/toolchain/arm/arm-gnu-toolchain/bin/../lib/gcc/arm-none-eabi/5.3.1/armv6-m/crtbegin.o
__sclose                                          c:/program files (x86)/atmel/studio/7.0/toolchain/arm/arm-gnu-toolchain/bin/../lib/gcc/arm-none-eabi/5.3.1/../../../../arm-none-eabi/lib/armv6-m\libc_nano.a(lib_a-stdio.o)
                                                  c:/program files (x86)/atmel/studio/7.0/toolchain/arm/arm-gnu-toolchain/bin/../lib/gcc/arm-none-eabi/5.3.1/../../../../arm-none-eabi/lib/armv6-m\libc_nano.a(lib_a-findfp.o)
__seofread                                        c:/program files (x86)/atmel/studio/7.0/toolchain/arm/arm-gnu-toolchain/bin/../lib/gcc/arm-none-eabi/5.3.1/../../../../arm-none-eabi/lib/armv6-m\libc_nano.a(lib_a-stdio.o)
__sf_fake_stderr                                  c:/program files (x86)/atmel/studio/7.0/toolchain/arm/arm-gnu-toolchain/bin/../lib/gcc/arm-none-eabi/5.3.1/../../../../arm-none-eabi/lib/armv6-m\libc_nano.a(lib_a-findfp.o)
                                                  c:/program files (x86)/atmel/studio/7.0/toolchain/arm/arm-gnu-toolchain/bin/../lib/gcc/arm-none-eabi/5.3.1/../../../../arm-none-eabi/lib/armv6-m\libc_nano.a(lib_a-fflush.o)
                                                  c:/program files (x86)/atmel/studio/7.0/toolchain/arm/arm-gnu-toolchain/bin/../lib/gcc/arm-none-eabi/5.3.1/../../../../arm-none-eabi/lib/armv6-m\libc_nano.a(lib_a-wsetup.o)
                                                  c:/program files (x86)/atmel/studio/7.0/toolchain/arm/arm-gnu-toolchain/bin/../lib/gcc/arm-none-eabi/5.3.1/../../../../arm-none-eabi/lib/armv6-m\libc_nano.a(lib_a-wbuf.o)
                                                  c:/program files (x86)/atmel/studio/7.0/toolchain/arm/arm-gnu-toolchain/bin/../lib/gcc/arm-none-eabi/5.3.1/../../../../arm-none-eabi/lib/armv6-m\libc_nano.a(lib_a-setvbuf.o)
                                                  c:/program files (x86)/atmel/studio/7.0/toolchain/arm/arm-gnu-toolchain/bin/../lib/gcc/arm-none-eabi/5.3.1/../../../../arm-none-eabi/lib/armv6-m\libc_nano.a(lib_a-puts.o)
                                                  c:/program files (x86)/atmel/studio/7.0/toolchain/arm/arm-gnu-toolchain/bin/../lib/gcc/arm-none-eabi/5.3.1/../../../../arm-none-eabi/lib/armv6-m\libc_nano.a(lib_a-impure.o)
__sf_fake_stdin                                   c:/program files (x86)/atmel/studio/7.0/toolchain/arm/arm-gnu-toolchain/bin/../lib/gcc/arm-none-eabi/5.3.1/../../../../arm-none-eabi/lib/armv6-m\libc_nano.a(lib_a-findfp.o)
                                                  c:/program files (x86)/atmel/studio/7.0/toolchain/arm/arm-gnu-toolchain/bin/../lib/gcc/arm-none-eabi/5.3.1/../../../../arm-none-eabi/lib/armv6-m\libc_nano.a(lib_a-fflush.o)
                                                  c:/program files (x86)/atmel/studio/7.0/toolchain/arm/arm-gnu-toolchain/bin/../lib/gcc/arm-none-eabi/5.3.1/../../../../arm-none-eabi/lib/armv6-m\libc_nano.a(lib_a-wsetup.o)
                                                  c:/program files (x86)/atmel/studio/7.0/toolchain/arm/arm-gnu-toolchain/bin/../lib/gcc/arm-none-eabi/5.3.1/../../../../arm-none-eabi/lib/armv6-m\libc_nano.a(lib_a-wbuf.o)
                                                  c:/program files (x86)/atmel/studio/7.0/toolchain/arm/arm-gnu-toolchain/bin/../lib/gcc/arm-none-eabi/5.3.1/../../../../arm-none-eabi/lib/armv6-m\libc_nano.a(lib_a-setvbuf.o)
                                                  c:/program files (x86)/atmel/studio/7.0/toolchain/arm/arm-gnu-toolchain/bin/../lib/gcc/arm-none-eabi/5.3.1/../../../../arm-none-eabi/lib/armv6-m\libc_nano.a(lib_a-puts.o)
                                                  c:/program files (x86)/atmel/studio/7.0/toolchain/arm/arm-gnu-toolchain/bin/../lib/gcc/arm-none-eabi/5.3.1/../../../../arm-none-eabi/lib/armv6-m\libc_nano.a(lib_a-impure.o)
__sf_fake_stdout                                  c:/program files (x86)/atmel/studio/7.0/toolchain/arm/arm-gnu-toolchain/bin/../lib/gcc/arm-none-eabi/5.3.1/../../../../arm-none-eabi/lib/armv6-m\libc_nano.a(lib_a-findfp.o)