Archive member included to satisfy reference by file (symbol)

c:/program files (x86)/atmel/studio/7.0/toolchain/arm/arm-gnu-toolchain/bin/../lib/gcc/arm-none-eabi/6.2.1/thumb/v6-m\libgcc.a(_udivsi3.o)
                              src/ASF/common2/services/delay/sam0/systick_counter.o (__aeabi_uidiv)
c:/program files (x86)/atmel/studio/7.0/toolchain/arm/arm-gnu-toolchain/bin/../lib/gcc/arm-none-eabi/6.2.1/thumb/v6-m\libgcc.a(_dvmd_tls.o)
                              c:/program files (x86)/atmel/studio/7.0/toolchain/arm/arm-gnu-toolchain/bin/../lib/gcc/arm-none-eabi/6.2.1/thumb/v6-m\libgcc.a(_udivsi3.o) (__aeabi_idiv0)
c:/program files (x86)/atmel/studio/7.0/toolchain/arm/arm-gnu-toolchain/bin/../lib/gcc/arm-none-eabi/6.2.1/thumb/v6-m\libgcc.a(_muldi3.o)
                              src/ASF/sam0/drivers/sercom/sercom.o (__aeabi_lmul)
c:/program files (x86)/atmel/studio/7.0/toolchain/arm/arm-gnu-toolchain/bin/../lib/gcc/arm-none-eabi/6.2.1/../../../../arm-none-eabi/lib/thumb/v6-m\libc_nano.a(lib_a-exit.o)
                              c:/program files (x86)/atmel/studio/7.0/toolchain/arm/arm-gnu-toolchain/bin/../lib/gcc/arm-none-eabi/6.2.1/../../../../arm-none-eabi/lib/thumb/v6-m/crt0.o (exit)
c:/program files (x86)/atmel/studio/7.0/toolchain/arm/arm-gnu-toolchain/bin/../lib/gcc/arm-none-eabi/6.2.1/../../../../arm-none-eabi/lib/thumb/v6-m\libc_nano.a(lib_a-impure.o)
                              c:/program files (x86)/atmel/studio/7.0/toolchain/arm/arm-gnu-toolchain/bin/../lib/gcc/arm-none-eabi/6.2.1/../../../../arm-none-eabi/lib/thumb/v6-m\libc_nano.a(lib_a-exit.o) (_global_impure_ptr)
c:/program files (x86)/atmel/studio/7.0/toolchain/arm/arm-gnu-toolchain/bin/../lib/gcc/arm-none-eabi/6.2.1/../../../../arm-none-eabi/lib/thumb/v6-m\libc_nano.a(lib_a-init.o)
                              c:/program files (x86)/atmel/studio/7.0/toolchain/arm/arm-gnu-toolchain/bin/../lib/gcc/arm-none-eabi/6.2.1/../../../../arm-none-eabi/lib/thumb/v6-m/crt0.o (__libc_init_array)
c:/program files (x86)/atmel/studio/7.0/toolchain/arm/arm-gnu-toolchain/bin/../lib/gcc/arm-none-eabi/6.2.1/../../../../arm-none-eabi/lib/thumb/v6-m\libc_nano.a(lib_a-memset.o)
                              c:/program files (x86)/atmel/studio/7.0/toolchain/arm/arm-gnu-toolchain/bin/../lib/gcc/arm-none-eabi/6.2.1/../../../../arm-none-eabi/lib/thumb/v6-m/crt0.o (memset)
c:/program files (x86)/atmel/studio/7.0/toolchain/arm/arm-gnu-toolchain/bin/../lib/gcc/arm-none-eabi/6.2.1/../../../../arm-none-eabi/lib/thumb/v6-m\libc_nano.a(lib_a-puts.o)
                              src/main.o (puts)
c:/program files (x86)/atmel/studio/7.0/toolchain/arm/arm-gnu-toolchain/bin/../lib/gcc/arm-none-eabi/6.2.1/../../../../arm-none-eabi/lib/thumb/v6-m\libc_nano.a(lib_a-setbuf.o)
                              src/TheArtist.o (setbuf)
c:/program files (x86)/atmel/studio/7.0/toolchain/arm/arm-gnu-toolchain/bin/../lib/gcc/arm-none-eabi/6.2.1/../../../../arm-none-eabi/lib/thumb/v6-m\libc_nano.a(lib_a-setvbuf.o)
                              c:/program files (x86)/atmel/studio/7.0/toolchain/arm/arm-gnu-toolchain/bin/../lib/gcc/arm-none-eabi/6.2.1/../../../../arm-none-eabi/lib/thumb/v6-m\libc_nano.a(lib_a-setbuf.o) (setvbuf)
c:/program files (x86)/atmel/studio/7.0/toolchain/arm/arm-gnu-toolchain/bin/../lib/gcc/arm-none-eabi/6.2.1/../../../../arm-none-eabi/lib/thumb/v6-m\libc_nano.a(lib_a-wbuf.o)
                              c:/program files (x86)/atmel/studio/7.0/toolchain/arm/arm-gnu-toolchain/bin/../lib/gcc/arm-none-eabi/6.2.1/../../../../arm-none-eabi/lib/thumb/v6-m\libc_nano.a(lib_a-puts.o) (__swbuf_r)
c:/program files (x86)/atmel/studio/7.0/toolchain/arm/arm-gnu-toolchain/bin/../lib/gcc/arm-none-eabi/6.2.1/../../../../arm-none-eabi/lib/thumb/v6-m\libc_nano.a(lib_a-wsetup.o)
                              c:/program files (x86)/atmel/studio/7.0/toolchain/arm/arm-gnu-toolchain/bin/../lib/gcc/arm-none-eabi/6.2.1/../../../../arm-none-eabi/lib/thumb/v6-m\libc_nano.a(lib_a-puts.o) (__swsetup_r)
c:/program files (x86)/atmel/studio/7.0/toolchain/arm/arm-gnu-toolchain/bin/../lib/gcc/arm-none-eabi/6.2.1/../../../../arm-none-eabi/lib/thumb/v6-m\libc_nano.a(lib_a-fflush.o)
                              c:/program files (x86)/atmel/studio/7.0/toolchain/arm/arm-gnu-toolchain/bin/../lib/gcc/arm-none-eabi/6.2.1/../../../../arm-none-eabi/lib/thumb/v6-m\libc_nano.a(lib_a-setvbuf.o) (_fflush_r)
c:/program files (x86)/atmel/studio/7.0/toolchain/arm/arm-gnu-toolchain/bin/../lib/gcc/arm-none-eabi/6.2.1/../../../../arm-none-eabi/lib/thumb/v6-m\libc_nano.a(lib_a-findfp.o)
                              c:/program files (x86)/atmel/studio/7.0/toolchain/arm/arm-gnu-toolchain/bin/../lib/gcc/arm-none-eabi/6.2.1/../../../../arm-none-eabi/lib/thumb/v6-m\libc_nano.a(lib_a-puts.o) (__sinit)
c:/program files (x86)/atmel/studio/7.0/toolchain/arm/arm-gnu-toolchain/bin/../lib/gcc/arm-none-eabi/6.2.1/../../../../arm-none-eabi/lib/thumb/v6-m\libc_nano.a(lib_a-fwalk.o)
[...]
Memory Configuration

Name             Origin             Length             Attributes
rom              0x00000000         0x00040000         xr
ram              0x20000000         0x00008000         xrw
*default*        0x00000000         0xffffffff

Linker script and memory map

LOAD c:/program files (x86)/atmel/studio/7.0/toolchain/arm/arm-gnu-toolchain/bin/../lib/gcc/arm-none-eabi/6.2.1/thumb/v6-m/crti.o
LOAD c:/program files (x86)/atmel/studio/7.0/toolchain/arm/arm-gnu-toolchain/bin/../lib/gcc/arm-none-eabi/6.2.1/thumb/v6-m/crtbegin.o
LOAD c:/program files (x86)/atmel/studio/7.0/toolchain/arm/arm-gnu-toolchain/bin/../lib/gcc/arm-none-eabi/6.2.1/../../../../arm-none-eabi/lib/thumb/v6-m/crt0.o
LOAD src/ASF/sam0/drivers/sercom/sercom.o
LOAD src/ASF/sam0/utils/stdio/read.o
LOAD src/ASF/sam0/utils/stdio/write.o
LOAD src/Motor.o
LOAD src/TheArtist.o
LOAD src/ASF/sam0/drivers/tcc/tcc.o
LOAD src/ASF/sam0/drivers/tcc/tcc_callback.o
LOAD src/ASF/sam0/drivers/sercom/usart/usart.o
LOAD src/ASF/sam0/drivers/sercom/usart/usart_interrupt.o
LOAD src/ASF/sam0/drivers/sercom/sercom_interrupt.o
LOAD src/ASF/common2/services/delay/sam0/systick_counter.o
LOAD src/ASF/common/utils/interrupt/interrupt_sam_nvic.o
LOAD src/ASF/sam0/boards/samr21_xplained_pro/board_init.o
LOAD src/ASF/sam0/drivers/port/port.o
LOAD src/ASF/sam0/drivers/system/clock/clock_samd21_r21_da_ha1/clock.o
LOAD src/ASF/sam0/drivers/system/clock/clock_samd21_r21_da_ha1/gclk.o
LOAD src/ASF/sam0/drivers/system/interrupt/system_interrupt.o
LOAD src/ASF/sam0/drivers/system/pinmux/pinmux.o
LOAD src/ASF/sam0/drivers/system/system.o
LOAD src/ASF/sam0/utils/cmsis/samr21/source/gcc/startup_samr21.o
LOAD src/ASF/sam0/utils/cmsis/samr21/source/system_samr21.o
LOAD src/ASF/sam0/utils/syscalls/gcc/syscalls.o
LOAD src/main.o
START GROUP
LOAD ../src/ASF/thirdparty/CMSIS/Lib/GCC\libarm_cortexM0l_math.a
LOAD c:/program files (x86)/atmel/studio/7.0/toolchain/arm/arm-gnu-toolchain/bin/../lib/gcc/arm-none-eabi/6.2.1/../../../../arm-none-eabi/lib/thumb/v6-m\libm.a
END GROUP
START GROUP
LOAD c:/program files (x86)/atmel/studio/7.0/toolchain/arm/arm-gnu-toolchain/bin/../lib/gcc/arm-none-eabi/6.2.1/thumb/v6-m\libgcc.a
LOAD c:/program files (x86)/atmel/studio/7.0/toolchain/arm/arm-gnu-toolchain/bin/../lib/gcc/arm-none-eabi/6.2.1/../../../../arm-none-eabi/lib/thumb/v6-m\libc_nano.a
END GROUP
START GROUP
LOAD c:/program files (x86)/atmel/studio/7.0/toolchain/arm/arm-gnu-toolchain/bin/../lib/gcc/arm-none-eabi/6.2.1/thumb/v6-m\libgcc.a
LOAD c:/program files (x86)/atmel/studio/7.0/toolchain/arm/arm-gnu-toolchain/bin/../lib/gcc/arm-none-eabi/6.2.1/../../../../arm-none-eabi/lib/thumb/v6-m\libc_nano.a
END GROUP
LOAD c:/program files (x86)/atmel/studio/7.0/toolchain/arm/arm-gnu-toolchain/bin/../lib/gcc/arm-none-eabi/6.2.1/thumb/v6-m/crtend.o
LOAD c:/program files (x86)/atmel/studio/7.0/toolchain/arm/arm-gnu-toolchain/bin/../lib/gcc/arm-none-eabi/6.2.1/thumb/v6-m/crtn.o
                0x00002000                STACK_SIZE = DEFINED (STACK_SIZE)?STACK_SIZE:DEFINED (__stack_size__)?__stack_size__:0x2000

.text           0x00000000     0x2bf8
                0x00000000                . = ALIGN (0x4)
                0x00000000                _sfixed = .
 *(.vectors .vectors.*)
 .vectors       0x00000000       0xb4 src/ASF/sam0/utils/cmsis/samr21/source/gcc/startup_samr21.o
                0x00000000                exception_table
 *(.text .text.* .gnu.linkonce.t.*)
 .text          0x000000b4       0x60 c:/program files (x86)/atmel/studio/7.0/toolchain/arm/arm-gnu-toolchain/bin/../lib/gcc/arm-none-eabi/6.2.1/thumb/v6-m/crtbegin.o
 .text.long_division
                0x00000114       0xba src/ASF/sam0/drivers/sercom/sercom.o
 .text._sercom_get_sync_baud_val
                0x000001ce       0x28 src/ASF/sam0/drivers/sercom/sercom.o
                0x000001ce                _sercom_get_sync_baud_val
 *fill*         0x000001f6        0x2 
 .text._sercom_get_async_baud_val
                0x000001f8       0x94 src/ASF/sam0/drivers/sercom/sercom.o
                0x000001f8                _sercom_get_async_baud_val
 .text.sercom_set_gclk_generator
                0x0000028c       0x4c src/ASF/sam0/drivers/sercom/sercom.o
                0x0000028c                sercom_set_gclk_generator
 .text._sercom_get_default_pad
                0x000002d8      0x178 src/ASF/sam0/drivers/sercom/sercom.o
                0x000002d8                _sercom_get_default_pad
 .text._sercom_get_sercom_inst_index
                0x00000450       0x38 src/ASF/sam0/drivers/sercom/sercom.o
                0x00000450                _sercom_get_sercom_inst_index
 .text._read    0x00000488       0x44 src/ASF/sam0/utils/stdio/read.o
                0x00000488                _read
 .text._write   0x000004cc       0x50 src/ASF/sam0/utils/stdio/write.o
                0x000004cc                _write
 .text.artist_motor_configure
                0x0000051c       0x18 src/Motor.o
                0x0000051c                artist_motor_configure
 .text.artist_motor_stop
                0x00000534       0x1c src/Motor.o
                0x00000534                artist_motor_stop
 .text.artist_motor_forward
                0x00000550       0x1c src/Motor.o
                0x00000550                artist_motor_forward
 .text.artist_motor_backward
                0x0000056c       0x24 src/Motor.o
                0x0000056c                artist_motor_backward
 .text.usart_write_callback
                0x00000590        0x2 src/TheArtist.o
                0x00000590                usart_write_callback
 *fill*         0x00000592        0x2 
 .text.usart_read_callback
                0x00000594       0x64 src/TheArtist.o
                0x00000594                usart_read_callback
 .text.usart_serial_getchar
                0x000005f8       0x2c src/TheArtist.o
 .text.usart_serial_putchar
                0x00000624       0x18 src/TheArtist.o
 .text.configure_usart_callbacks
                0x0000063c       0x2c src/TheArtist.o
                0x0000063c                configure_usart_callbacks
 .text.artist_usart_configure
                0x00000668      0x10c src/TheArtist.o
                0x00000668                artist_usart_configure
 .text.artist_motor_pwm_configure
                0x00000774       0xb4 src/TheArtist.o
                0x00000774                artist_motor_pwm_configure
 .text._tcc_get_inst_index
                0x00000828       0x34 src/ASF/sam0/drivers/tcc/tcc.o
                0x00000828                _tcc_get_inst_index
 .text._tcc_set_compare_value
                0x0000085c       0x74 src/ASF/sam0/drivers/tcc/tcc.o
 .text.tcc_get_config_defaults
                0x000008d0      0x14c src/ASF/sam0/drivers/tcc/tcc.o
                0x000008d0                tcc_get_config_defaults
 .text.tcc_init
                0x00000a1c      0x40c src/ASF/sam0/drivers/tcc/tcc.o
                0x00000a1c                tcc_init
 .text.tcc_set_compare_value
                0x00000e28       0x10 src/ASF/sam0/drivers/tcc/tcc.o
                0x00000e28                tcc_set_compare_value
 .text._tcc_interrupt_handler
                0x00000e38       0x4c src/ASF/sam0/drivers/tcc/tcc_callback.o
                0x00000e38                _tcc_interrupt_handler
 .text.TCC0_Handler
                0x00000e84       0x10 src/ASF/sam0/drivers/tcc/tcc_callback.o
                0x00000e84                TCC0_Handler
 .text.TCC1_Handler
                0x00000e94       0x10 src/ASF/sam0/drivers/tcc/tcc_callback.o
                0x00000e94                TCC1_Handler
 .text.TCC2_Handler
                0x00000ea4       0x10 src/ASF/sam0/drivers/tcc/tcc_callback.o
                0x00000ea4                TCC2_Handler
 .text.usart_init
                0x00000eb4      0x344 src/ASF/sam0/drivers/sercom/usart/usart.o
                0x00000eb4                usart_init
 .text.usart_write_wait
                0x000011f8       0x2c src/ASF/sam0/drivers/sercom/usart/usart.o
                0x000011f8                usart_write_wait
 .text.usart_read_wait
                0x00001224       0x70 src/ASF/sam0/drivers/sercom/usart/usart.o
                0x00001224                usart_read_wait
 .text._usart_read_buffer
                0x00001294       0x50 src/ASF/sam0/drivers/sercom/usart/usart_interrupt.o
                0x00001294                _usart_read_buffer
 .text.usart_register_callback
                0x000012e4       0x18 src/ASF/sam0/drivers/sercom/usart/usart_interrupt.o
                0x000012e4                usart_register_callback
 .text.usart_read_buffer_job
                0x000012fc       0x20 src/ASF/sam0/drivers/sercom/usart/usart_interrupt.o
                0x000012fc                usart_read_buffer_job
 .text._usart_interrupt_handler
                0x0000131c      0x194 src/ASF/sam0/drivers/sercom/usart/usart_interrupt.o
                0x0000131c                _usart_interrupt_handler
 .text._sercom_default_handler
                0x000014b0        0x2 src/ASF/sam0/drivers/sercom/sercom_interrupt.o
 *fill*         0x000014b2        0x2 
 .text._sercom_set_handler
                0x000014b4       0x3c src/ASF/sam0/drivers/sercom/sercom_interrupt.o
                0x000014b4                _sercom_set_handler
 .text._sercom_get_interrupt_vector
                0x000014f0       0x30 src/ASF/sam0/drivers/sercom/sercom_interrupt.o
                0x000014f0                _sercom_get_interrupt_vector
 .text.SERCOM0_Handler
                0x00001520       0x10 src/ASF/sam0/drivers/sercom/sercom_interrupt.o
                0x00001520                SERCOM0_Handler
 .text.SERCOM1_Handler
                0x00001530       0x10 src/ASF/sam0/drivers/sercom/sercom_interrupt.o
                0x00001530                SERCOM1_Handler
 .text.SERCOM2_Handler
                0x00001540       0x10 src/ASF/sam0/drivers/sercom/sercom_interrupt.o
                0x00001540                SERCOM2_Handler
 .text.SERCOM3_Handler
                0x00001550       0x10 src/ASF/sam0/drivers/sercom/sercom_interrupt.o
                0x00001550                SERCOM3_Handler
 .text.SERCOM4_Handler
                0x00001560       0x10 src/ASF/sam0/drivers/sercom/sercom_interrupt.o
                0x00001560                SERCOM4_Handler
 .text.SERCOM5_Handler
                0x00001570       0x10 src/ASF/sam0/drivers/sercom/sercom_interrupt.o
                0x00001570                SERCOM5_Handler
 .text.delay_init
                0x00001580       0x40 src/ASF/common2/services/delay/sam0/systick_counter.o
                0x00001580                delay_init
 .text.delay_cycles_ms
                0x000015c0       0x2c src/ASF/common2/services/delay/sam0/systick_counter.o
                0x000015c0                delay_cycles_ms
 .text.cpu_irq_enter_critical
                0x000015ec       0x40 src/ASF/common/utils/interrupt/interrupt_sam_nvic.o
                0x000015ec                cpu_irq_enter_critical
 .text.cpu_irq_leave_critical
                0x0000162c       0x30 src/ASF/common/utils/interrupt/interrupt_sam_nvic.o
                0x0000162c                cpu_irq_leave_critical
 .text.system_board_init
                0x0000165c       0x38 src/ASF/sam0/boards/samr21_xplained_pro/board_init.o
                0x0000165c                board_init
                0x0000165c                system_board_init
 .text.port_pin_set_config
                0x00001694       0x24 src/ASF/sam0/drivers/port/port.o
                0x00001694                port_pin_set_config
 .text.system_clock_source_get_hz
                0x000016b8       0x90 src/ASF/sam0/drivers/system/clock/clock_samd21_r21_da_ha1/clock.o
                0x000016b8                system_clock_source_get_hz
 .text.system_clock_source_osc8m_set_config
                0x00001748       0x3c src/ASF/sam0/drivers/system/clock/clock_samd21_r21_da_ha1/clock.o
                0x00001748                system_clock_source_osc8m_set_config
 .text.system_clock_source_enable
                0x00001784       0xa8 src/ASF/sam0/drivers/system/clock/clock_samd21_r21_da_ha1/clock.o
                0x00001784                system_clock_source_enable
 .text.system_clock_init
                0x0000182c       0x98 src/ASF/sam0/drivers/system/clock/clock_samd21_r21_da_ha1/clock.o
                0x0000182c                system_clock_init
 .text.system_gclk_init
                0x000018c4       0x24 src/ASF/sam0/drivers/system/clock/clock_samd21_r21_da_ha1/gclk.o
                0x000018c4                system_gclk_init
 .text.system_gclk_gen_set_config
                0x000018e8       0xb8 src/ASF/sam0/drivers/system/clock/clock_samd21_r21_da_ha1/gclk.o
                0x000018e8                system_gclk_gen_set_config
 .text.system_gclk_gen_enable
                0x000019a0       0x44 src/ASF/sam0/drivers/system/clock/clock_samd21_r21_da_ha1/gclk.o
                0x000019a0                system_gclk_gen_enable
 .text.system_gclk_gen_get_hz
                0x000019e4       0x8c src/ASF/sam0/drivers/system/clock/clock_samd21_r21_da_ha1/gclk.o
                0x000019e4                system_gclk_gen_get_hz
 .text.system_gclk_chan_enable
                0x00001a70       0x30 src/ASF/sam0/drivers/system/clock/clock_samd21_r21_da_ha1/gclk.o
                0x00001a70                system_gclk_chan_enable
 .text.system_gclk_chan_disable
                0x00001aa0       0x5c src/ASF/sam0/drivers/system/clock/clock_samd21_r21_da_ha1/gclk.o
                0x00001aa0                system_gclk_chan_disable
 .text.system_gclk_chan_set_config
                0x00001afc       0x1c src/ASF/sam0/drivers/system/clock/clock_samd21_r21_da_ha1/gclk.o
                0x00001afc                system_gclk_chan_set_config
 .text.system_gclk_chan_get_hz
                0x00001b18       0x34 src/ASF/sam0/drivers/system/clock/clock_samd21_r21_da_ha1/gclk.o
                0x00001b18                system_gclk_chan_get_hz
 .text._system_pinmux_config
                0x00001b4c       0xa8 src/ASF/sam0/drivers/system/pinmux/pinmux.o
 .text.system_pinmux_pin_set_config
                0x00001bf4       0x30 src/ASF/sam0/drivers/system/pinmux/pinmux.o
                0x00001bf4                system_pinmux_pin_set_config
 .text._system_dummy_init
                0x00001c24        0x2 src/ASF/sam0/drivers/system/system.o
                0x00001c24                _system_extint_init
                0x00001c24                _system_events_init
                0x00001c24                _system_dummy_init
                0x00001c24                _system_divas_init
 *fill*         0x00001c26        0x2 
 .text.system_init
                0x00001c28       0x2c src/ASF/sam0/drivers/system/system.o
                0x00001c28                system_init
 .text.Dummy_Handler
                0x00001c54        0x2 src/ASF/sam0/utils/cmsis/samr21/source/gcc/startup_samr21.o
                0x00001c54                DMAC_Handler
                0x00001c54                HardFault_Handler
                0x00001c54                AC_Handler
                0x00001c54                SysTick_Handler
                0x00001c54                PendSV_Handler
                0x00001c54                NMI_Handler
                0x00001c54                ADC_Handler
                0x00001c54                RTC_Handler
                0x00001c54                EIC_Handler
                0x00001c54                WDT_Handler
                0x00001c54                TC4_Handler
                0x00001c54                USB_Handler
                0x00001c54                TC3_Handler
                0x00001c54                Dummy_Handler
                0x00001c54                PM_Handler
                0x00001c54                SVC_Handler
                0x00001c54                EVSYS_Handler
                0x00001c54                NVMCTRL_Handler
                0x00001c54                PTC_Handler
                0x00001c54                TC5_Handler
                0x00001c54                SYSCTRL_Handler
 *fill*         0x00001c56        0x2 
 .text.Reset_Handler
                0x00001c58       0xe4 src/ASF/sam0/utils/cmsis/samr21/source/gcc/startup_samr21.o
                0x00001c58                Reset_Handler
 .text._sbrk    0x00001d3c       0x24 src/ASF/sam0/utils/syscalls/gcc/syscalls.o
                0x00001d3c                _sbrk
 .text._close   0x00001d60        0x6 src/ASF/sam0/utils/syscalls/gcc/syscalls.o
                0x00001d60                _close
 .text._fstat   0x00001d66        0xa src/ASF/sam0/utils/syscalls/gcc/syscalls.o
                0x00001d66                _fstat
 .text._isatty  0x00001d70        0x4 src/ASF/sam0/utils/syscalls/gcc/syscalls.o
                0x00001d70                _isatty
 .text._lseek   0x00001d74        0x4 src/ASF/sam0/utils/syscalls/gcc/syscalls.o
                0x00001d74                _lseek
 .text.setup    0x00001d78       0x88 src/main.o
                0x00001d78                setup
 .text.loop     0x00001e00       0x10 src/main.o
                0x00001e00                loop
 .text.main     0x00001e10       0x14 src/main.o
                0x00001e10                main
 .text          0x00001e24      0x114 c:/program files (x86)/atmel/studio/7.0/toolchain/arm/arm-gnu-toolchain/bin/../lib/gcc/arm-none-eabi/6.2.1/thumb/v6-m\libgcc.a(_udivsi3.o)
                0x00001e24                __aeabi_uidiv
                0x00001e24                __udivsi3
                0x00001f30                __aeabi_uidivmod
 .text          0x00001f38        0x4 c:/program files (x86)/atmel/studio/7.0/toolchain/arm/arm-gnu-toolchain/bin/../lib/gcc/arm-none-eabi/6.2.1/thumb/v6-m\libgcc.a(_dvmd_tls.o)
                0x00001f38                __aeabi_idiv0
                0x00001f38                __aeabi_ldiv0
 .text          0x00001f3c       0x54 c:/program files (x86)/atmel/studio/7.0/toolchain/arm/arm-gnu-toolchain/bin/../lib/gcc/arm-none-eabi/6.2.1/thumb/v6-m\libgcc.a(_muldi3.o)
                0x00001f3c                __muldi3
                0x00001f3c                __aeabi_lmul
 .text.__libc_init_array
                0x00001f90       0x48 c:/program files (x86)/atmel/studio/7.0/toolchain/arm/arm-gnu-toolchain/bin/../lib/gcc/arm-none-eabi/6.2.1/../../../../arm-none-eabi/lib/thumb/v6-m\libc_nano.a(lib_a-init.o)
                0x00001f90                __libc_init_array
 .text.memset   0x00001fd8       0x10 c:/program files (x86)/atmel/studio/7.0/toolchain/arm/arm-gnu-toolchain/bin/../lib/gcc/arm-none-eabi/6.2.1/../../../../arm-none-eabi/lib/thumb/v6-m\libc_nano.a(lib_a-memset.o)
                0x00001fd8                memset
 .text._puts_r  0x00001fe8       0xc0 c:/program files (x86)/atmel/studio/7.0/toolchain/arm/arm-gnu-toolchain/bin/../lib/gcc/arm-none-eabi/6.2.1/../../../../arm-none-eabi/lib/thumb/v6-m\libc_nano.a(lib_a-puts.o)
                0x00001fe8                _puts_r
 .text.puts     0x000020a8       0x14 c:/program files (x86)/atmel/studio/7.0/toolchain/arm/arm-gnu-toolchain/bin/../lib/gcc/arm-none-eabi/6.2.1/../../../../arm-none-eabi/lib/thumb/v6-m\libc_nano.a(lib_a-puts.o)
                0x000020a8                puts
 .text.setbuf   0x000020bc       0x12 c:/program files (x86)/atmel/studio/7.0/toolchain/arm/arm-gnu-toolchain/bin/../lib/gcc/arm-none-eabi/6.2.1/../../../../arm-none-eabi/lib/thumb/v6-m\libc_nano.a(lib_a-setbuf.o)
                0x000020bc                setbuf
 *fill*         0x000020ce        0x2 
 .text.setvbuf  0x000020d0      0x158 c:/program files (x86)/atmel/studio/7.0/toolchain/arm/arm-gnu-toolchain/bin/../lib/gcc/arm-none-eabi/6.2.1/../../../../arm-none-eabi/lib/thumb/v6-m\libc_nano.a(lib_a-setvbuf.o)
                0x000020d0                setvbuf
 .text.__swbuf_r
                0x00002228       0xac c:/program files (x86)/atmel/studio/7.0/toolchain/arm/arm-gnu-toolchain/bin/../lib/gcc/arm-none-eabi/6.2.1/../../../../arm-none-eabi/lib/thumb/v6-m\libc_nano.a(lib_a-wbuf.o)
                0x00002228                __swbuf_r
 .text.__swsetup_r
                0x000022d4       0xec c:/program files (x86)/atmel/studio/7.0/toolchain/arm/arm-gnu-toolchain/bin/../lib/gcc/arm-none-eabi/6.2.1/../../../../arm-none-eabi/lib/thumb/v6-m\libc_nano.a(lib_a-wsetup.o)
                0x000022d4                __swsetup_r
 .text.__sflush_r
                0x000023c0      0x114 c:/program files (x86)/atmel/studio/7.0/toolchain/arm/arm-gnu-toolchain/bin/../lib/gcc/arm-none-eabi/6.2.1/../../../../arm-none-eabi/lib/thumb/v6-m\libc_nano.a(lib_a-fflush.o)
                0x000023c0                __sflush_r
 .text._fflush_r
                0x000024d4       0x58 c:/program files (x86)/atmel/studio/7.0/toolchain/arm/arm-gnu-toolchain/bin/../lib/gcc/arm-none-eabi/6.2.1/../../../../arm-none-eabi/lib/thumb/v6-m\libc_nano.a(lib_a-fflush.o)
                0x000024d4                _fflush_r
 .text._cleanup_r
                0x0000252c       0x10 c:/program files (x86)/atmel/studio/7.0/toolchain/arm/arm-gnu-toolchain/bin/../lib/gcc/arm-none-eabi/6.2.1/../../../../arm-none-eabi/lib/thumb/v6-m\libc_nano.a(lib_a-findfp.o)
                0x0000252c                _cleanup_r
 .text.std.isra.0
                0x0000253c       0x48 c:/program files (x86)/atmel/studio/7.0/toolchain/arm/arm-gnu-toolchain/bin/../lib/gcc/arm-none-eabi/6.2.1/../../../../arm-none-eabi/lib/thumb/v6-m\libc_nano.a(lib_a-findfp.o)
 .text.__sfmoreglue
                0x00002584       0x2c c:/program files (x86)/atmel/studio/7.0/toolchain/arm/arm-gnu-toolchain/bin/../lib/gcc/arm-none-eabi/6.2.1/../../../../arm-none-eabi/lib/thumb/v6-m\libc_nano.a(lib_a-findfp.o)
                0x00002584                __sfmoreglue
 .text.__sinit  0x000025b0       0x68 c:/program files (x86)/atmel/studio/7.0/toolchain/arm/arm-gnu-toolchain/bin/../lib/gcc/arm-none-eabi/6.2.1/../../../../arm-none-eabi/lib/thumb/v6-m\libc_nano.a(lib_a-findfp.o)
                0x000025b0                __sinit
 .text.__sfp    0x00002618       0x80 c:/program files (x86)/atmel/studio/7.0/toolchain/arm/arm-gnu-toolchain/bin/../lib/gcc/arm-none-eabi/6.2.1/../../../../arm-none-eabi/lib/thumb/v6-m\libc_nano.a(lib_a-findfp.o)
                0x00002618                __sfp
 .text._fwalk_reent
                0x00002698       0x42 c:/program files (x86)/atmel/studio/7.0/toolchain/arm/arm-gnu-toolchain/bin/../lib/gcc/arm-none-eabi/6.2.1/../../../../arm-none-eabi/lib/thumb/v6-m\libc_nano.a(lib_a-fwalk.o)
                0x00002698                _fwalk_reent
 *fill*         0x000026da        0x2 
 .text.__swhatbuf_r
                0x000026dc       0x50 c:/program files (x86)/atmel/studio/7.0/toolchain/arm/arm-gnu-toolchain/bin/../lib/gcc/arm-none-eabi/6.2.1/../../../../arm-none-eabi/lib/thumb/v6-m\libc_nano.a(lib_a-makebuf.o)
                0x000026dc                __swhatbuf_r
 .text.__smakebuf_r
                0x0000272c       0x7c c:/program files (x86)/atmel/studio/7.0/toolchain/arm/arm-gnu-toolchain/bin/../lib/gcc/arm-none-eabi/6.2.1/../../../../arm-none-eabi/lib/thumb/v6-m\libc_nano.a(lib_a-makebuf.o)
                0x0000272c                __smakebuf_r
 .text.malloc   0x000027a8       0x14 c:/program files (x86)/atmel/studio/7.0/toolchain/arm/arm-gnu-toolchain/bin/../lib/gcc/arm-none-eabi/6.2.1/../../../../arm-none-eabi/lib/thumb/v6-m\libc_nano.a(lib_a-malloc.o)
                0x000027a8                malloc
 .text._free_r  0x000027bc       0x94 c:/program files (x86)/atmel/studio/7.0/toolchain/arm/arm-gnu-toolchain/bin/../lib/gcc/arm-none-eabi/6.2.1/../../../../arm-none-eabi/lib/thumb/v6-m\libc_nano.a(lib_a-nano-freer.o)
                0x000027bc                _free_r
 .text._malloc_r
                0x00002850       0xbc c:/program files (x86)/atmel/studio/7.0/toolchain/arm/arm-gnu-toolchain/bin/../lib/gcc/arm-none-eabi/6.2.1/../../../../arm-none-eabi/lib/thumb/v6-m\libc_nano.a(lib_a-nano-mallocr.o)
                0x00002850                _malloc_r
 .text._sbrk_r  0x0000290c       0x24 c:/program files (x86)/atmel/studio/7.0/toolchain/arm/arm-gnu-toolchain/bin/../lib/gcc/arm-none-eabi/6.2.1/../../../../arm-none-eabi/lib/thumb/v6-m\libc_nano.a(lib_a-sbrkr.o)
                0x0000290c                _sbrk_r
 .text.__sread  0x00002930       0x28 c:/program files (x86)/atmel/studio/7.0/toolchain/arm/arm-gnu-toolchain/bin/../lib/gcc/arm-none-eabi/6.2.1/../../../../arm-none-eabi/lib/thumb/v6-m\libc_nano.a(lib_a-stdio.o)
                0x00002930                __sread
 .text.__swrite
                0x00002958       0x38 c:/program files (x86)/atmel/studio/7.0/toolchain/arm/arm-gnu-toolchain/bin/../lib/gcc/arm-none-eabi/6.2.1/../../../../arm-none-eabi/lib/thumb/v6-m\libc_nano.a(lib_a-stdio.o)
                0x00002958                __swrite
 .text.__sseek  0x00002990       0x2c c:/program files (x86)/atmel/studio/7.0/toolchain/arm/arm-gnu-toolchain/bin/../lib/gcc/arm-none-eabi/6.2.1/../../../../arm-none-eabi/lib/thumb/v6-m\libc_nano.a(lib_a-stdio.o)
                0x00002990                __sseek
 .text.__sclose
                0x000029bc        0xc c:/program files (x86)/atmel/studio/7.0/toolchain/arm/arm-gnu-toolchain/bin/../lib/gcc/arm-none-eabi/6.2.1/../../../../arm-none-eabi/lib/thumb/v6-m\libc_nano.a(lib_a-stdio.o)
                0x000029bc                __sclose
 .text._write_r
                0x000029c8       0x28 c:/program files (x86)/atmel/studio/7.0/toolchain/arm/arm-gnu-toolchain/bin/../lib/gcc/arm-none-eabi/6.2.1/../../../../arm-none-eabi/lib/thumb/v6-m\libc_nano.a(lib_a-writer.o)
                0x000029c8                _write_r
 .text._close_r
                0x000029f0       0x24 c:/program files (x86)/atmel/studio/7.0/toolchain/arm/arm-gnu-toolchain/bin/../lib/gcc/arm-none-eabi/6.2.1/../../../../arm-none-eabi/lib/thumb/v6-m\libc_nano.a(lib_a-closer.o)
                0x000029f0                _close_r
 .text._fstat_r
                0x00002a14       0x24 c:/program files (x86)/atmel/studio/7.0/toolchain/arm/arm-gnu-toolchain/bin/../lib/gcc/arm-none-eabi/6.2.1/../../../../arm-none-eabi/lib/thumb/v6-m\libc_nano.a(lib_a-fstatr.o)
                0x00002a14                _fstat_r
 .text._isatty_r
                0x00002a38       0x24 c:/program files (x86)/atmel/studio/7.0/toolchain/arm/arm-gnu-toolchain/bin/../lib/gcc/arm-none-eabi/6.2.1/../../../../arm-none-eabi/lib/thumb/v6-m\libc_nano.a(lib_a-isattyr.o)
                0x00002a38                _isatty_r
 .text._lseek_r
                0x00002a5c       0x28 c:/program files (x86)/atmel/studio/7.0/toolchain/arm/arm-gnu-toolchain/bin/../lib/gcc/arm-none-eabi/6.2.1/../../../../arm-none-eabi/lib/thumb/v6-m\libc_nano.a(lib_a-lseekr.o)
                0x00002a5c                _lseek_r
 .text.__malloc_lock
                0x00002a84        0x2 c:/program files (x86)/atmel/studio/7.0/toolchain/arm/arm-gnu-toolchain/bin/../lib/gcc/arm-none-eabi/6.2.1/../../../../arm-none-eabi/lib/thumb/v6-m\libc_nano.a(lib_a-mlock.o)
                0x00002a84                __malloc_lock
 .text.__malloc_unlock
                0x00002a86        0x2 c:/program files (x86)/atmel/studio/7.0/toolchain/arm/arm-gnu-toolchain/bin/../lib/gcc/arm-none-eabi/6.2.1/../../../../arm-none-eabi/lib/thumb/v6-m\libc_nano.a(lib_a-mlock.o)
                0x00002a86                __malloc_unlock
 .text._read_r  0x00002a88       0x28 c:/program files (x86)/atmel/studio/7.0/toolchain/arm/arm-gnu-toolchain/bin/../lib/gcc/arm-none-eabi/6.2.1/../../../../arm-none-eabi/lib/thumb/v6-m\libc_nano.a(lib_a-readr.o)
                0x00002a88                _read_r
 *(.glue_7t)
 .glue_7t       0x00002ab0        0x0 linker stubs
 *(.glue_7)
 .glue_7        0x00002ab0        0x0 linker stubs
 *(.rodata .rodata* .gnu.linkonce.r.*)
 .rodata        0x00002ab0       0x18 src/ASF/sam0/drivers/sercom/sercom.o
 .rodata._tcc_apbcmasks
                0x00002ac8        0xc src/ASF/sam0/drivers/tcc/tcc.o
                0x00002ac8                _tcc_apbcmasks
 .rodata._tcc_cc_nums
                0x00002ad4        0x3 src/ASF/sam0/drivers/tcc/tcc.o
                0x00002ad4                _tcc_cc_nums
 *fill*         0x00002ad7        0x1 
 .rodata._tcc_gclk_ids
                0x00002ad8        0x3 src/ASF/sam0/drivers/tcc/tcc.o
                0x00002ad8                _tcc_gclk_ids
 *fill*         0x00002adb        0x1 
 .rodata._tcc_maxs
                0x00002adc        0xc src/ASF/sam0/drivers/tcc/tcc.o
                0x00002adc                _tcc_maxs
 .rodata._tcc_ow_nums
                0x00002ae8        0x3 src/ASF/sam0/drivers/tcc/tcc.o
                0x00002ae8                _tcc_ow_nums
 *fill*         0x00002aeb        0x1 
 .rodata._tcc_intflag
                0x00002aec       0x30 src/ASF/sam0/drivers/tcc/tcc_callback.o
                0x00002aec                _tcc_intflag
 .rodata.system_clock_source_get_hz
                0x00002b1c       0x24 src/ASF/sam0/drivers/system/clock/clock_samd21_r21_da_ha1/clock.o
 .rodata.system_clock_source_enable
                0x00002b40       0x24 src/ASF/sam0/drivers/system/clock/clock_samd21_r21_da_ha1/clock.o
 .rodata.setup.str1.4
                0x00002b64       0x10 src/main.o
                                  0xf (size before relaxing)
 .rodata._global_impure_ptr
                0x00002b74        0x4 c:/program files (x86)/atmel/studio/7.0/toolchain/arm/arm-gnu-toolchain/bin/../lib/gcc/arm-none-eabi/6.2.1/../../../../arm-none-eabi/lib/thumb/v6-m\libc_nano.a(lib_a-impure.o)
                0x00002b74                _global_impure_ptr
 .rodata.__sf_fake_stderr
                0x00002b78       0x20 c:/program files (x86)/atmel/studio/7.0/toolchain/arm/arm-gnu-toolchain/bin/../lib/gcc/arm-none-eabi/6.2.1/../../../../arm-none-eabi/lib/thumb/v6-m\libc_nano.a(lib_a-findfp.o)
                0x00002b78                __sf_fake_stderr
 .rodata.__sf_fake_stdin
                0x00002b98       0x20 c:/program files (x86)/atmel/studio/7.0/toolchain/arm/arm-gnu-toolchain/bin/../lib/gcc/arm-none-eabi/6.2.1/../../../../arm-none-eabi/lib/thumb/v6-m\libc_nano.a(lib_a-findfp.o)
                0x00002b98                __sf_fake_stdin
 .rodata.__sf_fake_stdout
                0x00002bb8       0x20 c:/program files (x86)/atmel/studio/7.0/toolchain/arm/arm-gnu-toolchain/bin/../lib/gcc/arm-none-eabi/6.2.1/../../../../arm-none-eabi/lib/thumb/v6-m\libc_nano.a(lib_a-findfp.o)
                0x00002bb8                __sf_fake_stdout
 *(.ARM.extab* .gnu.linkonce.armextab.*)
                0x00002bd8                . = ALIGN (0x4)
 *(.init)
 .init          0x00002bd8        0x4 c:/program files (x86)/atmel/studio/7.0/toolchain/arm/arm-gnu-toolchain/bin/../lib/gcc/arm-none-eabi/6.2.1/thumb/v6-m/crti.o
                0x00002bd8                _init
 .init          0x00002bdc        0x8 c:/program files (x86)/atmel/studio/7.0/toolchain/arm/arm-gnu-toolchain/bin/../lib/gcc/arm-none-eabi/6.2.1/thumb/v6-m/crtn.o
                0x00002be4                . = ALIGN (0x4)
                0x00002be4                __preinit_array_start = .
 *(.preinit_array)
                0x00002be4                __preinit_array_end = .
                0x00002be4                . = ALIGN (0x4)
                0x00002be4                __init_array_start = .
 *(SORT(.init_array.*))
 *(.init_array)
 .init_array    0x00002be4        0x4 c:/program files (x86)/atmel/studio/7.0/toolchain/arm/arm-gnu-toolchain/bin/../lib/gcc/arm-none-eabi/6.2.1/thumb/v6-m/crtbegin.o
                0x00002be8                __init_array_end = .
                0x00002be8                . = ALIGN (0x4)
 *crtbegin.o(.ctors)
 *(EXCLUDE_FILE(*crtend.o) .ctors)
 *(SORT(.ctors.*))
 *crtend.o(.ctors)
                0x00002be8                . = ALIGN (0x4)
 *(.fini)
 .fini          0x00002be8        0x4 c:/program files (x86)/atmel/studio/7.0/toolchain/arm/arm-gnu-toolchain/bin/../lib/gcc/arm-none-eabi/6.2.1/thumb/v6-m/crti.o
                0x00002be8                _fini
 .fini          0x00002bec        0x8 c:/program files (x86)/atmel/studio/7.0/toolchain/arm/arm-gnu-toolchain/bin/../lib/gcc/arm-none-eabi/6.2.1/thumb/v6-m/crtn.o
                0x00002bf4                . = ALIGN (0x4)
                0x00002bf4                __fini_array_start = .
 *(.fini_array)
 .fini_array    0x00002bf4        0x4 c:/program files (x86)/atmel/studio/7.0/toolchain/arm/arm-gnu-toolchain/bin/../lib/gcc/arm-none-eabi/6.2.1/thumb/v6-m/crtbegin.o
 *(SORT(.fini_array.*))
                0x00002bf8                __fini_array_end = .
 *crtbegin.o(.dtors)
 *(EXCLUDE_FILE(*crtend.o) .dtors)
 *(SORT(.dtors.*))
 *crtend.o(.dtors)
                0x00002bf8                . = ALIGN (0x4)
                0x00002bf8                _efixed = .
                [!provide]                PROVIDE (__exidx_start, .)

.vfp11_veneer   0x00002bf8        0x0
 .vfp11_veneer  0x00002bf8        0x0 linker stubs

.v4_bx          0x00002bf8        0x0
 .v4_bx         0x00002bf8        0x0 linker stubs

.iplt           0x00002bf8        0x0
 .iplt          0x00002bf8        0x0 c:/program files (x86)/atmel/studio/7.0/toolchain/arm/arm-gnu-toolchain/bin/../lib/gcc/arm-none-eabi/6.2.1/thumb/v6-m/crtbegin.o

.eh_frame       0x00002bf8        0x0
 .eh_frame      0x00002bf8        0x0 c:/program files (x86)/atmel/studio/7.0/toolchain/arm/arm-gnu-toolchain/bin/../lib/gcc/arm-none-eabi/6.2.1/thumb/v6-m/crtbegin.o

.rel.dyn        0x00002bf8        0x0
 .rel.iplt      0x00002bf8        0x0 c:/program files (x86)/atmel/studio/7.0/toolchain/arm/arm-gnu-toolchain/bin/../lib/gcc/arm-none-eabi/6.2.1/thumb/v6-m/crtbegin.o

.jcr            0x00002bf8        0x0
 .jcr           0x00002bf8        0x0 c:/program files (x86)/atmel/studio/7.0/toolchain/arm/arm-gnu-toolchain/bin/../lib/gcc/arm-none-eabi/6.2.1/thumb/v6-m/crtbegin.o

.igot.plt       0x00002bf8        0x0
 .igot.plt      0x00002bf8        0x0 c:/program files (x86)/atmel/studio/7.0/toolchain/arm/arm-gnu-toolchain/bin/../lib/gcc/arm-none-eabi/6.2.1/thumb/v6-m/crtbegin.o

.ARM.exidx
 *(.ARM.exidx* .gnu.linkonce.armexidx.*)
                [!provide]                PROVIDE (__exidx_end, .)
                0x00002bf8                . = ALIGN (0x4)
                0x00002bf8                _etext = .

.relocate       0x20000000       0x70 load address 0x00002bf8
                0x20000000                . = ALIGN (0x4)
                0x20000000                _srelocate = .
 *(.ramfunc .ramfunc.*)
 *(.data .data.*)
 .data.cycles_per_ms
                0x20000000        0x4 src/ASF/common2/services/delay/sam0/systick_counter.o
 .data.cycles_per_us
                0x20000004        0x4 src/ASF/common2/services/delay/sam0/systick_counter.o
 .data.g_interrupt_enabled
                0x20000008        0x1 src/ASF/common/utils/interrupt/interrupt_sam_nvic.o
                0x20000008                g_interrupt_enabled
 *fill*         0x20000009        0x3 
 .data._impure_ptr
                0x2000000c        0x4 c:/program files (x86)/atmel/studio/7.0/toolchain/arm/arm-gnu-toolchain/bin/../lib/gcc/arm-none-eabi/6.2.1/../../../../arm-none-eabi/lib/thumb/v6-m\libc_nano.a(lib_a-impure.o)
                0x2000000c                _impure_ptr
 .data.impure_data
                0x20000010       0x60 c:/program files (x86)/atmel/studio/7.0/toolchain/arm/arm-gnu-toolchain/bin/../lib/gcc/arm-none-eabi/6.2.1/../../../../arm-none-eabi/lib/thumb/v6-m\libc_nano.a(lib_a-impure.o)
                0x20000070                . = ALIGN (0x4)
                0x20000070                _erelocate = .

.bss            0x20000070      0x120 load address 0x00002c68
                0x20000070                . = ALIGN (0x4)
                0x20000070                _sbss = .
                0x20000070                _szero = .
 *(.bss .bss.*)
 .bss           0x20000070       0x1c c:/program files (x86)/atmel/studio/7.0/toolchain/arm/arm-gnu-toolchain/bin/../lib/gcc/arm-none-eabi/6.2.1/thumb/v6-m/crtbegin.o
 .bss._sercom_config
                0x2000008c        0x2 src/ASF/sam0/drivers/sercom/sercom.o
 .bss._handler_table_initialized
                0x2000008e        0x1 src/ASF/sam0/drivers/sercom/sercom_interrupt.o
 *fill*         0x2000008f        0x1 
 .bss._sercom_interrupt_handlers
                0x20000090       0x18 src/ASF/sam0/drivers/sercom/sercom_interrupt.o
 .bss.cpu_irq_critical_section_counter
                0x200000a8        0x4 src/ASF/common/utils/interrupt/interrupt_sam_nvic.o
 .bss.cpu_irq_prev_interrupt_state
                0x200000ac        0x1 src/ASF/common/utils/interrupt/interrupt_sam_nvic.o
 *fill*         0x200000ad        0x3 
 .bss._system_clock_inst
                0x200000b0       0x18 src/ASF/sam0/drivers/system/clock/clock_samd21_r21_da_ha1/clock.o
 .bss.heap.5276
                0x200000c8        0x4 src/ASF/sam0/utils/syscalls/gcc/syscalls.o
 .bss.__malloc_free_list
                0x200000cc        0x4 c:/program files (x86)/atmel/studio/7.0/toolchain/arm/arm-gnu-toolchain/bin/../lib/gcc/arm-none-eabi/6.2.1/../../../../arm-none-eabi/lib/thumb/v6-m\libc_nano.a(lib_a-nano-mallocr.o)
                0x200000cc                __malloc_free_list
 .bss.__malloc_sbrk_start
                0x200000d0        0x4 c:/program files (x86)/atmel/studio/7.0/toolchain/arm/arm-gnu-toolchain/bin/../lib/gcc/arm-none-eabi/6.2.1/../../../../arm-none-eabi/lib/thumb/v6-m\libc_nano.a(lib_a-nano-mallocr.o)
                0x200000d0                __malloc_sbrk_start
 *(COMMON)
 COMMON         0x200000d4        0x4 src/ASF/sam0/utils/stdio/read.o
                0x200000d4                ptr_get
 COMMON         0x200000d8        0x8 src/ASF/sam0/utils/stdio/write.o
                0x200000d8                ptr_put
                0x200000dc                stdio_base
 COMMON         0x200000e0       0x85 src/Motor.o
                0x200000e0                artist
                0x20000160                rx_buffer
 *fill*         0x20000165        0x3 
 COMMON         0x20000168        0xc src/ASF/sam0/drivers/tcc/tcc_callback.o
                0x20000168                _tcc_instances
 COMMON         0x20000174       0x18 src/ASF/sam0/drivers/sercom/sercom_interrupt.o
                0x20000174                _sercom_instances
 COMMON         0x2000018c        0x4 c:/program files (x86)/atmel/studio/7.0/toolchain/arm/arm-gnu-toolchain/bin/../lib/gcc/arm-none-eabi/6.2.1/../../../../arm-none-eabi/lib/thumb/v6-m\libc_nano.a(lib_a-reent.o)
                0x2000018c                errno
                0x20000190                . = ALIGN (0x4)
                0x20000190                _ebss = .
                0x20000190                _ezero = .

.stack          0x20000190     0x2000 load address 0x00002d88
                0x20000190                . = ALIGN (0x8)
                0x20000190                _sstack = .
                0x20002190                . = (. + STACK_SIZE)
 *fill*         0x20000190     0x2000 
                0x20002190                . = ALIGN (0x8)
                0x20002190                _estack = .
                0x20002190                . = ALIGN (0x4)
                0x20002190                _end = .
OUTPUT(back.elf elf32-littlearm)

.ARM.attributes
                0x00000000       0x28
 .ARM.attributes
                0x00000000       0x1e c:/program files (x86)/atmel/studio/7.0/toolchain/arm/arm-gnu-toolchain/bin/../lib/gcc/arm-none-eabi/6.2.1/thumb/v6-m/crti.o
 .ARM.attributes
                0x0000001e       0x2c c:/program files (x86)/atmel/studio/7.0/toolchain/arm/arm-gnu-toolchain/bin/../lib/gcc/arm-none-eabi/6.2.1/thumb/v6-m/crtbegin.o
 .ARM.attributes
                0x0000004a       0x32 src/ASF/sam0/drivers/sercom/sercom.o
 .ARM.attributes
                0x0000007c       0x32 src/ASF/sam0/utils/stdio/read.o
 .ARM.attributes
                0x000000ae       0x32 src/ASF/sam0/utils/stdio/write.o
 .ARM.attributes
                0x000000e0       0x32 src/Motor.o
 .ARM.attributes
                0x00000112       0x32 src/TheArtist.o
 .ARM.attributes
                0x00000144       0x32 src/ASF/sam0/drivers/tcc/tcc.o
 .ARM.attributes
                0x00000176       0x32 src/ASF/sam0/drivers/tcc/tcc_callback.o
 .ARM.attributes
                0x000001a8       0x32 src/ASF/sam0/drivers/sercom/usart/usart.o
 .ARM.attributes
                0x000001da       0x32 src/ASF/sam0/drivers/sercom/usart/usart_interrupt.o
 .ARM.attributes
                0x0000020c       0x32 src/ASF/sam0/drivers/sercom/sercom_interrupt.o
 .ARM.attributes
                0x0000023e       0x32 src/ASF/common2/services/delay/sam0/systick_counter.o
 .ARM.attributes
                0x00000270       0x32 src/ASF/common/utils/interrupt/interrupt_sam_nvic.o
 .ARM.attributes
                0x000002a2       0x32 src/ASF/sam0/boards/samr21_xplained_pro/board_init.o
 .ARM.attributes
                0x000002d4       0x32 src/ASF/sam0/drivers/port/port.o
 .ARM.attributes
                0x00000306       0x32 src/ASF/sam0/drivers/system/clock/clock_samd21_r21_da_ha1/clock.o
 .ARM.attributes
                0x00000338       0x32 src/ASF/sam0/drivers/system/clock/clock_samd21_r21_da_ha1/gclk.o
 .ARM.attributes
                0x0000036a       0x32 src/ASF/sam0/drivers/system/pinmux/pinmux.o
 .ARM.attributes
                0x0000039c       0x32 src/ASF/sam0/drivers/system/system.o
 .ARM.attributes
                0x000003ce       0x32 src/ASF/sam0/utils/cmsis/samr21/source/gcc/startup_samr21.o
 .ARM.attributes
                0x00000400       0x32 src/ASF/sam0/utils/syscalls/gcc/syscalls.o
 .ARM.attributes
                0x00000432       0x32 src/main.o
 .ARM.attributes
                0x00000464       0x1e c:/program files (x86)/atmel/studio/7.0/toolchain/arm/arm-gnu-toolchain/bin/../lib/gcc/arm-none-eabi/6.2.1/thumb/v6-m\libgcc.a(_udivsi3.o)
 .ARM.attributes
                0x00000482       0x1e c:/program files (x86)/atmel/studio/7.0/toolchain/arm/arm-gnu-toolchain/bin/../lib/gcc/arm-none-eabi/6.2.1/thumb/v6-m\libgcc.a(_dvmd_tls.o)
 .ARM.attributes
                0x000004a0       0x2c c:/program files (x86)/atmel/studio/7.0/toolchain/arm/arm-gnu-toolchain/bin/../lib/gcc/arm-none-eabi/6.2.1/thumb/v6-m\libgcc.a(_muldi3.o)
 .ARM.attributes
                0x000004cc       0x2c c:/program files (x86)/atmel/studio/7.0/toolchain/arm/arm-gnu-toolchain/bin/../lib/gcc/arm-none-eabi/6.2.1/../../../../arm-none-eabi/lib/thumb/v6-m\libc_nano.a(lib_a-impure.o)
 .ARM.attributes
                0x000004f8       0x2c c:/program files (x86)/atmel/studio/7.0/toolchain/arm/arm-gnu-toolchain/bin/../lib/gcc/arm-none-eabi/6.2.1/../../../../arm-none-eabi/lib/thumb/v6-m\libc_nano.a(lib_a-init.o)
 .ARM.attributes
                0x00000524       0x2c c:/program files (x86)/atmel/studio/7.0/toolchain/arm/arm-gnu-toolchain/bin/../lib/gcc/arm-none-eabi/6.2.1/../../../../arm-none-eabi/lib/thumb/v6-m\libc_nano.a(lib_a-memset.o)
 .ARM.attributes
                0x00000550       0x2c c:/program files (x86)/atmel/studio/7.0/toolchain/arm/arm-gnu-toolchain/bin/../lib/gcc/arm-none-eabi/6.2.1/../../../../arm-none-eabi/lib/thumb/v6-m\libc_nano.a(lib_a-puts.o)
 .ARM.attributes
                0x0000057c       0x2c c:/program files (x86)/atmel/studio/7.0/toolchain/arm/arm-gnu-toolchain/bin/../lib/gcc/arm-none-eabi/6.2.1/../../../../arm-none-eabi/lib/thumb/v6-m\libc_nano.a(lib_a-setbuf.o)
 .ARM.attributes
                0x000005a8       0x2c c:/program files (x86)/atmel/studio/7.0/toolchain/arm/arm-gnu-toolchain/bin/../lib/gcc/arm-none-eabi/6.2.1/../../../../arm-none-eabi/lib/thumb/v6-m\libc_nano.a(lib_a-setvbuf.o)
 .ARM.attributes
                0x000005d4       0x2c c:/program files (x86)/atmel/studio/7.0/toolchain/arm/arm-gnu-toolchain/bin/../lib/gcc/arm-none-eabi/6.2.1/../../../../arm-none-eabi/lib/thumb/v6-m\libc_nano.a(lib_a-wbuf.o)
 .ARM.attributes
                0x00000600       0x2c c:/program files (x86)/atmel/studio/7.0/toolchain/arm/arm-gnu-toolchain/bin/../lib/gcc/arm-none-eabi/6.2.1/../../../../arm-none-eabi/lib/thumb/v6-m\libc_nano.a(lib_a-wsetup.o)
 .ARM.attributes
                0x0000062c       0x2c c:/program files (x86)/atmel/studio/7.0/toolchain/arm/arm-gnu-toolchain/bin/../lib/gcc/arm-none-eabi/6.2.1/../../../../arm-none-eabi/lib/thumb/v6-m\libc_nano.a(lib_a-fflush.o)
 .ARM.attributes
                0x00000658       0x2c c:/program files (x86)/atmel/studio/7.0/toolchain/arm/arm-gnu-toolchain/bin/../lib/gcc/arm-none-eabi/6.2.1/../../../../arm-none-eabi/lib/thumb/v6-m\libc_nano.a(lib_a-findfp.o)
 .ARM.attributes
                0x00000684       0x2c c:/program files (x86)/atmel/studio/7.0/toolchain/arm/arm-gnu-toolchain/bin/../lib/gcc/arm-none-eabi/6.2.1/../../../../arm-none-eabi/lib/thumb/v6-m\libc_nano.a(lib_a-fwalk.o)
 .ARM.attributes
                0x000006b0       0x2c c:/program files (x86)/atmel/studio/7.0/toolchain/arm/arm-gnu-toolchain/bin/../lib/gcc/arm-none-eabi/6.2.1/../../../../arm-none-eabi/lib/thumb/v6-m\libc_nano.a(lib_a-makebuf.o)
 .ARM.attributes
                0x000006dc       0x2c c:/program files (x86)/atmel/studio/7.0/toolchain/arm/arm-gnu-toolchain/bin/../lib/gcc/arm-none-eabi/6.2.1/../../../../arm-none-eabi/lib/thumb/v6-m\libc_nano.a(lib_a-malloc.o)
 .ARM.attributes
                0x00000708       0x2c c:/program files (x86)/atmel/studio/7.0/toolchain/arm/arm-gnu-toolchain/bin/../lib/gcc/arm-none-eabi/6.2.1/../../../../arm-none-eabi/lib/thumb/v6-m\libc_nano.a(lib_a-nano-freer.o)
 .ARM.attributes
                0x00000734       0x2c c:/program files (x86)/atmel/studio/7.0/toolchain/arm/arm-gnu-toolchain/bin/../lib/gcc/arm-none-eabi/6.2.1/../../../../arm-none-eabi/lib/thumb/v6-m\libc_nano.a(lib_a-nano-mallocr.o)
 .ARM.attributes
                0x00000760       0x2c c:/program files (x86)/atmel/studio/7.0/toolchain/arm/arm-gnu-toolchain/bin/../lib/gcc/arm-none-eabi/6.2.1/../../../../arm-none-eabi/lib/thumb/v6-m\libc_nano.a(lib_a-sbrkr.o)
 .ARM.attributes
                0x0000078c       0x2c c:/program files (x86)/atmel/studio/7.0/toolchain/arm/arm-gnu-toolchain/bin/../lib/gcc/arm-none-eabi/6.2.1/../../../../arm-none-eabi/lib/thumb/v6-m\libc_nano.a(lib_a-stdio.o)
 .ARM.attributes
                0x000007b8       0x2c c:/program files (x86)/atmel/studio/7.0/toolchain/arm/arm-gnu-toolchain/bin/../lib/gcc/arm-none-eabi/6.2.1/../../../../arm-none-eabi/lib/thumb/v6-m\libc_nano.a(lib_a-writer.o)
 .ARM.attributes
                0x000007e4       0x2c c:/program files (x86)/atmel/studio/7.0/toolchain/arm/arm-gnu-toolchain/bin/../lib/gcc/arm-none-eabi/6.2.1/../../../../arm-none-eabi/lib/thumb/v6-m\libc_nano.a(lib_a-closer.o)
 .ARM.attributes
                0x00000810       0x2c c:/program files (x86)/atmel/studio/7.0/toolchain/arm/arm-gnu-toolchain/bin/../lib/gcc/arm-none-eabi/6.2.1/../../../../arm-none-eabi/lib/thumb/v6-m\libc_nano.a(lib_a-fstatr.o)
 .ARM.attributes
                0x0000083c       0x2c c:/program files (x86)/atmel/studio/7.0/toolchain/arm/arm-gnu-toolchain/bin/../lib/gcc/arm-none-eabi/6.2.1/../../../../arm-none-eabi/lib/thumb/v6-m\libc_nano.a(lib_a-isattyr.o)
 .ARM.attributes
                0x00000868       0x2c c:/program files (x86)/atmel/studio/7.0/toolchain/arm/arm-gnu-toolchain/bin/../lib/gcc/arm-none-eabi/6.2.1/../../../../arm-none-eabi/lib/thumb/v6-m\libc_nano.a(lib_a-lseekr.o)
 .ARM.attributes
                0x00000894       0x2c c:/program files (x86)/atmel/studio/7.0/toolchain/arm/arm-gnu-toolchain/bin/../lib/gcc/arm-none-eabi/6.2.1/../../../../arm-none-eabi/lib/thumb/v6-m\libc_nano.a(lib_a-mlock.o)
 .ARM.attributes
                0x000008c0       0x2c c:/program files (x86)/atmel/studio/7.0/toolchain/arm/arm-gnu-toolchain/bin/../lib/gcc/arm-none-eabi/6.2.1/../../../../arm-none-eabi/lib/thumb/v6-m\libc_nano.a(lib_a-readr.o)
 .ARM.attributes
                0x000008ec       0x2c c:/program files (x86)/atmel/studio/7.0/toolchain/arm/arm-gnu-toolchain/bin/../lib/gcc/arm-none-eabi/6.2.1/../../../../arm-none-eabi/lib/thumb/v6-m\libc_nano.a(lib_a-reent.o)
 .ARM.attributes
                0x00000918       0x1e c:/program files (x86)/atmel/studio/7.0/toolchain/arm/arm-gnu-toolchain/bin/../lib/gcc/arm-none-eabi/6.2.1/thumb/v6-m/crtn.o

.comment        0x00000000       0x59
 .comment       0x00000000       0x59 src/ASF/sam0/drivers/sercom/sercom.o
                                 0x5a (size before relaxing)
 .comment       0x00000059       0x5a src/ASF/sam0/utils/stdio/read.o
 .comment       0x00000059       0x5a src/ASF/sam0/utils/stdio/write.o
 .comment       0x00000059       0x5a src/Motor.o
 .comment       0x00000059       0x5a src/TheArtist.o
 .comment       0x00000059       0x5a src/ASF/sam0/drivers/tcc/tcc.o
 .comment       0x00000059       0x5a src/ASF/sam0/drivers/tcc/tcc_callback.o
 .comment       0x00000059       0x5a src/ASF/sam0/drivers/sercom/usart/usart.o
 .comment       0x00000059       0x5a src/ASF/sam0/drivers/sercom/usart/usart_interrupt.o
 .comment       0x00000059       0x5a src/ASF/sam0/drivers/sercom/sercom_interrupt.o
 .comment       0x00000059       0x5a src/ASF/common2/services/delay/sam0/systick_counter.o
 .comment       0x00000059       0x5a src/ASF/common/utils/interrupt/interrupt_sam_nvic.o
 .comment       0x00000059       0x5a src/ASF/sam0/boards/samr21_xplained_pro/board_init.o
 .comment       0x00000059       0x5a src/ASF/sam0/drivers/port/port.o
 .comment       0x00000059       0x5a src/ASF/sam0/drivers/system/clock/clock_samd21_r21_da_ha1/clock.o
 .comment       0x00000059       0x5a src/ASF/sam0/drivers/system/clock/clock_samd21_r21_da_ha1/gclk.o
 .comment       0x00000059       0x5a src/ASF/sam0/drivers/system/pinmux/pinmux.o
 .comment       0x00000059       0x5a src/ASF/sam0/drivers/system/system.o
 .comment       0x00000059       0x5a src/ASF/sam0/utils/cmsis/samr21/source/gcc/startup_samr21.o
 .comment       0x00000059       0x5a src/ASF/sam0/utils/syscalls/gcc/syscalls.o
 .comment       0x00000059       0x5a src/main.o

.debug_info     0x00000000    0x3571e
 .debug_info    0x00000000     0x2dc0 src/ASF/sam0/drivers/sercom/sercom.o
 .debug_info    0x00002dc0      0xac3 src/ASF/sam0/utils/stdio/read.o
 .debug_info    0x00003883      0xac0 src/ASF/sam0/utils/stdio/write.o
 .debug_info    0x00004343     0x4dea src/Motor.o
 .debug_info    0x0000912d     0x5e0c src/TheArtist.o
 .debug_info    0x0000ef39     0x4bf5 src/ASF/sam0/drivers/tcc/tcc.o
 .debug_info    0x00013b2e     0x30f2 src/ASF/sam0/drivers/tcc/tcc_callback.o
 .debug_info    0x00016c20     0x4a0b src/ASF/sam0/drivers/sercom/usart/usart.o
 .debug_info    0x0001b62b     0x303f src/ASF/sam0/drivers/sercom/usart/usart_interrupt.o
 .debug_info    0x0001e66a     0x2bae src/ASF/sam0/drivers/sercom/sercom_interrupt.o
 .debug_info    0x00021218      0xb81 src/ASF/common2/services/delay/sam0/systick_counter.o
 .debug_info    0x00021d99      0xafb src/ASF/common/utils/interrupt/interrupt_sam_nvic.o
 .debug_info    0x00022894     0x12a0 src/ASF/sam0/boards/samr21_xplained_pro/board_init.o
 .debug_info    0x00023b34     0x12aa src/ASF/sam0/drivers/port/port.o
 .debug_info    0x00024dde     0x36f6 src/ASF/sam0/drivers/system/clock/clock_samd21_r21_da_ha1/clock.o
 .debug_info    0x000284d4     0x1e1c src/ASF/sam0/drivers/system/clock/clock_samd21_r21_da_ha1/gclk.o
 .debug_info    0x0002a2f0     0x1368 src/ASF/sam0/drivers/system/pinmux/pinmux.o
 .debug_info    0x0002b658      0xa67 src/ASF/sam0/drivers/system/system.o
 .debug_info    0x0002c0bf     0x3a35 src/ASF/sam0/utils/cmsis/samr21/source/gcc/startup_samr21.o
 .debug_info    0x0002faf4      0xd8c src/ASF/sam0/utils/syscalls/gcc/syscalls.o
 .debug_info    0x00030880     0x4e9e src/main.o

.debug_abbrev   0x00000000     0x40f8
 .debug_abbrev  0x00000000      0x378 src/ASF/sam0/drivers/sercom/sercom.o
 .debug_abbrev  0x00000378      0x218 src/ASF/sam0/utils/stdio/read.o
 .debug_abbrev  0x00000590      0x203 src/ASF/sam0/utils/stdio/write.o
 .debug_abbrev  0x00000793      0x2c1 src/Motor.o
 .debug_abbrev  0x00000a54      0x432 src/TheArtist.o
 .debug_abbrev  0x00000e86      0x45b src/ASF/sam0/drivers/tcc/tcc.o
 .debug_abbrev  0x000012e1      0x399 src/ASF/sam0/drivers/tcc/tcc_callback.o
 .debug_abbrev  0x0000167a      0x477 src/ASF/sam0/drivers/sercom/usart/usart.o
 .debug_abbrev  0x00001af1      0x416 src/ASF/sam0/drivers/sercom/usart/usart_interrupt.o
 .debug_abbrev  0x00001f07      0x2d8 src/ASF/sam0/drivers/sercom/sercom_interrupt.o
 .debug_abbrev  0x000021df      0x24b src/ASF/common2/services/delay/sam0/systick_counter.o
 .debug_abbrev  0x0000242a      0x22c src/ASF/common/utils/interrupt/interrupt_sam_nvic.o
 .debug_abbrev  0x00002656      0x2dc src/ASF/sam0/boards/samr21_xplained_pro/board_init.o
 .debug_abbrev  0x00002932      0x298 src/ASF/sam0/drivers/port/port.o
 .debug_abbrev  0x00002bca      0x465 src/ASF/sam0/drivers/system/clock/clock_samd21_r21_da_ha1/clock.o
 .debug_abbrev  0x0000302f      0x3f1 src/ASF/sam0/drivers/system/clock/clock_samd21_r21_da_ha1/gclk.o
 .debug_abbrev  0x00003420      0x332 src/ASF/sam0/drivers/system/pinmux/pinmux.o
 .debug_abbrev  0x00003752      0x1e1 src/ASF/sam0/drivers/system/system.o
 .debug_abbrev  0x00003933      0x234 src/ASF/sam0/utils/cmsis/samr21/source/gcc/startup_samr21.o
 .debug_abbrev  0x00003b67      0x257 src/ASF/sam0/utils/syscalls/gcc/syscalls.o
 .debug_abbrev  0x00003dbe      0x33a src/main.o

.debug_loc      0x00000000     0x5b03
 .debug_loc     0x00000000      0x9d5 src/ASF/sam0/drivers/sercom/sercom.o
 .debug_loc     0x000009d5       0xca src/ASF/sam0/utils/stdio/read.o
 .debug_loc     0x00000a9f      0x130 src/ASF/sam0/utils/stdio/write.o
 .debug_loc     0x00000bcf      0x12e src/Motor.o
 .debug_loc     0x00000cfd      0x3c7 src/TheArtist.o
 .debug_loc     0x000010c4     0x15d2 src/ASF/sam0/drivers/tcc/tcc.o
 .debug_loc     0x00002696      0x245 src/ASF/sam0/drivers/tcc/tcc_callback.o
 .debug_loc     0x000028db      0xe2f src/ASF/sam0/drivers/sercom/usart/usart.o
 .debug_loc     0x0000370a      0x711 src/ASF/sam0/drivers/sercom/usart/usart_interrupt.o
 .debug_loc     0x00003e1b      0x161 src/ASF/sam0/drivers/sercom/sercom_interrupt.o
 .debug_loc     0x00003f7c       0xe4 src/ASF/common2/services/delay/sam0/systick_counter.o
 .debug_loc     0x00004060       0x8a src/ASF/sam0/boards/samr21_xplained_pro/board_init.o
 .debug_loc     0x000040ea      0x13d src/ASF/sam0/drivers/port/port.o
 .debug_loc     0x00004227      0xefb src/ASF/sam0/drivers/system/clock/clock_samd21_r21_da_ha1/clock.o
 .debug_loc     0x00005122      0x504 src/ASF/sam0/drivers/system/clock/clock_samd21_r21_da_ha1/gclk.o
 .debug_loc     0x00005626      0x322 src/ASF/sam0/drivers/system/pinmux/pinmux.o
 .debug_loc     0x00005948       0x20 src/ASF/sam0/drivers/system/system.o
 .debug_loc     0x00005968       0x40 src/ASF/sam0/utils/cmsis/samr21/source/gcc/startup_samr21.o
 .debug_loc     0x000059a8       0xef src/ASF/sam0/utils/syscalls/gcc/syscalls.o
 .debug_loc     0x00005a97       0x6c src/main.o

.debug_aranges  0x00000000      0x5d8
 .debug_aranges
                0x00000000       0x48 src/ASF/sam0/drivers/sercom/sercom.o
 .debug_aranges
                0x00000048       0x20 src/ASF/sam0/utils/stdio/read.o
 .debug_aranges
                0x00000068       0x20 src/ASF/sam0/utils/stdio/write.o
 .debug_aranges
                0x00000088       0x38 src/Motor.o
 .debug_aranges
                0x000000c0       0x50 src/TheArtist.o
 .debug_aranges
                0x00000110       0xb0 src/ASF/sam0/drivers/tcc/tcc.o
 .debug_aranges
                0x000001c0       0x58 src/ASF/sam0/drivers/tcc/tcc_callback.o
 .debug_aranges
                0x00000218       0x40 src/ASF/sam0/drivers/sercom/usart/usart.o
 .debug_aranges
                0x00000258       0x70 src/ASF/sam0/drivers/sercom/usart/usart_interrupt.o
 .debug_aranges
                0x000002c8       0x60 src/ASF/sam0/drivers/sercom/sercom_interrupt.o
 .debug_aranges
                0x00000328       0x30 src/ASF/common2/services/delay/sam0/systick_counter.o
 .debug_aranges
                0x00000358       0x28 src/ASF/common/utils/interrupt/interrupt_sam_nvic.o
 .debug_aranges
                0x00000380       0x20 src/ASF/sam0/boards/samr21_xplained_pro/board_init.o
 .debug_aranges
                0x000003a0       0x28 src/ASF/sam0/drivers/port/port.o
 .debug_aranges
                0x000003c8       0x78 src/ASF/sam0/drivers/system/clock/clock_samd21_r21_da_ha1/clock.o
 .debug_aranges
                0x00000440       0x80 src/ASF/sam0/drivers/system/clock/clock_samd21_r21_da_ha1/gclk.o
 .debug_aranges
                0x000004c0       0x38 src/ASF/sam0/drivers/system/pinmux/pinmux.o
 .debug_aranges
                0x000004f8       0x28 src/ASF/sam0/drivers/system/system.o
 .debug_aranges
                0x00000520       0x28 src/ASF/sam0/utils/cmsis/samr21/source/gcc/startup_samr21.o
 .debug_aranges
                0x00000548       0x60 src/ASF/sam0/utils/syscalls/gcc/syscalls.o
 .debug_aranges
                0x000005a8       0x30 src/main.o

.debug_ranges   0x00000000      0x6e0
 .debug_ranges  0x00000000       0x50 src/ASF/sam0/drivers/sercom/sercom.o
 .debug_ranges  0x00000050       0x10 src/ASF/sam0/utils/stdio/read.o
 .debug_ranges  0x00000060       0x10 src/ASF/sam0/utils/stdio/write.o
 .debug_ranges  0x00000070       0x28 src/Motor.o
 .debug_ranges  0x00000098       0x40 src/TheArtist.o
 .debug_ranges  0x000000d8      0x188 src/ASF/sam0/drivers/tcc/tcc.o
 .debug_ranges  0x00000260       0x48 src/ASF/sam0/drivers/tcc/tcc_callback.o
 .debug_ranges  0x000002a8      0x140 src/ASF/sam0/drivers/sercom/usart/usart.o
 .debug_ranges  0x000003e8       0x60 src/ASF/sam0/drivers/sercom/usart/usart_interrupt.o
 .debug_ranges  0x00000448       0x50 src/ASF/sam0/drivers/sercom/sercom_interrupt.o
 .debug_ranges  0x00000498       0x50 src/ASF/common2/services/delay/sam0/systick_counter.o
 .debug_ranges  0x000004e8       0x18 src/ASF/common/utils/interrupt/interrupt_sam_nvic.o
 .debug_ranges  0x00000500       0x10 src/ASF/sam0/boards/samr21_xplained_pro/board_init.o
 .debug_ranges  0x00000510       0x18 src/ASF/sam0/drivers/port/port.o
 .debug_ranges  0x00000528       0x68 src/ASF/sam0/drivers/system/clock/clock_samd21_r21_da_ha1/clock.o
 .debug_ranges  0x00000590       0x88 src/ASF/sam0/drivers/system/clock/clock_samd21_r21_da_ha1/gclk.o
 .debug_ranges  0x00000618       0x28 src/ASF/sam0/drivers/system/pinmux/pinmux.o
 .debug_ranges  0x00000640       0x18 src/ASF/sam0/drivers/system/system.o
 .debug_ranges  0x00000658       0x18 src/ASF/sam0/utils/cmsis/samr21/source/gcc/startup_samr21.o
 .debug_ranges  0x00000670       0x50 src/ASF/sam0/utils/syscalls/gcc/syscalls.o
 .debug_ranges  0x000006c0       0x20 src/main.o

.debug_macro    0x00000000    0x1a675
 .debug_macro   0x00000000      0x577 src/ASF/sam0/drivers/sercom/sercom.o
 .debug_macro   0x00000577      0x8bc src/ASF/sam0/drivers/sercom/sercom.o
 .debug_macro   0x00000e33      0x16d src/ASF/sam0/drivers/sercom/sercom.o
 .debug_macro   0x00000fa0      0x64b src/ASF/sam0/drivers/sercom/sercom.o
 .debug_macro   0x000015eb       0x22 src/ASF/sam0/drivers/sercom/sercom.o
 .debug_macro   0x0000160d       0x87 src/ASF/sam0/drivers/sercom/sercom.o
 .debug_macro   0x00001694       0x51 src/ASF/sam0/drivers/sercom/sercom.o
 .debug_macro   0x000016e5       0xef src/ASF/sam0/drivers/sercom/sercom.o
 .debug_macro   0x000017d4       0x6a src/ASF/sam0/drivers/sercom/sercom.o
 .debug_macro   0x0000183e      0x1df src/ASF/sam0/drivers/sercom/sercom.o
 .debug_macro   0x00001a1d       0x10 src/ASF/sam0/drivers/sercom/sercom.o
 .debug_macro   0x00001a2d       0x76 src/ASF/sam0/drivers/sercom/sercom.o
 .debug_macro   0x00001aa3       0x16 src/ASF/sam0/drivers/sercom/sercom.o
 .debug_macro   0x00001ab9      0x6e5 src/ASF/sam0/drivers/sercom/sercom.o
 .debug_macro   0x0000219e      0xde2 src/ASF/sam0/drivers/sercom/sercom.o
 .debug_macro   0x00002f80       0x22 src/ASF/sam0/drivers/sercom/sercom.o
 .debug_macro   0x00002fa2       0x40 src/ASF/sam0/drivers/sercom/sercom.o
 .debug_macro   0x00002fe2       0x3a src/ASF/sam0/drivers/sercom/sercom.o
 .debug_macro   0x0000301c       0x1f src/ASF/sam0/drivers/sercom/sercom.o
 .debug_macro   0x0000303b      0x250 src/ASF/sam0/drivers/sercom/sercom.o
 .debug_macro   0x0000328b      0x682 src/ASF/sam0/drivers/sercom/sercom.o
 .debug_macro   0x0000390d      0x8bf src/ASF/sam0/drivers/sercom/sercom.o
 .debug_macro   0x000041cc      0xd6a src/ASF/sam0/drivers/sercom/sercom.o
 .debug_macro   0x00004f36      0x4ce src/ASF/sam0/drivers/sercom/sercom.o
 .debug_macro   0x00005404      0x9f8 src/ASF/sam0/drivers/sercom/sercom.o
 .debug_macro   0x00005dfc      0x82b src/ASF/sam0/drivers/sercom/sercom.o
 .debug_macro   0x00006627      0x45f src/ASF/sam0/drivers/sercom/sercom.o
 .debug_macro   0x00006a86       0x5e src/ASF/sam0/drivers/sercom/sercom.o
 .debug_macro   0x00006ae4      0x225 src/ASF/sam0/drivers/sercom/sercom.o
 .debug_macro   0x00006d09      0x797 src/ASF/sam0/drivers/sercom/sercom.o
 .debug_macro   0x000074a0       0x5e src/ASF/sam0/drivers/sercom/sercom.o
 .debug_macro   0x000074fe      0x60a src/ASF/sam0/drivers/sercom/sercom.o
 .debug_macro   0x00007b08      0x3b6 src/ASF/sam0/drivers/sercom/sercom.o
 .debug_macro   0x00007ebe       0x94 src/ASF/sam0/drivers/sercom/sercom.o
 .debug_macro   0x00007f52      0xc55 src/ASF/sam0/drivers/sercom/sercom.o
 .debug_macro   0x00008ba7     0x1092 src/ASF/sam0/drivers/sercom/sercom.o
 .debug_macro   0x00009c39      0xc4a src/ASF/sam0/drivers/sercom/sercom.o
 .debug_macro   0x0000a883      0x6bf src/ASF/sam0/drivers/sercom/sercom.o
 .debug_macro   0x0000af42     0x1b4b src/ASF/sam0/drivers/sercom/sercom.o
 .debug_macro   0x0000ca8d     0x144a src/ASF/sam0/drivers/sercom/sercom.o
 .debug_macro   0x0000ded7      0x34e src/ASF/sam0/drivers/sercom/sercom.o
 .debug_macro   0x0000e225       0x7c src/ASF/sam0/drivers/sercom/sercom.o
 .debug_macro   0x0000e2a1       0xa0 src/ASF/sam0/drivers/sercom/sercom.o
 .debug_macro   0x0000e341       0xca src/ASF/sam0/drivers/sercom/sercom.o
 .debug_macro   0x0000e40b       0x94 src/ASF/sam0/drivers/sercom/sercom.o
 .debug_macro   0x0000e49f       0x58 src/ASF/sam0/drivers/sercom/sercom.o
 .debug_macro   0x0000e4f7      0x364 src/ASF/sam0/drivers/sercom/sercom.o
 .debug_macro   0x0000e85b       0x82 src/ASF/sam0/drivers/sercom/sercom.o
 .debug_macro   0x0000e8dd      0x197 src/ASF/sam0/drivers/sercom/sercom.o
 .debug_macro   0x0000ea74       0xa0 src/ASF/sam0/drivers/sercom/sercom.o
 .debug_macro   0x0000eb14       0xb2 src/ASF/sam0/drivers/sercom/sercom.o
 .debug_macro   0x0000ebc6       0x1c src/ASF/sam0/drivers/sercom/sercom.o
 .debug_macro   0x0000ebe2       0x1c src/ASF/sam0/drivers/sercom/sercom.o
 .debug_macro   0x0000ebfe       0x1c src/ASF/sam0/drivers/sercom/sercom.o
 .debug_macro   0x0000ec1a       0x7c src/ASF/sam0/drivers/sercom/sercom.o
 .debug_macro   0x0000ec96      0x1c6 src/ASF/sam0/drivers/sercom/sercom.o
 .debug_macro   0x0000ee5c       0x16 src/ASF/sam0/drivers/sercom/sercom.o
 .debug_macro   0x0000ee72       0xdc src/ASF/sam0/drivers/sercom/sercom.o
 .debug_macro   0x0000ef4e      0x12f src/ASF/sam0/drivers/sercom/sercom.o
 .debug_macro   0x0000f07d      0x12f src/ASF/sam0/drivers/sercom/sercom.o
 .debug_macro   0x0000f1ac      0x12f src/ASF/sam0/drivers/sercom/sercom.o
 .debug_macro   0x0000f2db      0x12f src/ASF/sam0/drivers/sercom/sercom.o
 .debug_macro   0x0000f40a      0x12f src/ASF/sam0/drivers/sercom/sercom.o
 .debug_macro   0x0000f539      0x12f src/ASF/sam0/drivers/sercom/sercom.o
 .debug_macro   0x0000f668      0x11e src/ASF/sam0/drivers/sercom/sercom.o
 .debug_macro   0x0000f786       0xe2 src/ASF/sam0/drivers/sercom/sercom.o
 .debug_macro   0x0000f868       0xe2 src/ASF/sam0/drivers/sercom/sercom.o
 .debug_macro   0x0000f94a       0xe2 src/ASF/sam0/drivers/sercom/sercom.o
 .debug_macro   0x0000fa2c      0x12c src/ASF/sam0/drivers/sercom/sercom.o
 .debug_macro   0x0000fb58      0x100 src/ASF/sam0/drivers/sercom/sercom.o
 .debug_macro   0x0000fc58       0xf4 src/ASF/sam0/drivers/sercom/sercom.o
 .debug_macro   0x0000fd4c      0x40f src/ASF/sam0/drivers/sercom/sercom.o
 .debug_macro   0x0001015b       0x40 src/ASF/sam0/drivers/sercom/sercom.o
 .debug_macro   0x0001019b      0x345 src/ASF/sam0/drivers/sercom/sercom.o
 .debug_macro   0x000104e0     0x174b src/ASF/sam0/drivers/sercom/sercom.o
 .debug_macro   0x00011c2b       0x74 src/ASF/sam0/drivers/sercom/sercom.o
 .debug_macro   0x00011c9f       0x52 src/ASF/sam0/drivers/sercom/sercom.o
 .debug_macro   0x00011cf1       0x35 src/ASF/sam0/drivers/sercom/sercom.o
 .debug_macro   0x00011d26       0x9c src/ASF/sam0/drivers/sercom/sercom.o
 .debug_macro   0x00011dc2       0x16 src/ASF/sam0/drivers/sercom/sercom.o
 .debug_macro   0x00011dd8       0x35 src/ASF/sam0/drivers/sercom/sercom.o
 .debug_macro   0x00011e0d      0x330 src/ASF/sam0/drivers/sercom/sercom.o
 .debug_macro   0x0001213d       0x10 src/ASF/sam0/drivers/sercom/sercom.o
 .debug_macro   0x0001214d       0x52 src/ASF/sam0/drivers/sercom/sercom.o
 .debug_macro   0x0001219f       0x1f src/ASF/sam0/drivers/sercom/sercom.o
 .debug_macro   0x000121be       0x43 src/ASF/sam0/drivers/sercom/sercom.o
 .debug_macro   0x00012201       0x20 src/ASF/sam0/drivers/sercom/sercom.o
 .debug_macro   0x00012221      0x187 src/ASF/sam0/drivers/sercom/sercom.o
 .debug_macro   0x000123a8       0x10 src/ASF/sam0/drivers/sercom/sercom.o
 .debug_macro   0x000123b8       0x1c src/ASF/sam0/drivers/sercom/sercom.o
 .debug_macro   0x000123d4       0x52 src/ASF/sam0/drivers/sercom/sercom.o
 .debug_macro   0x00012426       0x40 src/ASF/sam0/drivers/sercom/sercom.o
 .debug_macro   0x00012466       0x10 src/ASF/sam0/drivers/sercom/sercom.o
 .debug_macro   0x00012476       0x40 src/ASF/sam0/drivers/sercom/sercom.o
 .debug_macro   0x000124b6       0xd7 src/ASF/sam0/drivers/sercom/sercom.o
 .debug_macro   0x0001258d       0x16 src/ASF/sam0/drivers/sercom/sercom.o
 .debug_macro   0x000125a3      0x18b src/ASF/sam0/drivers/sercom/sercom.o
 .debug_macro   0x0001272e       0x16 src/ASF/sam0/drivers/sercom/sercom.o
 .debug_macro   0x00012744       0x16 src/ASF/sam0/drivers/sercom/sercom.o
 .debug_macro   0x0001275a       0x29 src/ASF/sam0/drivers/sercom/sercom.o
 .debug_macro   0x00012783       0x51 src/ASF/sam0/drivers/sercom/sercom.o
 .debug_macro   0x000127d4       0x3f src/ASF/sam0/drivers/sercom/sercom.o
 .debug_macro   0x00012813      0x3df src/ASF/sam0/drivers/sercom/sercom.o
 .debug_macro   0x00012bf2       0x11 src/ASF/sam0/drivers/sercom/sercom.o
 .debug_macro   0x00012c03       0x11 src/ASF/sam0/drivers/sercom/sercom.o
 .debug_macro   0x00012c14       0x16 src/ASF/sam0/drivers/sercom/sercom.o
 .debug_macro   0x00012c2a       0x2e src/ASF/sam0/drivers/sercom/sercom.o
 .debug_macro   0x00012c58       0xa0 src/ASF/sam0/drivers/sercom/sercom.o
 .debug_macro   0x00012cf8       0x10 src/ASF/sam0/drivers/sercom/sercom.o
 .debug_macro   0x00012d08      0x4ea src/ASF/sam0/utils/stdio/read.o
 .debug_macro   0x000131f2      0x4ea src/ASF/sam0/utils/stdio/write.o
 .debug_macro   0x000136dc      0x646 src/Motor.o
 .debug_macro   0x00013d22       0x16 src/Motor.o
 .debug_macro   0x00013d38       0x16 src/Motor.o
 .debug_macro   0x00013d4e      0x2c6 src/Motor.o
 .debug_macro   0x00014014      0x69f src/Motor.o
 .debug_macro   0x000146b3       0x19 src/Motor.o
 .debug_macro   0x000146cc       0x57 src/Motor.o
 .debug_macro   0x00014723       0x8f src/Motor.o
 .debug_macro   0x000147b2       0x4c src/Motor.o
 .debug_macro   0x000147fe      0x64b src/TheArtist.o
 .debug_macro   0x00014e49      0x631 src/ASF/sam0/drivers/tcc/tcc.o
 .debug_macro   0x0001547a       0x19 src/ASF/sam0/drivers/tcc/tcc.o
 .debug_macro   0x00015493       0x74 src/ASF/sam0/drivers/tcc/tcc.o
 .debug_macro   0x00015507      0x564 src/ASF/sam0/drivers/tcc/tcc_callback.o
 .debug_macro   0x00015a6b      0x588 src/ASF/sam0/drivers/sercom/usart/usart.o
 .debug_macro   0x00015ff3       0x51 src/ASF/sam0/drivers/sercom/usart/usart.o
 .debug_macro   0x00016044      0x588 src/ASF/sam0/drivers/sercom/usart/usart_interrupt.o
 .debug_macro   0x000165cc      0x574 src/ASF/sam0/drivers/sercom/sercom_interrupt.o
 .debug_macro   0x00016b40      0x525 src/ASF/common2/services/delay/sam0/systick_counter.o
 .debug_macro   0x00017065      0x4ea src/ASF/common/utils/interrupt/interrupt_sam_nvic.o
 .debug_macro   0x0001754f      0x526 src/ASF/sam0/boards/samr21_xplained_pro/board_init.o
 .debug_macro   0x00017a75      0x504 src/ASF/sam0/drivers/port/port.o
 .debug_macro   0x00017f79      0x55b src/ASF/sam0/drivers/system/clock/clock_samd21_r21_da_ha1/clock.o
 .debug_macro   0x000184d4      0x29d src/ASF/sam0/drivers/system/clock/clock_samd21_r21_da_ha1/clock.o
 .debug_macro   0x00018771      0x520 src/ASF/sam0/drivers/system/clock/clock_samd21_r21_da_ha1/gclk.o
 .debug_macro   0x00018c91      0x4fc src/ASF/sam0/drivers/system/pinmux/pinmux.o
 .debug_macro   0x0001918d      0x52d src/ASF/sam0/drivers/system/system.o
 .debug_macro   0x000196ba      0x2d1 src/ASF/sam0/utils/cmsis/samr21/source/gcc/startup_samr21.o
 .debug_macro   0x0001998b       0x3a src/ASF/sam0/utils/cmsis/samr21/source/gcc/startup_samr21.o
 .debug_macro   0x000199c5      0x1d6 src/ASF/sam0/utils/syscalls/gcc/syscalls.o
 .debug_macro   0x00019b9b       0x4c src/ASF/sam0/utils/syscalls/gcc/syscalls.o
 .debug_macro   0x00019be7       0x8d src/ASF/sam0/utils/syscalls/gcc/syscalls.o
 .debug_macro   0x00019c74       0x57 src/ASF/sam0/utils/syscalls/gcc/syscalls.o
 .debug_macro   0x00019ccb       0x97 src/ASF/sam0/utils/syscalls/gcc/syscalls.o
 .debug_macro   0x00019d62       0xf6 src/ASF/sam0/utils/syscalls/gcc/syscalls.o
 .debug_macro   0x00019e58       0x4c src/ASF/sam0/utils/syscalls/gcc/syscalls.o
 .debug_macro   0x00019ea4       0x16 src/ASF/sam0/utils/syscalls/gcc/syscalls.o
 .debug_macro   0x00019eba       0x10 src/ASF/sam0/utils/syscalls/gcc/syscalls.o
 .debug_macro   0x00019eca       0x10 src/ASF/sam0/utils/syscalls/gcc/syscalls.o
 .debug_macro   0x00019eda       0x35 src/ASF/sam0/utils/syscalls/gcc/syscalls.o
 .debug_macro   0x00019f0f      0x122 src/ASF/sam0/utils/syscalls/gcc/syscalls.o
 .debug_macro   0x0001a031      0x644 src/main.o

.debug_line     0x00000000     0xdec9
 .debug_line    0x00000000      0xbc0 src/ASF/sam0/drivers/sercom/sercom.o
 .debug_line    0x00000bc0      0x897 src/ASF/sam0/utils/stdio/read.o
 .debug_line    0x00001457      0x88b src/ASF/sam0/utils/stdio/write.o
 .debug_line    0x00001ce2      0xd6d src/Motor.o
 .debug_line    0x00002a4f      0xe4b src/TheArtist.o
 .debug_line    0x0000389a      0xe40 src/ASF/sam0/drivers/tcc/tcc.o
 .debug_line    0x000046da      0xaa3 src/ASF/sam0/drivers/tcc/tcc_callback.o
 .debug_line    0x0000517d      0xd2a src/ASF/sam0/drivers/sercom/usart/usart.o
 .debug_line    0x00005ea7      0xcb8 src/ASF/sam0/drivers/sercom/usart/usart_interrupt.o
 .debug_line    0x00006b5f      0xb63 src/ASF/sam0/drivers/sercom/sercom_interrupt.o
 .debug_line    0x000076c2      0x9b0 src/ASF/common2/services/delay/sam0/systick_counter.o
 .debug_line    0x00008072      0x8ba src/ASF/common/utils/interrupt/interrupt_sam_nvic.o
 .debug_line    0x0000892c      0x961 src/ASF/sam0/boards/samr21_xplained_pro/board_init.o
 .debug_line    0x0000928d      0x8e6 src/ASF/sam0/drivers/port/port.o
 .debug_line    0x00009b73      0xc3b src/ASF/sam0/drivers/system/clock/clock_samd21_r21_da_ha1/clock.o
 .debug_line    0x0000a7ae      0xc62 src/ASF/sam0/drivers/system/clock/clock_samd21_r21_da_ha1/gclk.o
 .debug_line    0x0000b410      0x916 src/ASF/sam0/drivers/system/pinmux/pinmux.o
 .debug_line    0x0000bd26      0x9dd src/ASF/sam0/drivers/system/system.o
 .debug_line    0x0000c703      0x638 src/ASF/sam0/utils/cmsis/samr21/source/gcc/startup_samr21.o
 .debug_line    0x0000cd3b      0x40a src/ASF/sam0/utils/syscalls/gcc/syscalls.o
 .debug_line    0x0000d145      0xd84 src/main.o

.debug_str      0x00000000    0x85e06
 .debug_str     0x00000000    0x7a6b6 src/ASF/sam0/drivers/sercom/sercom.o
                              0x7abad (size before relaxing)
 .debug_str     0x0007a6b6       0x3d src/ASF/sam0/utils/stdio/read.o
                              0x794ab (size before relaxing)
 .debug_str     0x0007a6f3       0x2c src/ASF/sam0/utils/stdio/write.o
                              0x794ac (size before relaxing)
 .debug_str     0x0007a71f     0x400c src/Motor.o
                              0x7e701 (size before relaxing)
 .debug_str     0x0007e72b     0x12ad src/TheArtist.o
                              0x7fb57 (size before relaxing)
 .debug_str     0x0007f9d8     0x15b0 src/ASF/sam0/drivers/tcc/tcc.o
                              0x7c96a (size before relaxing)
 .debug_str     0x00080f88      0x1c9 src/ASF/sam0/drivers/tcc/tcc_callback.o
                              0x7ae09 (size before relaxing)
 .debug_str     0x00081151      0x3ad src/ASF/sam0/drivers/sercom/usart/usart.o
                              0x7b95a (size before relaxing)
 .debug_str     0x000814fe      0x1cc src/ASF/sam0/drivers/sercom/usart/usart_interrupt.o
                              0x7abd0 (size before relaxing)
 .debug_str     0x000816ca      0x158 src/ASF/sam0/drivers/sercom/sercom_interrupt.o
                              0x7a9d8 (size before relaxing)
 .debug_str     0x00081822       0xbc src/ASF/common2/services/delay/sam0/systick_counter.o
                              0x79714 (size before relaxing)
 .debug_str     0x000818de       0x66 src/ASF/common/utils/interrupt/interrupt_sam_nvic.o
                              0x79504 (size before relaxing)
 .debug_str     0x00081944      0x301 src/ASF/sam0/boards/samr21_xplained_pro/board_init.o
                              0x7c1e9 (size before relaxing)
 .debug_str     0x00081c45       0x5e src/ASF/sam0/drivers/port/port.o
                              0x7991f (size before relaxing)
 .debug_str     0x00081ca3     0x2777 src/ASF/sam0/drivers/system/clock/clock_samd21_r21_da_ha1/clock.o
                              0x7c640 (size before relaxing)
 .debug_str     0x0008441a      0x1db src/ASF/sam0/drivers/system/clock/clock_samd21_r21_da_ha1/gclk.o
                              0x7a197 (size before relaxing)
 .debug_str     0x000845f5       0xf4 src/ASF/sam0/drivers/system/pinmux/pinmux.o
                              0x798fb (size before relaxing)
 .debug_str     0x000846e9       0x47 src/ASF/sam0/drivers/system/system.o
                              0x795bb (size before relaxing)
 .debug_str     0x00084730      0xf24 src/ASF/sam0/utils/cmsis/samr21/source/gcc/startup_samr21.o
                              0x6566e (size before relaxing)
 .debug_str     0x00085654      0x76b src/ASF/sam0/utils/syscalls/gcc/syscalls.o
                               0x7209 (size before relaxing)
 .debug_str     0x00085dbf       0x47 src/main.o
                              0x7e753 (size before relaxing)

.debug_frame    0x00000000     0x1458
 .debug_frame   0x00000000       0xbc src/ASF/sam0/drivers/sercom/sercom.o
 .debug_frame   0x000000bc       0x34 src/ASF/sam0/utils/stdio/read.o
 .debug_frame   0x000000f0       0x34 src/ASF/sam0/utils/stdio/write.o
 .debug_frame   0x00000124       0x70 src/Motor.o
 .debug_frame   0x00000194       0xd4 src/TheArtist.o
 .debug_frame   0x00000268      0x21c src/ASF/sam0/drivers/tcc/tcc.o
 .debug_frame   0x00000484       0xd4 src/ASF/sam0/drivers/tcc/tcc_callback.o
 .debug_frame   0x00000558       0xac src/ASF/sam0/drivers/sercom/usart/usart.o
 .debug_frame   0x00000604      0x110 src/ASF/sam0/drivers/sercom/usart/usart_interrupt.o
 .debug_frame   0x00000714       0xe8 src/ASF/sam0/drivers/sercom/sercom_interrupt.o
 .debug_frame   0x000007fc       0x64 src/ASF/common2/services/delay/sam0/systick_counter.o
 .debug_frame   0x00000860       0x30 src/ASF/common/utils/interrupt/interrupt_sam_nvic.o
 .debug_frame   0x00000890       0x30 src/ASF/sam0/boards/samr21_xplained_pro/board_init.o
 .debug_frame   0x000008c0       0x44 src/ASF/sam0/drivers/port/port.o
 .debug_frame   0x00000904      0x14c src/ASF/sam0/drivers/system/clock/clock_samd21_r21_da_ha1/clock.o
 .debug_frame   0x00000a50      0x148 src/ASF/sam0/drivers/system/clock/clock_samd21_r21_da_ha1/gclk.o
 .debug_frame   0x00000b98       0x74 src/ASF/sam0/drivers/system/pinmux/pinmux.o
 .debug_frame   0x00000c0c       0x38 src/ASF/sam0/drivers/system/system.o
 .debug_frame   0x00000c44       0x40 src/ASF/sam0/utils/cmsis/samr21/source/gcc/startup_samr21.o
 .debug_frame   0x00000c84       0xa0 src/ASF/sam0/utils/syscalls/gcc/syscalls.o
 .debug_frame   0x00000d24       0x5c src/main.o
 .debug_frame   0x00000d80       0x20 c:/program files (x86)/atmel/studio/7.0/toolchain/arm/arm-gnu-toolchain/bin/../lib/gcc/arm-none-eabi/6.2.1/thumb/v6-m\libgcc.a(_udivsi3.o)
 .debug_frame   0x00000da0       0x34 c:/program files (x86)/atmel/studio/7.0/toolchain/arm/arm-gnu-toolchain/bin/../lib/gcc/arm-none-eabi/6.2.1/thumb/v6-m\libgcc.a(_muldi3.o)
 .debug_frame   0x00000dd4       0x2c c:/program files (x86)/atmel/studio/7.0/toolchain/arm/arm-gnu-toolchain/bin/../lib/gcc/arm-none-eabi/6.2.1/../../../../arm-none-eabi/lib/thumb/v6-m\libc_nano.a(lib_a-init.o)
 .debug_frame   0x00000e00       0x20 c:/program files (x86)/atmel/studio/7.0/toolchain/arm/arm-gnu-toolchain/bin/../lib/gcc/arm-none-eabi/6.2.1/../../../../arm-none-eabi/lib/thumb/v6-m\libc_nano.a(lib_a-memset.o)
 .debug_frame   0x00000e20       0x44 c:/program files (x86)/atmel/studio/7.0/toolchain/arm/arm-gnu-toolchain/bin/../lib/gcc/arm-none-eabi/6.2.1/../../../../arm-none-eabi/lib/thumb/v6-m\libc_nano.a(lib_a-puts.o)
 .debug_frame   0x00000e64       0x28 c:/program files (x86)/atmel/studio/7.0/toolchain/arm/arm-gnu-toolchain/bin/../lib/gcc/arm-none-eabi/6.2.1/../../../../arm-none-eabi/lib/thumb/v6-m\libc_nano.a(lib_a-setbuf.o)
 .debug_frame   0x00000e8c       0x30 c:/program files (x86)/atmel/studio/7.0/toolchain/arm/arm-gnu-toolchain/bin/../lib/gcc/arm-none-eabi/6.2.1/../../../../arm-none-eabi/lib/thumb/v6-m\libc_nano.a(lib_a-setvbuf.o)
 .debug_frame   0x00000ebc       0x48 c:/program files (x86)/atmel/studio/7.0/toolchain/arm/arm-gnu-toolchain/bin/../lib/gcc/arm-none-eabi/6.2.1/../../../../arm-none-eabi/lib/thumb/v6-m\libc_nano.a(lib_a-wbuf.o)
 .debug_frame   0x00000f04       0x2c c:/program files (x86)/atmel/studio/7.0/toolchain/arm/arm-gnu-toolchain/bin/../lib/gcc/arm-none-eabi/6.2.1/../../../../arm-none-eabi/lib/thumb/v6-m\libc_nano.a(lib_a-wsetup.o)
 .debug_frame   0x00000f30       0x68 c:/program files (x86)/atmel/studio/7.0/toolchain/arm/arm-gnu-toolchain/bin/../lib/gcc/arm-none-eabi/6.2.1/../../../../arm-none-eabi/lib/thumb/v6-m\libc_nano.a(lib_a-fflush.o)
 .debug_frame   0x00000f98      0x140 c:/program files (x86)/atmel/studio/7.0/toolchain/arm/arm-gnu-toolchain/bin/../lib/gcc/arm-none-eabi/6.2.1/../../../../arm-none-eabi/lib/thumb/v6-m\libc_nano.a(lib_a-findfp.o)
 .debug_frame   0x000010d8       0x58 c:/program files (x86)/atmel/studio/7.0/toolchain/arm/arm-gnu-toolchain/bin/../lib/gcc/arm-none-eabi/6.2.1/../../../../arm-none-eabi/lib/thumb/v6-m\libc_nano.a(lib_a-fwalk.o)
 .debug_frame   0x00001130       0x54 c:/program files (x86)/atmel/studio/7.0/toolchain/arm/arm-gnu-toolchain/bin/../lib/gcc/arm-none-eabi/6.2.1/../../../../arm-none-eabi/lib/thumb/v6-m\libc_nano.a(lib_a-makebuf.o)
 .debug_frame   0x00001184       0x40 c:/program files (x86)/atmel/studio/7.0/toolchain/arm/arm-gnu-toolchain/bin/../lib/gcc/arm-none-eabi/6.2.1/../../../../arm-none-eabi/lib/thumb/v6-m\libc_nano.a(lib_a-malloc.o)
 .debug_frame   0x000011c4       0x2c c:/program files (x86)/atmel/studio/7.0/toolchain/arm/arm-gnu-toolchain/bin/../lib/gcc/arm-none-eabi/6.2.1/../../../../arm-none-eabi/lib/thumb/v6-m\libc_nano.a(lib_a-nano-freer.o)
 .debug_frame   0x000011f0       0x2c c:/program files (x86)/atmel/studio/7.0/toolchain/arm/arm-gnu-toolchain/bin/../lib/gcc/arm-none-eabi/6.2.1/../../../../arm-none-eabi/lib/thumb/v6-m\libc_nano.a(lib_a-nano-mallocr.o)
 .debug_frame   0x0000121c       0x2c c:/program files (x86)/atmel/studio/7.0/toolchain/arm/arm-gnu-toolchain/bin/../lib/gcc/arm-none-eabi/6.2.1/../../../../arm-none-eabi/lib/thumb/v6-m\libc_nano.a(lib_a-sbrkr.o)
 .debug_frame   0x00001248       0x90 c:/program files (x86)/atmel/studio/7.0/toolchain/arm/arm-gnu-toolchain/bin/../lib/gcc/arm-none-eabi/6.2.1/../../../../arm-none-eabi/lib/thumb/v6-m\libc_nano.a(lib_a-stdio.o)
 .debug_frame   0x000012d8       0x2c c:/program files (x86)/atmel/studio/7.0/toolchain/arm/arm-gnu-toolchain/bin/../lib/gcc/arm-none-eabi/6.2.1/../../../../arm-none-eabi/lib/thumb/v6-m\libc_nano.a(lib_a-writer.o)
 .debug_frame   0x00001304       0x2c c:/program files (x86)/atmel/studio/7.0/toolchain/arm/arm-gnu-toolchain/bin/../lib/gcc/arm-none-eabi/6.2.1/../../../../arm-none-eabi/lib/thumb/v6-m\libc_nano.a(lib_a-closer.o)
 .debug_frame   0x00001330       0x2c c:/program files (x86)/atmel/studio/7.0/toolchain/arm/arm-gnu-toolchain/bin/../lib/gcc/arm-none-eabi/6.2.1/../../../../arm-none-eabi/lib/thumb/v6-m\libc_nano.a(lib_a-fstatr.o)
 .debug_frame   0x0000135c       0x2c c:/program files (x86)/atmel/studio/7.0/toolchain/arm/arm-gnu-toolchain/bin/../lib/gcc/arm-none-eabi/6.2.1/../../../../arm-none-eabi/lib/thumb/v6-m\libc_nano.a(lib_a-isattyr.o)
 .debug_frame   0x00001388       0x2c c:/program files (x86)/atmel/studio/7.0/toolchain/arm/arm-gnu-toolchain/bin/../lib/gcc/arm-none-eabi/6.2.1/../../../../arm-none-eabi/lib/thumb/v6-m\libc_nano.a(lib_a-lseekr.o)
 .debug_frame   0x000013b4       0x30 c:/program files (x86)/atmel/studio/7.0/toolchain/arm/arm-gnu-toolchain/bin/../lib/gcc/arm-none-eabi/6.2.1/../../../../arm-none-eabi/lib/thumb/v6-m\libc_nano.a(lib_a-mlock.o)
 .debug_frame   0x000013e4       0x2c c:/program files (x86)/atmel/studio/7.0/toolchain/arm/arm-gnu-toolchain/bin/../lib/gcc/arm-none-eabi/6.2.1/../../../../arm-none-eabi/lib/thumb/v6-m\libc_nano.a(lib_a-readr.o)
 .debug_frame   0x00001410       0x48 c:/program files (x86)/atmel/studio/7.0/toolchain/arm/arm-gnu-toolchain/bin/../lib/gcc/arm-none-eabi/6.2.1/../../../../arm-none-eabi/lib/thumb/v6-m\libc_nano.a(lib_a-reent.o)

Cross Reference Table

Symbol                                            File
AC_Handler                                        src/ASF/sam0/utils/cmsis/samr21/source/gcc/startup_samr21.o
ADC_Handler                                       src/ASF/sam0/utils/cmsis/samr21/source/gcc/startup_samr21.o
DMAC_Handler                                      src/ASF/sam0/utils/cmsis/samr21/source/gcc/startup_samr21.o
Dummy_Handler                                     src/ASF/sam0/utils/cmsis/samr21/source/gcc/startup_samr21.o
EIC_Handler                                       src/ASF/sam0/utils/cmsis/samr21/source/gcc/startup_samr21.o
EVSYS_Handler                                     src/ASF/sam0/utils/cmsis/samr21/source/gcc/startup_samr21.o
HardFault_Handler                                 src/ASF/sam0/utils/cmsis/samr21/source/gcc/startup_samr21.o
NMI_Handler                                       src/ASF/sam0/utils/cmsis/samr21/source/gcc/startup_samr21.o
NVMCTRL_Handler                                   src/ASF/sam0/utils/cmsis/samr21/source/gcc/startup_samr21.o
PM_Handler                                        src/ASF/sam0/utils/cmsis/samr21/source/gcc/startup_samr21.o
PTC_Handler                                       src/ASF/sam0/utils/cmsis/samr21/source/gcc/startup_samr21.o
PendSV_Handler                                    src/ASF/sam0/utils/cmsis/samr21/source/gcc/startup_samr21.o
RTC_Handler                                       src/ASF/sam0/utils/cmsis/samr21/source/gcc/startup_samr21.o
Reset_Handler                                     src/ASF/sam0/utils/cmsis/samr21/source/gcc/startup_samr21.o
SERCOM0_Handler                                   src/ASF/sam0/drivers/sercom/sercom_interrupt.o
SERCOM1_Handler                                   src/ASF/sam0/drivers/sercom/sercom_interrupt.o
SERCOM2_Handler                                   src/ASF/sam0/drivers/sercom/sercom_interrupt.o
SERCOM3_Handler                                   src/ASF/sam0/drivers/sercom/sercom_interrupt.o
SERCOM4_Handler                                   src/ASF/sam0/drivers/sercom/sercom_interrupt.o
SERCOM5_Handler                                   src/ASF/sam0/drivers/sercom/sercom_interrupt.o
SVC_Handler                                       src/ASF/sam0/utils/cmsis/samr21/source/gcc/startup_samr21.o
SYSCTRL_Handler                                   src/ASF/sam0/utils/cmsis/samr21/source/gcc/startup_samr21.o
SysTick_Handler                                   src/ASF/sam0/utils/cmsis/samr21/source/gcc/startup_samr21.o
SystemCoreClock                                   src/ASF/sam0/utils/cmsis/samr21/source/system_samr21.o
SystemCoreClockUpdate                             src/ASF/sam0/utils/cmsis/samr21/source/system_samr21.o
SystemInit                                        src/ASF/sam0/utils/cmsis/samr21/source/system_samr21.o
TC3_Handler                                       src/ASF/sam0/utils/cmsis/samr21/source/gcc/startup_samr21.o
TC4_Handler                                       src/ASF/sam0/utils/cmsis/samr21/source/gcc/startup_samr21.o
TC5_Handler                                       src/ASF/sam0/utils/cmsis/samr21/source/gcc/startup_samr21.o
TCC0_Handler                                      src/ASF/sam0/drivers/tcc/tcc_callback.o
TCC1_Handler                                      src/ASF/sam0/drivers/tcc/tcc_callback.o
TCC2_Handler                                      src/ASF/sam0/drivers/tcc/tcc_callback.o
USB_Handler                                       src/ASF/sam0/utils/cmsis/samr21/source/gcc/startup_samr21.o
WDT_Handler                                       src/ASF/sam0/utils/cmsis/samr21/source/gcc/startup_samr21.o
_Jv_RegisterClasses                               c:/program files (x86)/atmel/studio/7.0/toolchain/arm/arm-gnu-toolchain/bin/../lib/gcc/arm-none-eabi/6.2.1/thumb/v6-m/crtbegin.o
__aeabi_idiv0                                     c:/program files (x86)/atmel/studio/7.0/toolchain/arm/arm-gnu-toolchain/bin/../lib/gcc/arm-none-eabi/6.2.1/thumb/v6-m\libgcc.a(_dvmd_tls.o)
                                                  c:/program files (x86)/atmel/studio/7.0/toolchain/arm/arm-gnu-toolchain/bin/../lib/gcc/arm-none-eabi/6.2.1/thumb/v6-m\libgcc.a(_udivsi3.o)
__aeabi_ldiv0                                     c:/program files (x86)/atmel/studio/7.0/toolchain/arm/arm-gnu-toolchain/bin/../lib/gcc/arm-none-eabi/6.2.1/thumb/v6-m\libgcc.a(_dvmd_tls.o)
__aeabi_lmul                                      c:/program files (x86)/atmel/studio/7.0/toolchain/arm/arm-gnu-toolchain/bin/../lib/gcc/arm-none-eabi/6.2.1/thumb/v6-m\libgcc.a(_muldi3.o)
                                                  src/ASF/sam0/drivers/sercom/sercom.o
__aeabi_uidiv                                     c:/program files (x86)/atmel/studio/7.0/toolchain/arm/arm-gnu-toolchain/bin/../lib/gcc/arm-none-eabi/6.2.1/thumb/v6-m\libgcc.a(_udivsi3.o)
                                                  src/ASF/sam0/drivers/system/clock/clock_samd21_r21_da_ha1/gclk.o
                                                  src/ASF/sam0/drivers/system/clock/clock_samd21_r21_da_ha1/clock.o
                                                  src/ASF/common2/services/delay/sam0/systick_counter.o
__aeabi_uidivmod                                  c:/program files (x86)/atmel/studio/7.0/toolchain/arm/arm-gnu-toolchain/bin/../lib/gcc/arm-none-eabi/6.2.1/thumb/v6-m\libgcc.a(_udivsi3.o)
__bss_end__                                       c:/program files (x86)/atmel/studio/7.0/toolchain/arm/arm-gnu-toolchain/bin/../lib/gcc/arm-none-eabi/6.2.1/../../../../arm-none-eabi/lib/thumb/v6-m/crt0.o
__bss_start__                                     c:/program files (x86)/atmel/studio/7.0/toolchain/arm/arm-gnu-toolchain/bin/../lib/gcc/arm-none-eabi/6.2.1/../../../../arm-none-eabi/lib/thumb/v6-m/crt0.o
__call_exitprocs                                  c:/program files (x86)/atmel/studio/7.0/toolchain/arm/arm-gnu-toolchain/bin/../lib/gcc/arm-none-eabi/6.2.1/../../../../arm-none-eabi/lib/thumb/v6-m\libc_nano.a(lib_a-exit.o)
__deregister_frame_info                           c:/program files (x86)/atmel/studio/7.0/toolchain/arm/arm-gnu-toolchain/bin/../lib/gcc/arm-none-eabi/6.2.1/thumb/v6-m/crtbegin.o
__dso_handle                                      c:/program files (x86)/atmel/studio/7.0/toolchain/arm/arm-gnu-toolchain/bin/../lib/gcc/arm-none-eabi/6.2.1/thumb/v6-m/crtbegin.o
__fp_lock_all                                     c:/program files (x86)/atmel/studio/7.0/toolchain/arm/arm-gnu-toolchain/bin/../lib/gcc/arm-none-eabi/6.2.1/../../../../arm-none-eabi/lib/thumb/v6-m\libc_nano.a(lib_a-findfp.o)
__fp_unlock_all                                   c:/program files (x86)/atmel/studio/7.0/toolchain/arm/arm-gnu-toolchain/bin/../lib/gcc/arm-none-eabi/6.2.1/../../../../arm-none-eabi/lib/thumb/v6-m\libc_nano.a(lib_a-findfp.o)
__init_array_end                                  c:/program files (x86)/atmel/studio/7.0/toolchain/arm/arm-gnu-toolchain/bin/../lib/gcc/arm-none-eabi/6.2.1/../../../../arm-none-eabi/lib/thumb/v6-m\libc_nano.a(lib_a-init.o)
__init_array_start                                c:/program files (x86)/atmel/studio/7.0/toolchain/arm/arm-gnu-toolchain/bin/../lib/gcc/arm-none-eabi/6.2.1/../../../../arm-none-eabi/lib/thumb/v6-m\libc_nano.a(lib_a-init.o)
__libc_fini_array                                 c:/program files (x86)/atmel/studio/7.0/toolchain/arm/arm-gnu-toolchain/bin/../lib/gcc/arm-none-eabi/6.2.1/../../../../arm-none-eabi/lib/thumb/v6-m/crt0.o
__libc_init_array                                 c:/program files (x86)/atmel/studio/7.0/toolchain/arm/arm-gnu-toolchain/bin/../lib/gcc/arm-none-eabi/6.2.1/../../../../arm-none-eabi/lib/thumb/v6-m\libc_nano.a(lib_a-init.o)
                                                  src/ASF/sam0/utils/cmsis/samr21/source/gcc/startup_samr21.o
                                                  c:/program files (x86)/atmel/studio/7.0/toolchain/arm/arm-gnu-toolchain/bin/../lib/gcc/arm-none-eabi/6.2.1/../../../../arm-none-eabi/lib/thumb/v6-m/crt0.o
__malloc_free_list                                c:/program files (x86)/atmel/studio/7.0/toolchain/arm/arm-gnu-toolchain/bin/../lib/gcc/arm-none-eabi/6.2.1/../../../../arm-none-eabi/lib/thumb/v6-m\libc_nano.a(lib_a-nano-mallocr.o)
                                                  c:/program files (x86)/atmel/studio/7.0/toolchain/arm/arm-gnu-toolchain/bin/../lib/gcc/arm-none-eabi/6.2.1/../../../../arm-none-eabi/lib/thumb/v6-m\libc_nano.a(lib_a-nano-freer.o)
__malloc_lock                                     c:/program files (x86)/atmel/studio/7.0/toolchain/arm/arm-gnu-toolchain/bin/../lib/gcc/arm-none-eabi/6.2.1/../../../../arm-none-eabi/lib/thumb/v6-m\libc_nano.a(lib_a-mlock.o)
                                                  c:/program files (x86)/atmel/studio/7.0/toolchain/arm/arm-gnu-toolchain/bin/../lib/gcc/arm-none-eabi/6.2.1/../../../../arm-none-eabi/lib/thumb/v6-m\libc_nano.a(lib_a-nano-mallocr.o)
                                                  c:/program files (x86)/atmel/studio/7.0/toolchain/arm/arm-gnu-toolchain/bin/../lib/gcc/arm-none-eabi/6.2.1/../../../../arm-none-eabi/lib/thumb/v6-m\libc_nano.a(lib_a-nano-freer.o)
__malloc_sbrk_start                               c:/program files (x86)/atmel/studio/7.0/toolchain/arm/arm-gnu-toolchain/bin/../lib/gcc/arm-none-eabi/6.2.1/../../../../arm-none-eabi/lib/thumb/v6-m\libc_nano.a(lib_a-nano-mallocr.o)
__malloc_unlock                                   c:/program files (x86)/atmel/studio/7.0/toolchain/arm/arm-gnu-toolchain/bin/../lib/gcc/arm-none-eabi/6.2.1/../../../../arm-none-eabi/lib/thumb/v6-m\libc_nano.a(lib_a-mlock.o)
                                                  c:/program files (x86)/atmel/studio/7.0/toolchain/arm/arm-gnu-toolchain/bin/../lib/gcc/arm-none-eabi/6.2.1/../../../../arm-none-eabi/lib/thumb/v6-m\libc_nano.a(lib_a-nano-mallocr.o)
                                                  c:/program files (x86)/atmel/studio/7.0/toolchain/arm/arm-gnu-toolchain/bin/../lib/gcc/arm-none-eabi/6.2.1/../../../../arm-none-eabi/lib/thumb/v6-m\libc_nano.a(lib_a-nano-freer.o)
__muldi3                                          c:/program files (x86)/atmel/studio/7.0/toolchain/arm/arm-gnu-toolchain/bin/../lib/gcc/arm-none-eabi/6.2.1/thumb/v6-m\libgcc.a(_muldi3.o)
__preinit_array_end                               c:/program files (x86)/atmel/studio/7.0/toolchain/arm/arm-gnu-toolchain/bin/../lib/gcc/arm-none-eabi/6.2.1/../../../../arm-none-eabi/lib/thumb/v6-m\libc_nano.a(lib_a-init.o)
__preinit_array_start                             c:/program files (x86)/atmel/studio/7.0/toolchain/arm/arm-gnu-toolchain/bin/../lib/gcc/arm-none-eabi/6.2.1/../../../../arm-none-eabi/lib/thumb/v6-m\libc_nano.a(lib_a-init.o)
__register_frame_info                             c:/program files (x86)/atmel/studio/7.0/toolchain/arm/arm-gnu-toolchain/bin/../lib/gcc/arm-none-eabi/6.2.1/thumb/v6-m/crtbegin.o
__sclose                                          c:/program files (x86)/atmel/studio/7.0/toolchain/arm/arm-gnu-toolchain/bin/../lib/gcc/arm-none-eabi/6.2.1/../../../../arm-none-eabi/lib/thumb/v6-m\libc_nano.a(lib_a-stdio.o)
                                                  c:/program files (x86)/atmel/studio/7.0/toolchain/arm/arm-gnu-toolchain/bin/../lib/gcc/arm-none-eabi/6.2.1/../../../../arm-none-eabi/lib/thumb/v6-m\libc_nano.a(lib_a-findfp.o)
__seofread                                        c:/program files (x86)/atmel/studio/7.0/toolchain/arm/arm-gnu-toolchain/bin/../lib/gcc/arm-none-eabi/6.2.1/../../../../arm-none-eabi/lib/thumb/v6-m\libc_nano.a(lib_a-stdio.o)
__sf_fake_stderr                                  c:/program files (x86)/atmel/studio/7.0/toolchain/arm/arm-gnu-toolchain/bin/../lib/gcc/arm-none-eabi/6.2.1/../../../../arm-none-eabi/lib/thumb/v6-m\libc_nano.a(lib_a-findfp.o)
                                                  c:/program files (x86)/atmel/studio/7.0/toolchain/arm/arm-gnu-toolchain/bin/../lib/gcc/arm-none-eabi/6.2.1/../../../../arm-none-eabi/lib/thumb/v6-m\libc_nano.a(lib_a-fflush.o)
                                                  c:/program files (x86)/atmel/studio/7.0/toolchain/arm/arm-gnu-toolchain/bin/../lib/gcc/arm-none-eabi/6.2.1/../../../../arm-none-eabi/lib/thumb/v6-m\libc_nano.a(lib_a-wsetup.o)
                                                  c:/program files (x86)/atmel/studio/7.0/toolchain/arm/arm-gnu-toolchain/bin/../lib/gcc/arm-none-eabi/6.2.1/../../../../arm-none-eabi/lib/thumb/v6-m\libc_nano.a(lib_a-wbuf.o)
                                                  c:/program files (x86)/atmel/studio/7.0/toolchain/arm/arm-gnu-toolchain/bin/../lib/gcc/arm-none-eabi/6.2.1/../../../../arm-none-eabi/lib/thumb/v6-m\libc_nano.a(lib_a-setvbuf.o)
                                                  c:/program files (x86)/atmel/studio/7.0/toolchain/arm/arm-gnu-toolchain/bin/../lib/gcc/arm-none-eabi/6.2.1/../../../../arm-none-eabi/lib/thumb/v6-m\libc_nano.a(lib_a-puts.o)